[INFO] Running 11 scenarios | max_workers=4

=== Scenario 1/11: baseline ===
[SHORT] Tickers found: 0
[LONG] Tickers found: 0
[baseline] trades=0 tpd=0.00 pf=0.000 dd=0.00 sum_pnl=0.00 score=-1000000000.0000

=== Scenario 2/11: tight_stops_guard_m3 ===
[SHORT] Tickers found: 0
[LONG] Tickers found: 0
[tight_stops_guard_m3] trades=0 tpd=0.00 pf=0.000 dd=0.00 sum_pnl=0.00 score=-1000000000.0000

=== Scenario 3/11: freq_long_1 ===
[SHORT] Tickers found: 0
[LONG] Tickers found: 0
[freq_long_1] trades=0 tpd=0.00 pf=0.000 dd=0.00 sum_pnl=0.00 score=-1000000000.0000

=== Scenario 4/11: freq_long_2 ===
[SHORT] Tickers found: 0
[LONG] Tickers found: 0
[freq_long_2] trades=0 tpd=0.00 pf=0.000 dd=0.00 sum_pnl=0.00 score=-1000000000.0000

=== Scenario 5/11: freq_balanced_1 ===
[SHORT] Tickers found: 0
[LONG] Tickers found: 0
[freq_balanced_1] trades=0 tpd=0.00 pf=0.000 dd=0.00 sum_pnl=0.00 score=-1000000000.0000

=== Scenario 6/11: freq_balanced_2 ===
[SHORT] Tickers found: 0
[LONG] Tickers found: 0
[freq_balanced_2] trades=0 tpd=0.00 pf=0.000 dd=0.00 sum_pnl=0.00 score=-1000000000.0000

=== Scenario 7/11: quality_low_dd_1 ===
[SHORT] Tickers found: 0
[LONG] Tickers found: 0
[quality_low_dd_1] trades=0 tpd=0.00 pf=0.000 dd=0.00 sum_pnl=0.00 score=-1000000000.0000

=== Scenario 8/11: quality_low_dd_2 ===
[SHORT] Tickers found: 0
[LONG] Tickers found: 0
[quality_low_dd_2] trades=0 tpd=0.00 pf=0.000 dd=0.00 sum_pnl=0.00 score=-1000000000.0000

=== Scenario 9/11: long_bias_1 ===
[SHORT] Tickers found: 0
[LONG] Tickers found: 0
[long_bias_1] trades=0 tpd=0.00 pf=0.000 dd=0.00 sum_pnl=0.00 score=-1000000000.0000

=== Scenario 10/11: long_bias_2 ===
[SHORT] Tickers found: 0
[LONG] Tickers found: 0
[long_bias_2] trades=0 tpd=0.00 pf=0.000 dd=0.00 sum_pnl=0.00 score=-1000000000.0000

=== Scenario 11/11: short_bias_1 ===
[SHORT] Tickers found: 0
[LONG] Tickers found: 0
[short_bias_1] trades=0 tpd=0.00 pf=0.000 dd=0.00 sum_pnl=0.00 score=-1000000000.0000

[OK] Leaderboard saved: C:\Users\Saarit\OneDrive\Desktop\Trading\backtesting\eqidv2\backtesting\eqidv2\outputs\backend_v7_opt_20260306_201022\v7_sweep_walkforward_leaderboard.csv
[WARN] No trades produced by any scenario.
