2026-03-10 09:05:02,839 | INFO    | =================================================================
2026-03-10 09:05:02,839 | INFO    | AVWAP Live Trade Executor V5 - PAPER_TRADE = FALSE
2026-03-10 09:05:02,839 | INFO    |   ***  REAL ORDERS WILL BE PLACED ON ZERODHA  ***
2026-03-10 09:05:02,839 | INFO    |   Mode              : LIVE TRADING
2026-03-10 09:05:02,839 | INFO    |   Max concurrent    : 0
2026-03-10 09:05:02,839 | INFO    |   Signal dir        : C:\Users\Saarit\OneDrive\Desktop\Trading\backtesting\eqidv2\backtesting\eqidv2\live_signals/
2026-03-10 09:05:02,839 | INFO    |   Entry cutoff at   : 15:20:00 IST
2026-03-10 09:05:02,839 | INFO    |   Forced close at   : 15:20:00 IST
2026-03-10 09:05:02,839 | INFO    |   Target policy     : SHORT=0.90% LONG=1.10% (rebased from signal entry)
2026-03-10 09:05:02,839 | INFO    |   Risk limits       : ENABLED (max_open=10, max_margin=Rs.500,000)
2026-03-10 09:05:02,839 | WARNING |   Quantity override : FORCE_ENTRY_QUANTITY=1 (all NEW entries)
2026-03-10 09:05:02,839 | INFO    | =================================================================
2026-03-10 09:05:02,839 | INFO    | Establishing Kite session...
2026-03-10 09:05:02,946 | WARNING | [KITE] Primary session setup failed (app1): Incorrect `api_key` or `access_token`.. Continuing with fallback apps.
2026-03-10 09:05:03,027 | INFO    | [KITE] Session ready: app2 | user=Saarit Shankar Sinha
2026-03-10 09:05:03,122 | INFO    | [KITE] Session ready: app3 | user=Saarit Shankar Sinha
2026-03-10 09:05:03,197 | INFO    | [KITE] Session ready: app4 | user=Saarit Shankar Sinha
2026-03-10 09:05:03,197 | INFO    | Kite primary session established: app2 | user=Saarit Shankar Sinha
2026-03-10 09:05:03,197 | INFO    | [KITE] Session pool active apps: 3
2026-03-10 09:05:03,477 | INFO    | [TICK] Loaded tick sizes for 9287 NSE symbols.
2026-03-10 09:05:03,477 | INFO    | Loaded 0 previously executed signals.
2026-03-10 09:05:03,477 | INFO    | Signal CSV sources: signals_2026-03-10_v7_sweep_short.csv, signals_2026-03-10_v7_sweep_long.csv
2026-03-10 09:05:03,477 | WARNING |   Trade worker cap   : DISABLED (unlimited concurrent workers)
2026-03-10 09:05:03,562 | INFO    | [RESTORE] signals_today=0 executed=0 closed_today=0 open_restored=0 stale_dropped=0 requeued_backlog=0 realized_trades=0 realized_total=Rs.+0.00 deployed_margin=Rs.0.00
2026-03-10 09:05:03,635 | INFO    | [SAFETY] Broker MIS positions match restored runtime state.
2026-03-10 09:05:03,635 | INFO    | Watchdog started - monitoring live_signals\signals_2026-03-10_v7_sweep_short.csv, live_signals\signals_2026-03-10_v7_sweep_long.csv
2026-03-10 11:35:52,387 | INFO    | Signal CSV changed - processing new signals from v7_sweep_short + v7_sweep_long...
2026-03-10 11:35:52,520 | INFO    | [LIVE] Starting trade LT-7f943496-113552: BUY NAVINFLUOR qty=1 | SL=6498.56 TGT=6608.37
2026-03-10 11:35:52,549 | INFO    | [DISPATCH] Launched LIVE trade: LONG NAVINFLUOR @ 6536.47 | reserved_margin=Rs.1,307.29 | ID=7f9434965857
2026-03-10 11:35:52,558 | INFO    | Dispatched 1 new trade(s). Active trades: 1
2026-03-10 11:35:52,639 | INFO    | [LIVE] Entry order placed: BUY NAVINFLUOR ID=260310170877853
2026-03-10 11:35:52,764 | INFO    | [LIVE] Entry filled: NAVINFLUOR @ 6538.0
2026-03-10 11:35:52,935 | INFO    | [LIVE] Exit legs placed for NAVINFLUOR: target_id=260310170877865 sl_id=260310170877869
2026-03-10 12:22:14,764 | INFO    | [LIVE] SL TRIGGERED: NAVINFLUOR @ 6500.0 -> cancelling Target 260310170877865
2026-03-10 12:22:14,832 | INFO    | Cancelled order 260310170877865 (attempt 1)
2026-03-10 12:22:14,852 | INFO    | [LIVE] RESULT LONG NAVINFLUOR | SL | Entry=6538.0 Exit=6500.0 | P&L: Rs.-38.00 (-0.58%) | Day total: Rs.-38.00
2026-03-10 12:36:43,374 | INFO    | Signal CSV changed - processing new signals from v7_sweep_short + v7_sweep_long...
2026-03-10 12:46:09,653 | INFO    | Signal CSV changed - processing new signals from v7_sweep_short + v7_sweep_long...
2026-03-10 12:46:09,671 | INFO    | [LIVE] Starting trade LT-f9e6463e-124609: SELL MOIL qty=1 | SL=278.83 TGT=274.45
2026-03-10 12:46:09,685 | INFO    | [DISPATCH] Launched LIVE trade: SHORT MOIL @ 276.94 | reserved_margin=Rs.55.39 | ID=f9e6463ea047
2026-03-10 12:46:09,685 | INFO    | Dispatched 1 new trade(s). Active trades: 1
2026-03-10 12:46:09,796 | INFO    | [LIVE] Entry order placed: SELL MOIL ID=260310171157042
2026-03-10 12:46:09,981 | INFO    | [LIVE] Entry filled: MOIL @ 276.2
2026-03-10 12:46:10,141 | INFO    | [LIVE] Exit legs placed for MOIL: target_id=260310171157085 sl_id=260310171157099
2026-03-10 13:36:43,358 | INFO    | Signal CSV changed - processing new signals from v7_sweep_short + v7_sweep_long...
2026-03-10 13:46:43,498 | INFO    | Signal CSV changed - processing new signals from v7_sweep_short + v7_sweep_long...
2026-03-10 14:25:37,982 | INFO    | Signal CSV changed - processing new signals from v7_sweep_short + v7_sweep_long...
2026-03-10 14:25:37,997 | INFO    | [LIVE] Starting trade LT-8414bc6a-142537: BUY VINDHYATEL qty=1 | SL=1105.78 TGT=1124.46
2026-03-10 14:25:37,997 | INFO    | [DISPATCH] Launched LIVE trade: LONG VINDHYATEL @ 1112.23 | reserved_margin=Rs.222.45 | ID=8414bc6a9c52
2026-03-10 14:25:38,013 | INFO    | Dispatched 1 new trade(s). Active trades: 2
2026-03-10 14:25:38,072 | INFO    | [LIVE] Entry order placed: BUY VINDHYATEL ID=260310171597737
2026-03-10 14:25:38,169 | INFO    | [LIVE] Entry filled: VINDHYATEL @ 1116.6
2026-03-10 14:25:38,317 | INFO    | [LIVE] Exit legs placed for VINDHYATEL: target_id=260310171597747 sl_id=260310171597750
2026-03-10 14:27:29,529 | INFO    | Signal CSV changed - processing new signals from v7_sweep_short + v7_sweep_long...
2026-03-10 14:27:29,545 | INFO    | [LIVE] Starting trade LT-ae95cc2e-142729: BUY MAZDOCK qty=1 | SL=2436.37 TGT=2477.54
2026-03-10 14:27:29,561 | INFO    | [DISPATCH] Launched LIVE trade: LONG MAZDOCK @ 2450.58 | reserved_margin=Rs.490.12 | ID=ae95cc2ed917
2026-03-10 14:27:29,571 | INFO    | Dispatched 1 new trade(s). Active trades: 3
2026-03-10 14:27:29,617 | INFO    | [LIVE] Entry order placed: BUY MAZDOCK ID=260310171607531
2026-03-10 14:27:29,710 | INFO    | [LIVE] Entry filled: MAZDOCK @ 2451.4
2026-03-10 14:27:29,856 | INFO    | [LIVE] Exit legs placed for MAZDOCK: target_id=260310171607537 sl_id=260310171607543
2026-03-10 14:32:45,238 | INFO    | [LIVE] TARGET HIT: VINDHYATEL @ 1128.8 -> cancelling SL 260310171597750
2026-03-10 14:32:45,299 | INFO    | Cancelled order 260310171597750 (attempt 1)
2026-03-10 14:32:45,320 | INFO    | [LIVE] RESULT LONG VINDHYATEL | TARGET | Entry=1116.6 Exit=1128.8 | P&L: Rs.+12.20 (+1.09%) | Day total: Rs.-25.80
2026-03-10 14:47:43,372 | INFO    | Signal CSV changed - processing new signals from v7_sweep_short + v7_sweep_long...
2026-03-10 15:08:32,485 | INFO    | [LIVE] TARGET HIT: MAZDOCK @ 2478.4 -> cancelling SL 260310171607543
2026-03-10 15:08:32,546 | INFO    | Cancelled order 260310171607543 (attempt 1)
2026-03-10 15:08:32,578 | INFO    | [LIVE] RESULT LONG MAZDOCK | TARGET | Entry=2451.4 Exit=2478.4 | P&L: Rs.+27.00 (+1.10%) | Day total: Rs.+1.20
2026-03-10 15:20:00,842 | WARNING | [EOD.GLOBAL] entry cutoff reached at 15:20:00 IST; EOD flatten in progress
2026-03-10 15:20:00,936 | INFO    | Cancelled order 260310171157085 (attempt 1)
2026-03-10 15:20:01,000 | INFO    | Cancelled order 260310171157099 (attempt 1)
2026-03-10 15:20:01,052 | INFO    | [LIVE] EOD forced close for MOIL
2026-03-10 15:20:01,123 | WARNING | Cancel attempt 1/3 for 260310171157085: Order cannot be cancelled as it is being processed. Try later.
2026-03-10 15:20:03,185 | WARNING | Cancel attempt 2/3 for 260310171157085: Order cannot be cancelled as it is being processed. Try later.
2026-03-10 15:20:05,265 | WARNING | Cancel attempt 3/3 for 260310171157085: Order cannot be cancelled as it is being processed. Try later.
2026-03-10 15:20:05,268 | ERROR   | FAILED to cancel order 260310171157085 after 3 attempts
2026-03-10 15:20:05,325 | WARNING | Cancel attempt 1/3 for 260310171157099: Order cannot be cancelled as it is being processed. Try later.
2026-03-10 15:20:06,123 | WARNING | Cancel attempt 1/3 for 260310171157085: Order cannot be cancelled as it is being processed. Try later.
2026-03-10 15:20:07,622 | WARNING | Cancel attempt 2/3 for 260310171157099: Order cannot be cancelled as it is being processed. Try later.
2026-03-10 15:20:08,188 | WARNING | Cancel attempt 2/3 for 260310171157085: Order cannot be cancelled as it is being processed. Try later.
2026-03-10 15:20:09,684 | WARNING | Cancel attempt 3/3 for 260310171157099: Order cannot be cancelled as it is being processed. Try later.
2026-03-10 15:20:09,684 | ERROR   | FAILED to cancel order 260310171157099 after 3 attempts
2026-03-10 15:20:09,733 | WARNING | [LIVE] Skipping EOD force-close for MOIL: broker_qty=0 (already flat/opposite).
2026-03-10 15:20:09,748 | INFO    | [LIVE] RESULT SHORT MOIL | EOD_FLAT_NO_FORCE_CLOSE | Entry=276.2 Exit=276.2 | P&L: Rs.+0.00 (+0.00%) | Day total: Rs.+1.20
2026-03-10 15:20:10,247 | WARNING | Cancel attempt 3/3 for 260310171157085: Order cannot be cancelled as it is being processed. Try later.
2026-03-10 15:20:10,247 | ERROR   | FAILED to cancel order 260310171157085 after 3 attempts
2026-03-10 15:20:10,310 | WARNING | Cancel attempt 1/3 for 260310171157099: Order cannot be cancelled as it is being processed. Try later.
2026-03-10 15:20:12,372 | WARNING | Cancel attempt 2/3 for 260310171157099: Order cannot be cancelled as it is being processed. Try later.
2026-03-10 15:20:14,435 | WARNING | Cancel attempt 3/3 for 260310171157099: Order cannot be cancelled as it is being processed. Try later.
2026-03-10 15:20:14,435 | ERROR   | FAILED to cancel order 260310171157099 after 3 attempts
2026-03-10 15:27:43,357 | INFO    | Signal CSV changed - processing new signals from v7_sweep_short + v7_sweep_long...
2026-03-10 15:27:43,357 | ERROR   | [SAFETY] New entries blocked: entry cutoff reached at 15:20:00 IST; EOD flatten in progress
2026-03-10 15:30:00,551 | INFO    | Market closed. All trades complete.
2026-03-10 15:30:00,564 | INFO    | =======================================================
2026-03-10 15:30:00,564 | INFO    | DAILY LIVE TRADE SUMMARY
2026-03-10 15:30:00,564 | INFO    |   Total trades : 4
2026-03-10 15:30:00,564 | INFO    |   Wins         : 2
2026-03-10 15:30:00,564 | INFO    |   Losses       : 1
2026-03-10 15:30:00,565 | INFO    |   Win rate     : 50.0%
2026-03-10 15:30:00,565 | INFO    |   Total P&L    : Rs.+1.20
2026-03-10 15:30:00,565 | INFO    | =======================================================
2026-03-10 15:30:00,566 | INFO    | Live trade executor stopped.
