2026-03-11 09:05:03,968 | INFO    | =================================================================
2026-03-11 09:05:03,968 | INFO    | AVWAP Live Trade Executor V5 - PAPER_TRADE = FALSE
2026-03-11 09:05:03,968 | INFO    |   ***  REAL ORDERS WILL BE PLACED ON ZERODHA  ***
2026-03-11 09:05:03,968 | INFO    |   Mode              : LIVE TRADING
2026-03-11 09:05:03,968 | INFO    |   Max concurrent    : 0
2026-03-11 09:05:03,968 | INFO    |   Signal dir        : C:\Users\Saarit\OneDrive\Desktop\Trading\backtesting\eqidv2\backtesting\eqidv2\live_signals/
2026-03-11 09:05:03,968 | INFO    |   Entry cutoff at   : 15:20:00 IST
2026-03-11 09:05:03,968 | INFO    |   Forced close at   : 15:20:00 IST
2026-03-11 09:05:03,968 | INFO    |   Target policy     : SHORT=0.80% LONG=0.90% (rebased from signal entry)
2026-03-11 09:05:03,968 | INFO    |   Risk limits       : ENABLED (max_open=10, max_margin=Rs.500,000)
2026-03-11 09:05:03,968 | WARNING |   Quantity override : FORCE_ENTRY_QUANTITY=1 (all NEW entries)
2026-03-11 09:05:03,968 | INFO    | =================================================================
2026-03-11 09:05:03,968 | INFO    | Establishing Kite session...
2026-03-11 09:05:04,074 | WARNING | [KITE] Primary session setup failed (app1): Incorrect `api_key` or `access_token`.. Continuing with fallback apps.
2026-03-11 09:05:04,161 | INFO    | [KITE] Session ready: app2 | user=Saarit Shankar Sinha
2026-03-11 09:05:04,251 | INFO    | [KITE] Session ready: app3 | user=Saarit Shankar Sinha
2026-03-11 09:05:04,326 | INFO    | [KITE] Session ready: app4 | user=Saarit Shankar Sinha
2026-03-11 09:05:04,326 | INFO    | Kite primary session established: app2 | user=Saarit Shankar Sinha
2026-03-11 09:05:04,326 | INFO    | [KITE] Session pool active apps: 3
2026-03-11 09:05:04,796 | INFO    | [TICK] Loaded tick sizes for 9279 NSE symbols.
2026-03-11 09:05:04,796 | INFO    | Loaded 0 previously executed signals.
2026-03-11 09:05:04,796 | INFO    | Signal CSV sources: signals_2026-03-11_v5_short.csv, signals_2026-03-11_v5_long.csv
2026-03-11 09:05:04,796 | WARNING |   Trade worker cap   : DISABLED (unlimited concurrent workers)
2026-03-11 09:05:04,873 | INFO    | [RESTORE] signals_today=0 executed=0 closed_today=0 open_restored=0 stale_dropped=0 requeued_backlog=0 realized_trades=0 realized_total=Rs.+0.00 deployed_margin=Rs.0.00
2026-03-11 09:05:04,951 | INFO    | [SAFETY] Broker MIS positions match restored runtime state.
2026-03-11 09:05:04,951 | INFO    | Watchdog started - monitoring live_signals\signals_2026-03-11_v5_short.csv, live_signals\signals_2026-03-11_v5_long.csv
2026-03-11 10:34:29,154 | INFO    | Signal CSV changed - processing new signals from v5_short + v5_long...
2026-03-11 10:34:29,218 | INFO    | [LIVE] Starting trade LT-8bd103be-103429: BUY ORCHPHARMA qty=1 | SL=518.3 TGT=526.12
2026-03-11 10:34:29,229 | INFO    | [DISPATCH] Launched LIVE trade: LONG ORCHPHARMA @ 521.43 | reserved_margin=Rs.104.29 | ID=8bd103be4485
2026-03-11 10:34:29,240 | INFO    | Dispatched 1 new trade(s). Active trades: 1
2026-03-11 10:34:29,314 | INFO    | [LIVE] Entry order placed: BUY ORCHPHARMA ID=260311170494743
2026-03-11 10:34:29,442 | INFO    | [LIVE] Entry filled: ORCHPHARMA @ 522.3
2026-03-11 10:34:29,595 | INFO    | [LIVE] Exit legs placed for ORCHPHARMA: target_id=260311170494752 sl_id=260311170494755
2026-03-11 11:18:05,388 | INFO    | Signal CSV changed - processing new signals from v5_short + v5_long...
2026-03-11 11:18:05,398 | INFO    | [LIVE] Starting trade LT-d53b1a2f-111805: BUY IONEXCHANG qty=1 | SL=383.92 TGT=389.72
2026-03-11 11:18:05,404 | INFO    | [DISPATCH] Launched LIVE trade: LONG IONEXCHANG @ 386.24 | reserved_margin=Rs.77.25 | ID=d53b1a2f92f3
2026-03-11 11:18:05,425 | INFO    | Dispatched 1 new trade(s). Active trades: 2
2026-03-11 11:18:05,466 | INFO    | [LIVE] Entry order placed: BUY IONEXCHANG ID=260311170653223
2026-03-11 11:18:05,546 | INFO    | [LIVE] Entry filled: IONEXCHANG @ 386.75
2026-03-11 11:18:05,684 | INFO    | [LIVE] Exit legs placed for IONEXCHANG: target_id=260311170653234 sl_id=260311170653243
2026-03-11 11:18:14,868 | INFO    | [LIVE] SL TRIGGERED: IONEXCHANG @ 385.05 -> cancelling Target 260311170653234
2026-03-11 11:18:14,938 | INFO    | Cancelled order 260311170653234 (attempt 1)
2026-03-11 11:18:14,962 | INFO    | [LIVE] RESULT LONG IONEXCHANG | SL | Entry=386.75 Exit=385.05 | P&L: Rs.-1.70 (-0.44%) | Day total: Rs.-1.70
2026-03-11 12:01:43,278 | INFO    | Signal CSV changed - processing new signals from v5_short + v5_long...
2026-03-11 12:01:43,278 | INFO    | [LIVE] Starting trade LT-0086cef4-120143: SELL AEGISLOG qty=1 | SL=634.22 TGT=624.46
2026-03-11 12:01:43,296 | INFO    | [DISPATCH] Launched LIVE trade: SHORT AEGISLOG @ 629.5 | reserved_margin=Rs.125.90 | ID=0086cef47ecf
2026-03-11 12:01:43,309 | INFO    | Dispatched 1 new trade(s). Active trades: 2
2026-03-11 12:01:43,360 | INFO    | [LIVE] Entry order placed: SELL AEGISLOG ID=260311170804456
2026-03-11 12:01:43,435 | INFO    | [LIVE] Entry filled: AEGISLOG @ 629.1
2026-03-11 12:01:43,590 | INFO    | [LIVE] Exit legs placed for AEGISLOG: target_id=260311170804465 sl_id=260311170804469
2026-03-11 12:14:28,404 | INFO    | Signal CSV changed - processing new signals from v5_short + v5_long...
2026-03-11 12:14:28,406 | INFO    | [LIVE] Starting trade LT-d6da171d-121428: BUY GRAPHITE qty=1 | SL=654.52 TGT=664.4
2026-03-11 12:14:28,428 | INFO    | [DISPATCH] Launched LIVE trade: LONG GRAPHITE @ 658.47 | reserved_margin=Rs.131.69 | ID=d6da171dd10c
2026-03-11 12:14:28,436 | INFO    | Dispatched 1 new trade(s). Active trades: 3
2026-03-11 12:14:28,482 | INFO    | [LIVE] Entry order placed: BUY GRAPHITE ID=260311170842417
2026-03-11 12:14:28,572 | INFO    | [LIVE] Entry filled: GRAPHITE @ 658.95
2026-03-11 12:14:28,716 | INFO    | [LIVE] Exit legs placed for GRAPHITE: target_id=260311170842430 sl_id=260311170842433
2026-03-11 12:27:38,107 | INFO    | [LIVE] TARGET HIT: AEGISLOG @ 624.05 -> cancelling SL 260311170804469
2026-03-11 12:27:38,171 | INFO    | Cancelled order 260311170804469 (attempt 1)
2026-03-11 12:27:38,205 | INFO    | [LIVE] RESULT SHORT AEGISLOG | TARGET | Entry=629.1 Exit=624.05 | P&L: Rs.+5.05 (+0.80%) | Day total: Rs.+3.35
2026-03-11 12:34:51,106 | INFO    | [LIVE] SL TRIGGERED: ORCHPHARMA @ 518.75 -> cancelling Target 260311170494752
2026-03-11 12:34:51,186 | INFO    | Cancelled order 260311170494752 (attempt 1)
2026-03-11 12:34:51,210 | INFO    | [LIVE] RESULT LONG ORCHPHARMA | SL | Entry=522.3 Exit=518.75 | P&L: Rs.-3.55 (-0.68%) | Day total: Rs.-0.20
2026-03-11 12:52:30,997 | INFO    | Signal CSV changed - processing new signals from v5_short + v5_long...
2026-03-11 12:52:31,015 | INFO    | [LIVE] Starting trade LT-619ed7d5-125231: BUY NEULANDLAB qty=1 | SL=12931.18 TGT=13126.32
2026-03-11 12:52:31,029 | INFO    | [DISPATCH] Launched LIVE trade: LONG NEULANDLAB @ 13009.24 | reserved_margin=Rs.2,601.85 | ID=619ed7d537c2
2026-03-11 12:52:31,044 | INFO    | Dispatched 1 new trade(s). Active trades: 2
2026-03-11 12:52:31,075 | INFO    | [LIVE] Entry order placed: BUY NEULANDLAB ID=260311170942496
2026-03-11 12:52:31,185 | INFO    | [LIVE] Entry filled: NEULANDLAB @ 13024.0
2026-03-11 12:52:31,327 | INFO    | [LIVE] Exit legs placed for NEULANDLAB: target_id=260311170942502 sl_id=260311170942507
2026-03-11 13:00:46,843 | INFO    | Signal CSV changed - processing new signals from v5_short + v5_long...
2026-03-11 13:00:46,864 | INFO    | [LIVE] Starting trade LT-17765753-130046: SELL HDFCBANK qty=1 | SL=834.31 TGT=821.48
2026-03-11 13:00:46,876 | INFO    | [DISPATCH] Launched LIVE trade: SHORT HDFCBANK @ 828.1 | reserved_margin=Rs.165.62 | ID=177657533a0b
2026-03-11 13:00:46,888 | INFO    | Dispatched 1 new trade(s). Active trades: 3
2026-03-11 13:00:46,932 | INFO    | [LIVE] Entry order placed: SELL HDFCBANK ID=260311170961562
2026-03-11 13:00:47,099 | INFO    | [LIVE] Entry filled: HDFCBANK @ 828.0
2026-03-11 13:00:47,255 | INFO    | [LIVE] Exit legs placed for HDFCBANK: target_id=260311170961575 sl_id=260311170961580
2026-03-11 13:12:34,418 | INFO    | [LIVE] SL TRIGGERED: NEULANDLAB @ 12938.0 -> cancelling Target 260311170942502
2026-03-11 13:12:34,491 | INFO    | Cancelled order 260311170942502 (attempt 1)
2026-03-11 13:12:34,515 | INFO    | [LIVE] RESULT LONG NEULANDLAB | SL | Entry=13024.0 Exit=12938.0 | P&L: Rs.-86.00 (-0.66%) | Day total: Rs.-86.20
2026-03-11 13:14:11,971 | INFO    | [LIVE] SL TRIGGERED: GRAPHITE @ 655.05 -> cancelling Target 260311170842430
2026-03-11 13:14:12,029 | INFO    | Cancelled order 260311170842430 (attempt 1)
2026-03-11 13:14:12,061 | INFO    | [LIVE] RESULT LONG GRAPHITE | SL | Entry=658.95 Exit=655.05 | P&L: Rs.-3.90 (-0.59%) | Day total: Rs.-90.10
2026-03-11 13:45:41,638 | INFO    | Signal CSV changed - processing new signals from v5_short + v5_long...
2026-03-11 13:45:41,650 | INFO    | [LIVE] Starting trade LT-98ec5879-134541: SELL GODREJCP qty=1 | SL=1103.51 TGT=1086.54
2026-03-11 13:45:41,667 | INFO    | [DISPATCH] Launched LIVE trade: SHORT GODREJCP @ 1095.3 | reserved_margin=Rs.219.06 | ID=98ec5879b4c7
2026-03-11 13:45:41,677 | INFO    | Dispatched 1 new trade(s). Active trades: 2
2026-03-11 13:45:41,718 | INFO    | [LIVE] Entry order placed: SELL GODREJCP ID=260311171102997
2026-03-11 13:45:41,821 | INFO    | [LIVE] Entry filled: GODREJCP @ 1095.3
2026-03-11 13:45:41,997 | INFO    | [LIVE] Exit legs placed for GODREJCP: target_id=260311171103001 sl_id=260311171103006
2026-03-11 13:55:06,718 | INFO    | Signal CSV changed - processing new signals from v5_short + v5_long...
2026-03-11 14:29:05,310 | INFO    | [LIVE] SL TRIGGERED: GODREJCP @ 1103.9 -> cancelling Target 260311171103001
2026-03-11 14:29:05,372 | INFO    | Cancelled order 260311171103001 (attempt 1)
2026-03-11 14:29:05,387 | INFO    | [LIVE] RESULT SHORT GODREJCP | SL | Entry=1095.3 Exit=1103.9 | P&L: Rs.-8.60 (-0.79%) | Day total: Rs.-98.70
2026-03-11 14:30:12,842 | INFO    | [LIVE] SL TRIGGERED: HDFCBANK @ 834.2 -> cancelling Target 260311170961575
2026-03-11 14:30:12,905 | INFO    | Cancelled order 260311170961575 (attempt 1)
2026-03-11 14:30:12,936 | INFO    | [LIVE] RESULT SHORT HDFCBANK | SL | Entry=828.0 Exit=834.2 | P&L: Rs.-6.20 (-0.75%) | Day total: Rs.-104.90
2026-03-11 14:53:54,216 | INFO    | Signal CSV changed - processing new signals from v5_short + v5_long...
2026-03-11 15:20:00,550 | WARNING | [EOD.GLOBAL] entry cutoff reached at 15:20:00 IST; EOD flatten in progress
2026-03-11 15:30:00,525 | INFO    | Market closed. All trades complete.
2026-03-11 15:30:00,540 | INFO    | =======================================================
2026-03-11 15:30:00,540 | INFO    | DAILY LIVE TRADE SUMMARY
2026-03-11 15:30:00,540 | INFO    |   Total trades : 7
2026-03-11 15:30:00,540 | INFO    |   Wins         : 1
2026-03-11 15:30:00,540 | INFO    |   Losses       : 6
2026-03-11 15:30:00,540 | INFO    |   Win rate     : 14.3%
2026-03-11 15:30:00,540 | INFO    |   Total P&L    : Rs.-104.90
2026-03-11 15:30:00,540 | INFO    | =======================================================
2026-03-11 15:30:00,540 | INFO    | Live trade executor stopped.
