2026-03-10 09:05:02,839 | INFO    | =================================================================
2026-03-10 09:05:02,839 | INFO    | AVWAP Live Trade Executor V5 - PAPER_TRADE = FALSE
2026-03-10 09:05:02,839 | INFO    |   ***  REAL ORDERS WILL BE PLACED ON ZERODHA  ***
2026-03-10 09:05:02,839 | INFO    |   Mode              : LIVE TRADING
2026-03-10 09:05:02,839 | INFO    |   Max concurrent    : 0
2026-03-10 09:05:02,839 | INFO    |   Signal dir        : C:\Users\Saarit\OneDrive\Desktop\Trading\backtesting\eqidv2\backtesting\eqidv2\live_signals/
2026-03-10 09:05:02,839 | INFO    |   Entry cutoff at   : 15:20:00 IST
2026-03-10 09:05:02,839 | INFO    |   Forced close at   : 15:20:00 IST
2026-03-10 09:05:02,839 | INFO    |   Target policy     : SHORT=0.80% LONG=0.90% (rebased from signal entry)
2026-03-10 09:05:02,839 | INFO    |   Risk limits       : ENABLED (max_open=10, max_margin=Rs.500,000)
2026-03-10 09:05:02,839 | WARNING |   Quantity override : FORCE_ENTRY_QUANTITY=1 (all NEW entries)
2026-03-10 09:05:02,839 | INFO    | =================================================================
2026-03-10 09:05:02,839 | INFO    | Establishing Kite session...
2026-03-10 09:05:02,946 | WARNING | [KITE] Primary session setup failed (app1): Incorrect `api_key` or `access_token`.. Continuing with fallback apps.
2026-03-10 09:05:03,024 | INFO    | [KITE] Session ready: app2 | user=Saarit Shankar Sinha
2026-03-10 09:05:03,121 | INFO    | [KITE] Session ready: app3 | user=Saarit Shankar Sinha
2026-03-10 09:05:03,215 | INFO    | [KITE] Session ready: app4 | user=Saarit Shankar Sinha
2026-03-10 09:05:03,215 | INFO    | Kite primary session established: app2 | user=Saarit Shankar Sinha
2026-03-10 09:05:03,215 | INFO    | [KITE] Session pool active apps: 3
2026-03-10 09:05:03,461 | INFO    | [TICK] Loaded tick sizes for 9287 NSE symbols.
2026-03-10 09:05:03,461 | INFO    | Loaded 0 previously executed signals.
2026-03-10 09:05:03,461 | INFO    | Signal CSV sources: signals_2026-03-10_v5_short.csv, signals_2026-03-10_v5_long.csv
2026-03-10 09:05:03,461 | WARNING |   Trade worker cap   : DISABLED (unlimited concurrent workers)
2026-03-10 09:05:03,542 | INFO    | [RESTORE] signals_today=0 executed=0 closed_today=0 open_restored=0 stale_dropped=0 requeued_backlog=0 realized_trades=0 realized_total=Rs.+0.00 deployed_margin=Rs.0.00
2026-03-10 09:05:03,619 | INFO    | [SAFETY] Broker MIS positions match restored runtime state.
2026-03-10 09:05:03,619 | INFO    | Watchdog started - monitoring live_signals\signals_2026-03-10_v5_short.csv, live_signals\signals_2026-03-10_v5_long.csv
2026-03-10 14:25:38,200 | INFO    | Signal CSV changed - processing new signals from v5_short + v5_long...
2026-03-10 14:25:38,342 | INFO    | [LIVE] Starting trade LT-8414bc6a-142538: BUY VINDHYATEL qty=1 | SL=1105.56 TGT=1122.24
2026-03-10 14:25:38,358 | INFO    | [DISPATCH] Launched LIVE trade: LONG VINDHYATEL @ 1112.23 | reserved_margin=Rs.222.45 | ID=8414bc6a9c52
2026-03-10 14:25:38,374 | INFO    | Dispatched 1 new trade(s). Active trades: 1
2026-03-10 14:25:38,461 | INFO    | [LIVE] Entry order placed: BUY VINDHYATEL ID=260310171597759
2026-03-10 14:25:38,561 | INFO    | [LIVE] Entry filled: VINDHYATEL @ 1116.5
2026-03-10 14:25:38,715 | INFO    | [LIVE] Exit legs placed for VINDHYATEL: target_id=260310171597770 sl_id=260310171597778
2026-03-10 14:27:29,872 | INFO    | Signal CSV changed - processing new signals from v5_short + v5_long...
2026-03-10 14:27:29,881 | INFO    | [LIVE] Starting trade LT-ae95cc2e-142729: BUY MAZDOCK qty=1 | SL=2435.88 TGT=2472.64
2026-03-10 14:27:29,888 | INFO    | [DISPATCH] Launched LIVE trade: LONG MAZDOCK @ 2450.58 | reserved_margin=Rs.490.12 | ID=ae95cc2ed917
2026-03-10 14:27:29,888 | INFO    | Dispatched 1 new trade(s). Active trades: 2
2026-03-10 14:27:29,949 | INFO    | [LIVE] Entry order placed: BUY MAZDOCK ID=260310171607547
2026-03-10 14:27:30,030 | INFO    | [LIVE] Entry filled: MAZDOCK @ 2451.4
2026-03-10 14:27:30,189 | INFO    | [LIVE] Exit legs placed for MAZDOCK: target_id=260310171607557 sl_id=260310171607563
2026-03-10 14:32:45,231 | INFO    | [LIVE] TARGET HIT: VINDHYATEL @ 1126.5 -> cancelling SL 260310171597778
2026-03-10 14:32:45,293 | INFO    | Cancelled order 260310171597778 (attempt 1)
2026-03-10 14:32:45,311 | INFO    | [LIVE] RESULT LONG VINDHYATEL | TARGET | Entry=1116.5 Exit=1126.5 | P&L: Rs.+10.00 (+0.90%) | Day total: Rs.+10.00
2026-03-10 15:06:07,872 | INFO    | [LIVE] TARGET HIT: MAZDOCK @ 2473.5 -> cancelling SL 260310171607563
2026-03-10 15:06:07,934 | INFO    | Cancelled order 260310171607563 (attempt 1)
2026-03-10 15:06:07,951 | INFO    | [LIVE] RESULT LONG MAZDOCK | TARGET | Entry=2451.4 Exit=2473.5 | P&L: Rs.+22.10 (+0.90%) | Day total: Rs.+32.10
2026-03-10 15:20:00,837 | WARNING | [EOD.GLOBAL] entry cutoff reached at 15:20:00 IST; EOD flatten in progress
2026-03-10 15:27:43,357 | INFO    | Signal CSV changed - processing new signals from v5_short + v5_long...
2026-03-10 15:27:43,360 | ERROR   | [SAFETY] New entries blocked: entry cutoff reached at 15:20:00 IST; EOD flatten in progress
2026-03-10 15:30:00,164 | INFO    | Market closed. All trades complete.
2026-03-10 15:30:00,170 | INFO    | =======================================================
2026-03-10 15:30:00,170 | INFO    | DAILY LIVE TRADE SUMMARY
2026-03-10 15:30:00,170 | INFO    |   Total trades : 2
2026-03-10 15:30:00,170 | INFO    |   Wins         : 2
2026-03-10 15:30:00,170 | INFO    |   Losses       : 0
2026-03-10 15:30:00,170 | INFO    |   Win rate     : 100.0%
2026-03-10 15:30:00,170 | INFO    |   Total P&L    : Rs.+32.10
2026-03-10 15:30:00,170 | INFO    | =======================================================
2026-03-10 15:30:00,170 | INFO    | Live trade executor stopped.
