2026-03-06 09:05:02,741 | INFO    | =================================================================
2026-03-06 09:05:02,741 | INFO    | AVWAP Live Trade Executor V5 - PAPER_TRADE = FALSE
2026-03-06 09:05:02,741 | INFO    |   ***  REAL ORDERS WILL BE PLACED ON ZERODHA  ***
2026-03-06 09:05:02,742 | INFO    |   Mode              : LIVE TRADING
2026-03-06 09:05:02,742 | INFO    |   Max concurrent    : 0
2026-03-06 09:05:02,742 | INFO    |   Signal dir        : C:\Users\Saarit\OneDrive\Desktop\Trading\backtesting\eqidv2\backtesting\eqidv2\live_signals/
2026-03-06 09:05:02,744 | INFO    |   Entry cutoff at   : 15:20:00 IST
2026-03-06 09:05:02,744 | INFO    |   Forced close at   : 15:20:00 IST
2026-03-06 09:05:02,744 | INFO    |   Target policy     : SHORT=0.90% LONG=1.10% (rebased from signal entry)
2026-03-06 09:05:02,744 | INFO    |   Risk limits       : ENABLED (max_open=10, max_margin=Rs.500,000)
2026-03-06 09:05:02,744 | WARNING |   Quantity override : FORCE_ENTRY_QUANTITY=1 (all NEW entries)
2026-03-06 09:05:02,744 | INFO    | =================================================================
2026-03-06 09:05:02,744 | INFO    | Establishing Kite session...
2026-03-06 09:05:02,862 | WARNING | [KITE] Primary session setup failed (app1): Incorrect `api_key` or `access_token`.. Continuing with fallback apps.
2026-03-06 09:05:02,972 | INFO    | [KITE] Session ready: app2 | user=Saarit Shankar Sinha
2026-03-06 09:05:03,092 | INFO    | [KITE] Session ready: app3 | user=Saarit Shankar Sinha
2026-03-06 09:05:03,190 | INFO    | [KITE] Session ready: app4 | user=Saarit Shankar Sinha
2026-03-06 09:05:03,190 | INFO    | Kite primary session established: app2 | user=Saarit Shankar Sinha
2026-03-06 09:05:03,190 | INFO    | [KITE] Session pool active apps: 3
2026-03-06 09:05:03,349 | INFO    | [TICK] Loaded tick sizes for 9276 NSE symbols.
2026-03-06 09:05:03,349 | INFO    | Loaded 0 previously executed signals.
2026-03-06 09:05:03,356 | INFO    | Signal CSV sources: signals_2026-03-06_v5_short.csv, signals_2026-03-06_v5_long.csv
2026-03-06 09:05:03,356 | WARNING |   Trade worker cap   : DISABLED (unlimited concurrent workers)
2026-03-06 09:05:03,425 | INFO    | [RESTORE] signals_today=0 executed=0 closed_today=0 open_restored=0 stale_dropped=0 requeued_backlog=0 realized_trades=0 realized_total=Rs.+0.00 deployed_margin=Rs.0.00
2026-03-06 09:05:03,518 | INFO    | [SAFETY] Broker MIS positions match restored runtime state.
2026-03-06 09:05:03,519 | INFO    | Watchdog started - monitoring live_signals\signals_2026-03-06_v5_short.csv, live_signals\signals_2026-03-06_v5_long.csv
2026-03-06 13:16:33,851 | INFO    | Signal CSV changed - processing new signals from v5_short + v5_long...
2026-03-06 13:16:33,998 | INFO    | [LIVE] Starting trade LT-88b4ca97-131633: SELL ROSSARI qty=1 | SL=471.01 TGT=463.29
2026-03-06 13:16:34,021 | INFO    | [DISPATCH] Launched LIVE trade: SHORT ROSSARI @ 467.5 | reserved_margin=Rs.93.50 | ID=88b4ca975626
2026-03-06 13:16:34,035 | INFO    | Dispatched 1 new trade(s). Active trades: 1
2026-03-06 13:16:34,108 | INFO    | [LIVE] Entry order placed: SELL ROSSARI ID=260306170882334
2026-03-06 13:16:34,234 | INFO    | [LIVE] Entry filled: ROSSARI @ 467.45
2026-03-06 13:16:34,392 | INFO    | [LIVE] Exit legs placed for ROSSARI: target_id=260306170882347 sl_id=260306170882353
2026-03-06 14:16:51,125 | INFO    | Signal CSV changed - processing new signals from v5_short + v5_long...
2026-03-06 15:16:51,286 | INFO    | Signal CSV changed - processing new signals from v5_short + v5_long...
2026-03-06 15:20:00,032 | WARNING | [EOD.GLOBAL] entry cutoff reached at 15:20:00 IST; EOD flatten in progress
2026-03-06 15:20:00,129 | INFO    | Cancelled order 260306170882347 (attempt 1)
2026-03-06 15:20:00,190 | INFO    | Cancelled order 260306170882353 (attempt 1)
2026-03-06 15:20:00,937 | INFO    | [LIVE] EOD forced close for ROSSARI
2026-03-06 15:20:01,004 | WARNING | Cancel attempt 1/3 for 260306170882347: Order cannot be cancelled as it is being processed. Try later.
2026-03-06 15:20:03,062 | WARNING | Cancel attempt 2/3 for 260306170882347: Order cannot be cancelled as it is being processed. Try later.
2026-03-06 15:20:05,123 | WARNING | Cancel attempt 3/3 for 260306170882347: Order cannot be cancelled as it is being processed. Try later.
2026-03-06 15:20:05,123 | ERROR   | FAILED to cancel order 260306170882347 after 3 attempts
2026-03-06 15:20:05,188 | WARNING | Cancel attempt 1/3 for 260306170882353: Order cannot be cancelled as it is being processed. Try later.
2026-03-06 15:20:05,289 | WARNING | Cancel attempt 1/3 for 260306170882347: Order cannot be cancelled as it is being processed. Try later.
2026-03-06 15:20:07,248 | WARNING | Cancel attempt 2/3 for 260306170882353: Order cannot be cancelled as it is being processed. Try later.
2026-03-06 15:20:07,358 | WARNING | Cancel attempt 2/3 for 260306170882347: Order cannot be cancelled as it is being processed. Try later.
2026-03-06 15:20:09,377 | WARNING | Cancel attempt 3/3 for 260306170882353: Order cannot be cancelled as it is being processed. Try later.
2026-03-06 15:20:09,377 | ERROR   | FAILED to cancel order 260306170882353 after 3 attempts
2026-03-06 15:20:09,419 | WARNING | [LIVE] Skipping EOD force-close for ROSSARI: broker_qty=0 (already flat/opposite).
2026-03-06 15:20:09,435 | INFO    | [LIVE] RESULT SHORT ROSSARI | EOD_FLAT_NO_FORCE_CLOSE | Entry=467.45 Exit=467.45 | P&L: Rs.+0.00 (+0.00%) | Day total: Rs.+0.00
2026-03-06 15:20:09,498 | WARNING | Cancel attempt 3/3 for 260306170882347: Order cannot be cancelled as it is being processed. Try later.
2026-03-06 15:20:09,498 | ERROR   | FAILED to cancel order 260306170882347 after 3 attempts
2026-03-06 15:20:09,545 | WARNING | Cancel attempt 1/3 for 260306170882353: Order cannot be cancelled as it is being processed. Try later.
2026-03-06 15:20:11,623 | WARNING | Cancel attempt 2/3 for 260306170882353: Order cannot be cancelled as it is being processed. Try later.
2026-03-06 15:20:13,686 | WARNING | Cancel attempt 3/3 for 260306170882353: Order cannot be cancelled as it is being processed. Try later.
2026-03-06 15:20:13,686 | ERROR   | FAILED to cancel order 260306170882353 after 3 attempts
2026-03-06 15:30:00,020 | INFO    | Market closed. All trades complete.
2026-03-06 15:30:00,037 | INFO    | =======================================================
2026-03-06 15:30:00,037 | INFO    | DAILY LIVE TRADE SUMMARY
2026-03-06 15:30:00,037 | INFO    |   Total trades : 1
2026-03-06 15:30:00,037 | INFO    |   Wins         : 0
2026-03-06 15:30:00,037 | INFO    |   Losses       : 0
2026-03-06 15:30:00,037 | INFO    |   Win rate     : 0.0%
2026-03-06 15:30:00,037 | INFO    |   Total P&L    : Rs.+0.00
2026-03-06 15:30:00,037 | INFO    | =======================================================
2026-03-06 15:30:00,037 | INFO    | Live trade executor stopped.
