2026-03-13 09:05:03,156 | INFO    | =================================================================
2026-03-13 09:05:03,156 | INFO    | AVWAP Live Trade Executor V5 - PAPER_TRADE = FALSE
2026-03-13 09:05:03,156 | INFO    |   ***  REAL ORDERS WILL BE PLACED ON ZERODHA  ***
2026-03-13 09:05:03,156 | INFO    |   Mode              : LIVE TRADING
2026-03-13 09:05:03,156 | INFO    |   Max concurrent    : 0
2026-03-13 09:05:03,156 | INFO    |   Signal dir        : C:\Users\Saarit\OneDrive\Desktop\Trading\backtesting\eqidv2\backtesting\eqidv2\live_signals/
2026-03-13 09:05:03,157 | INFO    |   Entry cutoff at   : 15:20:00 IST
2026-03-13 09:05:03,157 | INFO    |   Forced close at   : 15:20:00 IST
2026-03-13 09:05:03,157 | INFO    |   Target policy     : SHORT=0.80% LONG=0.90% (rebased from signal entry)
2026-03-13 09:05:03,157 | INFO    |   Risk limits       : ENABLED (max_open=10, max_margin=Rs.500,000)
2026-03-13 09:05:03,157 | WARNING |   Quantity override : FORCE_ENTRY_QUANTITY=1 (all NEW entries)
2026-03-13 09:05:03,157 | INFO    | =================================================================
2026-03-13 09:05:03,157 | INFO    | Establishing Kite session...
2026-03-13 09:05:03,258 | WARNING | [KITE] Primary session setup failed (app1): Incorrect `api_key` or `access_token`.. Continuing with fallback apps.
2026-03-13 09:05:03,321 | INFO    | [KITE] Session ready: app2 | user=Saarit Shankar Sinha
2026-03-13 09:05:03,415 | INFO    | [KITE] Session ready: app3 | user=Saarit Shankar Sinha
2026-03-13 09:05:03,495 | INFO    | [KITE] Session ready: app4 | user=Saarit Shankar Sinha
2026-03-13 09:05:03,495 | INFO    | Kite primary session established: app2 | user=Saarit Shankar Sinha
2026-03-13 09:05:03,496 | INFO    | [KITE] Session pool active apps: 3
2026-03-13 09:05:03,660 | INFO    | [TICK] Loaded tick sizes for 9315 NSE symbols.
2026-03-13 09:05:03,662 | INFO    | Loaded 0 previously executed signals.
2026-03-13 09:05:03,663 | INFO    | Signal CSV sources: signals_2026-03-13_v5_short.csv, signals_2026-03-13_v5_long.csv
2026-03-13 09:05:03,663 | WARNING |   Trade worker cap   : DISABLED (unlimited concurrent workers)
2026-03-13 09:05:03,742 | INFO    | [RESTORE] signals_today=0 executed=0 closed_today=0 open_restored=0 stale_dropped=0 requeued_backlog=0 realized_trades=0 realized_total=Rs.+0.00 deployed_margin=Rs.0.00
2026-03-13 09:05:03,883 | INFO    | [SAFETY] Broker MIS positions match restored runtime state.
2026-03-13 09:05:03,883 | INFO    | Watchdog started - monitoring live_signals\signals_2026-03-13_v5_short.csv, live_signals\signals_2026-03-13_v5_long.csv
2026-03-13 10:30:49,947 | INFO    | Signal CSV changed - processing new signals from v5_short + v5_long...
2026-03-13 10:30:50,287 | INFO    | [LIVE] Starting trade LT-8b26e830-103050: SELL HEROMOTOCO qty=1 | SL=5248.53 TGT=5167.78
2026-03-13 10:30:50,367 | INFO    | [DISPATCH] Launched LIVE trade: SHORT HEROMOTOCO @ 5209.46 | reserved_margin=Rs.1,041.89 | ID=8b26e830f263
2026-03-13 10:30:50,398 | INFO    | Dispatched 1 new trade(s). Active trades: 1
2026-03-13 10:30:50,421 | INFO    | [LIVE] Entry order placed: SELL HEROMOTOCO ID=260313170555067
2026-03-13 10:30:50,572 | INFO    | [LIVE] Entry filled: HEROMOTOCO @ 5192.5
2026-03-13 10:30:50,711 | INFO    | [LIVE] Exit legs placed for HEROMOTOCO: target_id=260313170555100 sl_id=260313170555103
2026-03-13 10:30:58,431 | INFO    | Signal CSV changed - processing new signals from v5_short + v5_long...
2026-03-13 10:30:58,434 | INFO    | [LIVE] Starting trade LT-31a33ddb-103058: SELL IPL qty=1 | SL=144.63 TGT=142.4
2026-03-13 10:30:58,455 | INFO    | [DISPATCH] Launched LIVE trade: SHORT IPL @ 143.55 | reserved_margin=Rs.28.71 | ID=31a33ddb5718
2026-03-13 10:30:58,460 | INFO    | Dispatched 1 new trade(s). Active trades: 2
2026-03-13 10:30:58,492 | INFO    | [LIVE] Entry order placed: SELL IPL ID=260313170555639
2026-03-13 10:30:58,628 | INFO    | [LIVE] Entry filled: IPL @ 143.05
2026-03-13 10:30:58,775 | INFO    | [LIVE] Exit legs placed for IPL: target_id=260313170555648 sl_id=260313170555655
2026-03-13 10:31:04,884 | INFO    | Signal CSV changed - processing new signals from v5_short + v5_long...
2026-03-13 10:31:04,902 | INFO    | [LIVE] Starting trade LT-da329afd-103104: SELL KINGFA qty=1 | SL=4058.3 TGT=3995.87
2026-03-13 10:31:04,914 | INFO    | [DISPATCH] Launched LIVE trade: SHORT KINGFA @ 4028.09 | reserved_margin=Rs.805.62 | ID=da329afde74d
2026-03-13 10:31:04,914 | INFO    | Dispatched 1 new trade(s). Active trades: 3
2026-03-13 10:31:04,961 | INFO    | [LIVE] Entry order placed: SELL KINGFA ID=260313170556053
2026-03-13 10:31:05,087 | INFO    | [LIVE] Entry filled: KINGFA @ 4025.1
2026-03-13 10:31:05,242 | INFO    | [LIVE] Exit legs placed for KINGFA: target_id=260313170556061 sl_id=260313170556070
2026-03-13 10:31:19,790 | INFO    | Signal CSV changed - processing new signals from v5_short + v5_long...
2026-03-13 10:31:19,805 | INFO    | [LIVE] Starting trade LT-fdebb763-103119: SELL NYKAA qty=1 | SL=240.79 TGT=237.09
2026-03-13 10:31:19,805 | INFO    | [DISPATCH] Launched LIVE trade: SHORT NYKAA @ 239.0 | reserved_margin=Rs.47.80 | ID=fdebb7632daf
2026-03-13 10:31:19,821 | INFO    | Dispatched 1 new trade(s). Active trades: 4
2026-03-13 10:31:19,882 | INFO    | [LIVE] Entry order placed: SELL NYKAA ID=260313170557017
2026-03-13 10:31:20,010 | INFO    | [LIVE] Entry filled: NYKAA @ 238.9
2026-03-13 10:31:20,180 | INFO    | [LIVE] Exit legs placed for NYKAA: target_id=260313170557025 sl_id=260313170557033
2026-03-13 10:45:55,664 | INFO    | Signal CSV changed - processing new signals from v5_short + v5_long...
2026-03-13 10:45:55,841 | INFO    | [LIVE] Starting trade LT-5fc7fbfd-104555: SELL IDBI qty=1 | SL=94.93 TGT=93.47
2026-03-13 10:45:55,854 | INFO    | [DISPATCH] Launched LIVE trade: SHORT IDBI @ 94.22 | reserved_margin=Rs.18.84 | ID=5fc7fbfdfb08
2026-03-13 10:45:55,865 | INFO    | Dispatched 1 new trade(s). Active trades: 5
2026-03-13 10:45:55,899 | INFO    | [LIVE] Entry order placed: SELL IDBI ID=260313170612789
2026-03-13 10:45:56,040 | INFO    | [LIVE] Entry filled: IDBI @ 94.2
2026-03-13 10:45:56,194 | INFO    | [LIVE] Exit legs placed for IDBI: target_id=260313170612806 sl_id=260313170612809
2026-03-13 10:47:17,461 | INFO    | Signal CSV changed - processing new signals from v5_short + v5_long...
2026-03-13 10:47:17,477 | INFO    | [LIVE] Starting trade LT-7e4f9130-104717: SELL CANBK qty=1 | SL=136.64 TGT=134.54
2026-03-13 10:47:17,493 | INFO    | [DISPATCH] Launched LIVE trade: SHORT CANBK @ 135.62 | reserved_margin=Rs.27.12 | ID=7e4f9130271d
2026-03-13 10:47:17,509 | INFO    | Dispatched 1 new trade(s). Active trades: 6
2026-03-13 10:47:17,554 | INFO    | [LIVE] Entry order placed: SELL CANBK ID=260313170616866
2026-03-13 10:47:17,695 | INFO    | [LIVE] Entry filled: CANBK @ 135.61
2026-03-13 10:47:17,859 | INFO    | [LIVE] Exit legs placed for CANBK: target_id=260313170616871 sl_id=260313170616872
2026-03-13 11:28:34,649 | INFO    | [LIVE] SL TRIGGERED: CANBK @ 136.65 -> cancelling Target 260313170616871
2026-03-13 11:28:34,745 | INFO    | Cancelled order 260313170616871 (attempt 1)
2026-03-13 11:28:34,762 | INFO    | [LIVE] RESULT SHORT CANBK | SL | Entry=135.61 Exit=136.65 | P&L: Rs.-1.04 (-0.77%) | Day total: Rs.-1.04
2026-03-13 11:28:43,875 | INFO    | [LIVE] SL TRIGGERED: NYKAA @ 240.7 -> cancelling Target 260313170557025
2026-03-13 11:28:43,945 | INFO    | Cancelled order 260313170557025 (attempt 1)
2026-03-13 11:28:43,977 | INFO    | [LIVE] RESULT SHORT NYKAA | SL | Entry=238.9 Exit=240.7 | P&L: Rs.-1.80 (-0.75%) | Day total: Rs.-2.84
2026-03-13 11:28:53,070 | INFO    | [LIVE] SL TRIGGERED: HEROMOTOCO @ 5232.0 -> cancelling Target 260313170555100
2026-03-13 11:28:53,170 | INFO    | Cancelled order 260313170555100 (attempt 1)
2026-03-13 11:28:53,196 | INFO    | [LIVE] RESULT SHORT HEROMOTOCO | SL | Entry=5192.5 Exit=5232.0 | P&L: Rs.-39.50 (-0.76%) | Day total: Rs.-42.34
2026-03-13 11:29:05,374 | INFO    | [LIVE] SL TRIGGERED: IDBI @ 94.92 -> cancelling Target 260313170612806
2026-03-13 11:29:05,453 | INFO    | Cancelled order 260313170612806 (attempt 1)
2026-03-13 11:29:05,467 | INFO    | [LIVE] RESULT SHORT IDBI | SL | Entry=94.2 Exit=94.92 | P&L: Rs.-0.72 (-0.76%) | Day total: Rs.-43.06
2026-03-13 11:32:10,502 | INFO    | Signal CSV changed - processing new signals from v5_short + v5_long...
2026-03-13 11:32:10,549 | INFO    | [LIVE] Starting trade LT-0e209050-113210: SELL PFS qty=1 | SL=28.05 TGT=27.62
2026-03-13 11:32:10,563 | INFO    | [DISPATCH] Launched LIVE trade: SHORT PFS @ 27.84 | reserved_margin=Rs.5.57 | ID=0e209050dd76
2026-03-13 11:32:10,575 | INFO    | Dispatched 1 new trade(s). Active trades: 3
2026-03-13 11:32:10,611 | INFO    | [LIVE] Entry order placed: SELL PFS ID=260313170771777
2026-03-13 11:32:10,762 | INFO    | [LIVE] Entry filled: PFS @ 27.88
2026-03-13 11:32:10,901 | INFO    | [LIVE] Exit legs placed for PFS: target_id=260313170771797 sl_id=260313170771807
2026-03-13 11:55:51,965 | INFO    | [LIVE] TARGET HIT: IPL @ 141.9 -> cancelling SL 260313170555655
2026-03-13 11:55:52,055 | INFO    | Cancelled order 260313170555655 (attempt 1)
2026-03-13 11:55:52,071 | INFO    | [LIVE] RESULT SHORT IPL | TARGET | Entry=143.05 Exit=141.9 | P&L: Rs.+1.15 (+0.80%) | Day total: Rs.-41.91
2026-03-13 12:16:56,977 | INFO    | Signal CSV changed - processing new signals from v5_short + v5_long...
2026-03-13 12:16:57,001 | INFO    | [LIVE] Starting trade LT-18045bb8-121657: SELL UNOMINDA qty=1 | SL=1029.87 TGT=1014.02
2026-03-13 12:16:57,014 | INFO    | [DISPATCH] Launched LIVE trade: SHORT UNOMINDA @ 1022.2 | reserved_margin=Rs.204.44 | ID=18045bb8f8b5
2026-03-13 12:16:57,014 | INFO    | Dispatched 1 new trade(s). Active trades: 3
2026-03-13 12:16:57,067 | INFO    | [LIVE] Entry order placed: SELL UNOMINDA ID=260313170914201
2026-03-13 12:16:57,212 | INFO    | [LIVE] Entry filled: UNOMINDA @ 1022.0
2026-03-13 12:16:57,354 | INFO    | [LIVE] Exit legs placed for UNOMINDA: target_id=260313170914209 sl_id=260313170914214
2026-03-13 12:27:06,007 | INFO    | [LIVE] TARGET HIT: PFS @ 27.66 -> cancelling SL 260313170771807
2026-03-13 12:27:06,093 | INFO    | Cancelled order 260313170771807 (attempt 1)
2026-03-13 12:27:06,101 | INFO    | [LIVE] RESULT SHORT PFS | TARGET | Entry=27.88 Exit=27.66 | P&L: Rs.+0.22 (+0.79%) | Day total: Rs.-41.69
2026-03-13 12:30:35,727 | INFO    | Signal CSV changed - processing new signals from v5_short + v5_long...
2026-03-13 12:30:35,748 | INFO    | [LIVE] Starting trade LT-ea94b0bd-123035: SELL EXIDEIND qty=1 | SL=302.65 TGT=298.0
2026-03-13 12:30:35,788 | INFO    | [DISPATCH] Launched LIVE trade: SHORT EXIDEIND @ 300.4 | reserved_margin=Rs.60.08 | ID=ea94b0bd8d7b
2026-03-13 12:30:35,820 | INFO    | [LIVE] Entry order placed: SELL EXIDEIND ID=260313170968466
2026-03-13 12:30:35,871 | INFO    | Dispatched 1 new trade(s). Active trades: 3
2026-03-13 12:30:35,986 | INFO    | [LIVE] Entry filled: EXIDEIND @ 300.2
2026-03-13 12:30:36,129 | INFO    | [LIVE] Exit legs placed for EXIDEIND: target_id=260313170968480 sl_id=260313170968486
2026-03-13 12:30:44,433 | INFO    | Signal CSV changed - processing new signals from v5_short + v5_long...
2026-03-13 12:30:44,461 | INFO    | [LIVE] Starting trade LT-78564dca-123044: SELL GPTHEALTH qty=1 | SL=123.38 TGT=121.48
2026-03-13 12:30:44,479 | INFO    | [DISPATCH] Launched LIVE trade: SHORT GPTHEALTH @ 122.46 | reserved_margin=Rs.24.49 | ID=78564dcab39a
2026-03-13 12:30:44,491 | INFO    | Dispatched 1 new trade(s). Active trades: 4
2026-03-13 12:30:44,524 | INFO    | [LIVE] Entry order placed: SELL GPTHEALTH ID=260313170968908
2026-03-13 12:30:44,683 | INFO    | [LIVE] Entry filled: GPTHEALTH @ 122.46
2026-03-13 12:30:45,042 | INFO    | [LIVE] Exit legs placed for GPTHEALTH: target_id=260313170968927 sl_id=260313170968945
2026-03-13 12:31:58,836 | INFO    | Signal CSV changed - processing new signals from v5_short + v5_long...
2026-03-13 12:31:58,852 | INFO    | [LIVE] Starting trade LT-3ba3f8c4-123158: SELL YASHO qty=1 | SL=1297.46 TGT=1277.5
2026-03-13 12:31:58,852 | INFO    | [DISPATCH] Launched LIVE trade: SHORT YASHO @ 1287.8 | reserved_margin=Rs.257.56 | ID=3ba3f8c45d8b
2026-03-13 12:31:58,868 | INFO    | Dispatched 1 new trade(s). Active trades: 5
2026-03-13 12:31:58,921 | INFO    | [LIVE] Entry order placed: SELL YASHO ID=260313170976281
2026-03-13 12:31:59,075 | INFO    | [LIVE] Entry filled: YASHO @ 1287.0
2026-03-13 12:31:59,225 | INFO    | [LIVE] Exit legs placed for YASHO: target_id=260313170976319 sl_id=260313170976329
2026-03-13 12:38:06,680 | INFO    | [LIVE] TARGET HIT: UNOMINDA @ 1013.8 -> cancelling SL 260313170914214
2026-03-13 12:38:06,758 | INFO    | Cancelled order 260313170914214 (attempt 1)
2026-03-13 12:38:06,775 | INFO    | [LIVE] RESULT SHORT UNOMINDA | TARGET | Entry=1022.0 Exit=1013.8 | P&L: Rs.+8.20 (+0.80%) | Day total: Rs.-33.49
2026-03-13 12:39:05,196 | INFO    | [LIVE] SL TRIGGERED: YASHO @ 1300.3 -> cancelling Target 260313170976319
2026-03-13 12:39:05,274 | INFO    | Cancelled order 260313170976319 (attempt 1)
2026-03-13 12:39:05,306 | INFO    | [LIVE] RESULT SHORT YASHO | SL | Entry=1287.0 Exit=1300.3 | P&L: Rs.-13.30 (-1.03%) | Day total: Rs.-46.79
2026-03-13 12:46:42,195 | INFO    | Signal CSV changed - processing new signals from v5_short + v5_long...
2026-03-13 12:46:42,211 | INFO    | [LIVE] Starting trade LT-4106afad-124642: SELL SAPPHIRE qty=1 | SL=157.94 TGT=155.51
2026-03-13 12:46:42,227 | INFO    | [DISPATCH] Launched LIVE trade: SHORT SAPPHIRE @ 156.76 | reserved_margin=Rs.31.35 | ID=4106afadb417
2026-03-13 12:46:42,227 | INFO    | Dispatched 1 new trade(s). Active trades: 4
2026-03-13 12:46:42,277 | INFO    | [LIVE] Entry order placed: SELL SAPPHIRE ID=260313171045174
2026-03-13 12:46:42,418 | INFO    | [LIVE] Entry filled: SAPPHIRE @ 156.82
2026-03-13 12:46:42,555 | INFO    | [LIVE] Exit legs placed for SAPPHIRE: target_id=260313171045187 sl_id=260313171045196
2026-03-13 12:47:00,273 | INFO    | Signal CSV changed - processing new signals from v5_short + v5_long...
2026-03-13 12:47:00,296 | INFO    | [LIVE] Starting trade LT-5b487aef-124700: SELL UDS qty=1 | SL=143.99 TGT=141.78
2026-03-13 12:47:00,306 | INFO    | [DISPATCH] Launched LIVE trade: SHORT UDS @ 142.92 | reserved_margin=Rs.28.58 | ID=5b487aefbe01
2026-03-13 12:47:00,307 | INFO    | [LIVE] Starting trade LT-d8de488a-124700: SELL UTTAMSUGAR qty=1 | SL=192.44 TGT=189.48
2026-03-13 12:47:00,325 | INFO    | [DISPATCH] Launched LIVE trade: SHORT UTTAMSUGAR @ 191.01 | reserved_margin=Rs.38.20 | ID=d8de488ae0e0
2026-03-13 12:47:00,334 | INFO    | Dispatched 2 new trade(s). Active trades: 6
2026-03-13 12:47:00,352 | INFO    | [LIVE] Entry order placed: SELL UDS ID=260313171046571
2026-03-13 12:47:00,444 | INFO    | [LIVE] Entry order placed: SELL UTTAMSUGAR ID=260313171046582
2026-03-13 12:47:00,524 | INFO    | [LIVE] Entry filled: UDS @ 142.91
2026-03-13 12:47:00,588 | INFO    | [LIVE] Entry filled: UTTAMSUGAR @ 191.07
2026-03-13 12:47:00,663 | INFO    | [LIVE] Exit legs placed for UDS: target_id=260313171046607 sl_id=260313171046630
2026-03-13 12:47:00,771 | INFO    | [LIVE] Exit legs placed for UTTAMSUGAR: target_id=260313171046634 sl_id=260313171046638
2026-03-13 12:47:09,790 | INFO    | Signal CSV changed - processing new signals from v5_short + v5_long...
2026-03-13 12:47:09,812 | INFO    | [LIVE] Starting trade LT-6daba951-124709: SELL ABDL qty=1 | SL=451.26 TGT=444.32
2026-03-13 12:47:09,831 | INFO    | [DISPATCH] Launched LIVE trade: SHORT ABDL @ 447.9 | reserved_margin=Rs.89.58 | ID=6daba9515591
2026-03-13 12:47:09,831 | INFO    | [LIVE] Starting trade LT-8ad6d56d-124709: SELL ADVENZYMES qty=1 | SL=280.79 TGT=276.47
2026-03-13 12:47:09,849 | INFO    | [DISPATCH] Launched LIVE trade: SHORT ADVENZYMES @ 278.7 | reserved_margin=Rs.55.74 | ID=8ad6d56db288
2026-03-13 12:47:09,858 | INFO    | Dispatched 2 new trade(s). Active trades: 8
2026-03-13 12:47:09,867 | INFO    | [LIVE] Entry order placed: SELL ABDL ID=260313171047359
2026-03-13 12:47:09,954 | INFO    | [LIVE] Entry order placed: SELL ADVENZYMES ID=260313171047361
2026-03-13 12:47:10,032 | INFO    | [LIVE] Entry filled: ABDL @ 448.0
2026-03-13 12:47:10,102 | INFO    | [LIVE] Entry filled: ADVENZYMES @ 278.6
2026-03-13 12:47:10,180 | INFO    | [LIVE] Exit legs placed for ABDL: target_id=260313171047375 sl_id=260313171047381
2026-03-13 12:47:10,259 | INFO    | [LIVE] Exit legs placed for ADVENZYMES: target_id=260313171047382 sl_id=260313171047389
2026-03-13 12:47:12,680 | INFO    | Signal CSV changed - processing new signals from v5_short + v5_long...
2026-03-13 12:47:12,704 | INFO    | [LIVE] Starting trade LT-675c1315-124712: SELL ANANTRAJ qty=1 | SL=457.96 TGT=450.91
2026-03-13 12:47:12,712 | INFO    | [DISPATCH] Launched LIVE trade: SHORT ANANTRAJ @ 454.55 | reserved_margin=Rs.90.91 | ID=675c1315e619
2026-03-13 12:47:12,728 | INFO    | Dispatched 1 new trade(s). Active trades: 9
2026-03-13 12:47:12,768 | INFO    | [LIVE] Entry order placed: SELL ANANTRAJ ID=260313171047570
2026-03-13 12:47:12,939 | INFO    | [LIVE] Entry filled: ANANTRAJ @ 454.2
2026-03-13 12:47:13,071 | INFO    | [LIVE] Exit legs placed for ANANTRAJ: target_id=260313171047580 sl_id=260313171047585
2026-03-13 12:47:16,836 | INFO    | Signal CSV changed - processing new signals from v5_short + v5_long...
2026-03-13 12:47:16,852 | INFO    | [LIVE] Starting trade LT-dcc8286d-124716: SELL ATUL qty=1 | SL=6094.87 TGT=6001.1
2026-03-13 12:47:16,868 | INFO    | [DISPATCH] Launched LIVE trade: SHORT ATUL @ 6049.5 | reserved_margin=Rs.1,209.90 | ID=dcc8286d6e11
2026-03-13 12:47:16,888 | INFO    | Dispatched 1 new trade(s). Active trades: 10
2026-03-13 12:47:16,922 | INFO    | [LIVE] Entry order placed: SELL ATUL ID=260313171047828
2026-03-13 12:47:17,101 | INFO    | [LIVE] Entry filled: ATUL @ 6049.5
2026-03-13 12:47:17,257 | INFO    | [LIVE] Exit legs placed for ATUL: target_id=260313171047846 sl_id=260313171047852
2026-03-13 12:47:22,867 | INFO    | Signal CSV changed - processing new signals from v5_short + v5_long...
2026-03-13 12:47:22,896 | WARNING | [RISK] Rejecting SHORT BLS: max open positions reached (10/10)
2026-03-13 12:48:07,684 | INFO    | [LIVE] SL TRIGGERED: SAPPHIRE @ 158.0 -> cancelling Target 260313171045187
2026-03-13 12:48:07,762 | INFO    | Cancelled order 260313171045187 (attempt 1)
2026-03-13 12:48:07,782 | INFO    | [LIVE] RESULT SHORT SAPPHIRE | SL | Entry=156.82 Exit=158.0 | P&L: Rs.-1.18 (-0.75%) | Day total: Rs.-47.97
2026-03-13 12:52:40,761 | INFO    | [LIVE] SL TRIGGERED: GPTHEALTH @ 123.48 -> cancelling Target 260313170968927
2026-03-13 12:52:40,836 | INFO    | Cancelled order 260313170968927 (attempt 1)
2026-03-13 12:52:40,861 | INFO    | [LIVE] RESULT SHORT GPTHEALTH | SL | Entry=122.46 Exit=123.48 | P&L: Rs.-1.02 (-0.83%) | Day total: Rs.-48.99
2026-03-13 13:00:39,551 | INFO    | Signal CSV changed - processing new signals from v5_short + v5_long...
2026-03-13 13:00:39,590 | INFO    | [LIVE] Starting trade LT-d8526267-130039: SELL GABRIEL qty=1 | SL=846.15 TGT=833.13
2026-03-13 13:00:39,601 | INFO    | [DISPATCH] Launched LIVE trade: SHORT GABRIEL @ 839.85 | reserved_margin=Rs.167.97 | ID=d85262679cad
2026-03-13 13:00:39,608 | INFO    | Dispatched 1 new trade(s). Active trades: 9
2026-03-13 13:00:39,652 | INFO    | [LIVE] Entry order placed: SELL GABRIEL ID=260313171093765
2026-03-13 13:00:39,816 | INFO    | [LIVE] Entry filled: GABRIEL @ 839.85
2026-03-13 13:00:40,000 | INFO    | [LIVE] Exit legs placed for GABRIEL: target_id=260313171093778 sl_id=260313171093783
2026-03-13 13:01:02,031 | INFO    | [LIVE] TARGET HIT: ABDL @ 444.4 -> cancelling SL 260313171047381
2026-03-13 13:01:02,109 | INFO    | Cancelled order 260313171047381 (attempt 1)
2026-03-13 13:01:02,129 | INFO    | [LIVE] RESULT SHORT ABDL | TARGET | Entry=448.0 Exit=444.4 | P&L: Rs.+3.60 (+0.80%) | Day total: Rs.-45.39
2026-03-13 13:01:08,774 | INFO    | Signal CSV changed - processing new signals from v5_short + v5_long...
2026-03-13 13:01:08,790 | INFO    | [LIVE] Starting trade LT-789f37cd-130108: SELL KIRLOSIND qty=1 | SL=2682.57 TGT=2641.3
2026-03-13 13:01:08,818 | INFO    | [DISPATCH] Launched LIVE trade: SHORT KIRLOSIND @ 2662.6 | reserved_margin=Rs.532.52 | ID=789f37cd7f62
2026-03-13 13:01:08,820 | INFO    | Dispatched 1 new trade(s). Active trades: 9
2026-03-13 13:01:08,852 | INFO    | [LIVE] Entry order placed: SELL KIRLOSIND ID=260313171095085
2026-03-13 13:01:09,011 | INFO    | [LIVE] Entry filled: KIRLOSIND @ 2661.5
2026-03-13 13:01:09,148 | INFO    | [LIVE] Exit legs placed for KIRLOSIND: target_id=260313171095093 sl_id=260313171095096
2026-03-13 13:01:27,351 | INFO    | Signal CSV changed - processing new signals from v5_short + v5_long...
2026-03-13 13:01:27,371 | INFO    | [LIVE] Starting trade LT-aece49c9-130127: SELL PAISALO qty=1 | SL=31.48 TGT=31.0
2026-03-13 13:01:27,399 | INFO    | [DISPATCH] Launched LIVE trade: SHORT PAISALO @ 31.25 | reserved_margin=Rs.6.25 | ID=aece49c9398c
2026-03-13 13:01:27,409 | INFO    | Dispatched 1 new trade(s). Active trades: 10
2026-03-13 13:01:27,439 | INFO    | [LIVE] Entry order placed: SELL PAISALO ID=260313171096053
2026-03-13 13:01:27,586 | INFO    | [LIVE] Entry filled: PAISALO @ 31.24
2026-03-13 13:01:27,727 | INFO    | [LIVE] Exit legs placed for PAISALO: target_id=260313171096066 sl_id=260313171096070
2026-03-13 13:01:37,491 | INFO    | Signal CSV changed - processing new signals from v5_short + v5_long...
2026-03-13 13:01:37,513 | WARNING | [RISK] Rejecting SHORT REMSONSIND: max open positions reached (10/10)
2026-03-13 13:01:48,054 | INFO    | Signal CSV changed - processing new signals from v5_short + v5_long...
2026-03-13 13:01:48,088 | WARNING | [RISK] Rejecting SHORT SONACOMS: max open positions reached (10/10)
2026-03-13 13:02:48,227 | INFO    | Signal CSV changed - processing new signals from v5_short + v5_long...
2026-03-13 13:02:48,266 | WARNING | [RISK] Rejecting SHORT DEEPAKFERT: max open positions reached (10/10)
2026-03-13 13:02:53,102 | INFO    | Signal CSV changed - processing new signals from v5_short + v5_long...
2026-03-13 13:02:53,292 | WARNING | [RISK] Rejecting SHORT ELGIEQUIP: max open positions reached (10/10)
2026-03-13 13:05:39,370 | INFO    | [LIVE] SL TRIGGERED: KIRLOSIND @ 2684.5 -> cancelling Target 260313171095093
2026-03-13 13:05:39,445 | INFO    | Cancelled order 260313171095093 (attempt 1)
2026-03-13 13:05:39,474 | INFO    | [LIVE] RESULT SHORT KIRLOSIND | SL | Entry=2661.5 Exit=2684.5 | P&L: Rs.-23.00 (-0.86%) | Day total: Rs.-68.39
2026-03-13 13:15:37,505 | INFO    | [LIVE] TARGET HIT: PAISALO @ 30.99 -> cancelling SL 260313171096070
2026-03-13 13:15:37,592 | INFO    | Cancelled order 260313171096070 (attempt 1)
2026-03-13 13:15:37,616 | INFO    | [LIVE] RESULT SHORT PAISALO | TARGET | Entry=31.24 Exit=30.99 | P&L: Rs.+0.25 (+0.80%) | Day total: Rs.-68.14
2026-03-13 13:17:00,367 | INFO    | Signal CSV changed - processing new signals from v5_short + v5_long...
2026-03-13 13:17:00,444 | INFO    | [LIVE] Starting trade LT-6e1a412f-131700: SELL MANGLMCEM qty=1 | SL=802.37 TGT=790.03
2026-03-13 13:17:00,458 | INFO    | [DISPATCH] Launched LIVE trade: SHORT MANGLMCEM @ 796.4 | reserved_margin=Rs.159.28 | ID=6e1a412f94f6
2026-03-13 13:17:00,469 | INFO    | Dispatched 1 new trade(s). Active trades: 9
2026-03-13 13:17:00,502 | INFO    | [LIVE] Entry order placed: SELL MANGLMCEM ID=260313171150944
2026-03-13 13:17:00,714 | INFO    | [LIVE] Entry filled: MANGLMCEM @ 795.3
2026-03-13 13:17:00,971 | INFO    | [LIVE] Exit legs placed for MANGLMCEM: target_id=260313171150979 sl_id=260313171150981
2026-03-13 13:17:57,524 | INFO    | Signal CSV changed - processing new signals from v5_short + v5_long...
2026-03-13 13:17:57,554 | INFO    | [LIVE] Starting trade LT-efeac882-131757: SELL TIINDIA qty=1 | SL=2463.34 TGT=2425.44
2026-03-13 13:17:57,571 | INFO    | [DISPATCH] Launched LIVE trade: SHORT TIINDIA @ 2445.0 | reserved_margin=Rs.489.00 | ID=efeac8820ae7
2026-03-13 13:17:57,579 | INFO    | Dispatched 1 new trade(s). Active trades: 10
2026-03-13 13:17:57,621 | INFO    | [LIVE] Entry order placed: SELL TIINDIA ID=260313171154709
2026-03-13 13:17:57,814 | INFO    | [LIVE] Entry filled: TIINDIA @ 2445.0
2026-03-13 13:17:57,956 | INFO    | [LIVE] Exit legs placed for TIINDIA: target_id=260313171154722 sl_id=260313171154727
2026-03-13 13:18:04,352 | INFO    | Signal CSV changed - processing new signals from v5_short + v5_long...
2026-03-13 13:18:04,391 | WARNING | [RISK] Rejecting SHORT VESUVIUS: max open positions reached (10/10)
2026-03-13 13:18:28,900 | INFO    | Signal CSV changed - processing new signals from v5_short + v5_long...
2026-03-13 13:18:28,936 | WARNING | [RISK] Rejecting SHORT BOROLTD: max open positions reached (10/10)
2026-03-13 13:18:38,180 | INFO    | Signal CSV changed - processing new signals from v5_short + v5_long...
2026-03-13 13:18:38,222 | WARNING | [RISK] Rejecting SHORT DBREALTY: max open positions reached (10/10)
2026-03-13 13:18:41,649 | INFO    | Signal CSV changed - processing new signals from v5_short + v5_long...
2026-03-13 13:18:41,681 | WARNING | [RISK] Rejecting SHORT DODLA: max open positions reached (10/10)
2026-03-13 13:18:41,701 | WARNING | [RISK] Rejecting SHORT DREDGECORP: max open positions reached (10/10)
2026-03-13 13:26:29,500 | INFO    | [LIVE] SL TRIGGERED: UTTAMSUGAR @ 194.78 -> cancelling Target 260313171046634
2026-03-13 13:26:29,585 | INFO    | Cancelled order 260313171046634 (attempt 1)
2026-03-13 13:26:29,601 | INFO    | [LIVE] RESULT SHORT UTTAMSUGAR | SL | Entry=191.07 Exit=194.78 | P&L: Rs.-3.71 (-1.94%) | Day total: Rs.-71.85
2026-03-13 13:32:19,353 | INFO    | Signal CSV changed - processing new signals from v5_short + v5_long...
2026-03-13 13:32:19,403 | INFO    | [LIVE] Starting trade LT-1f348327-133219: SELL REPCOHOME qty=1 | SL=356.91 TGT=351.42
2026-03-13 13:32:19,416 | INFO    | [DISPATCH] Launched LIVE trade: SHORT REPCOHOME @ 354.25 | reserved_margin=Rs.70.85 | ID=1f348327cfed
2026-03-13 13:32:19,418 | INFO    | Dispatched 1 new trade(s). Active trades: 10
2026-03-13 13:32:19,465 | INFO    | [LIVE] Entry order placed: SELL REPCOHOME ID=260313171212404
2026-03-13 13:32:19,654 | INFO    | [LIVE] Entry filled: REPCOHOME @ 354.0
2026-03-13 13:32:19,790 | INFO    | [LIVE] Exit legs placed for REPCOHOME: target_id=260313171212421 sl_id=260313171212429
2026-03-13 13:41:16,054 | INFO    | [LIVE] SL TRIGGERED: UDS @ 143.83 -> cancelling Target 260313171046607
2026-03-13 13:41:16,135 | INFO    | Cancelled order 260313171046607 (attempt 1)
2026-03-13 13:41:16,153 | INFO    | [LIVE] RESULT SHORT UDS | SL | Entry=142.91 Exit=143.83 | P&L: Rs.-0.92 (-0.64%) | Day total: Rs.-72.77
2026-03-13 13:41:37,615 | INFO    | [LIVE] SL TRIGGERED: KINGFA @ 4054.0 -> cancelling Target 260313170556061
2026-03-13 13:41:37,702 | INFO    | Cancelled order 260313170556061 (attempt 1)
2026-03-13 13:41:37,727 | INFO    | [LIVE] RESULT SHORT KINGFA | SL | Entry=4025.1 Exit=4054.0 | P&L: Rs.-28.90 (-0.72%) | Day total: Rs.-101.67
2026-03-13 13:43:56,305 | INFO    | [LIVE] TARGET HIT: REPCOHOME @ 351.15 -> cancelling SL 260313171212429
2026-03-13 13:43:56,383 | INFO    | Cancelled order 260313171212429 (attempt 1)
2026-03-13 13:43:56,399 | INFO    | [LIVE] RESULT SHORT REPCOHOME | TARGET | Entry=354.0 Exit=351.15 | P&L: Rs.+2.85 (+0.81%) | Day total: Rs.-98.82
2026-03-13 13:53:43,768 | INFO    | [LIVE] TARGET HIT: GABRIEL @ 833.15 -> cancelling SL 260313171093783
2026-03-13 13:53:43,852 | INFO    | Cancelled order 260313171093783 (attempt 1)
2026-03-13 13:53:43,868 | INFO    | [LIVE] RESULT SHORT GABRIEL | TARGET | Entry=839.85 Exit=833.15 | P&L: Rs.+6.70 (+0.80%) | Day total: Rs.-92.12
2026-03-13 13:58:05,763 | INFO    | [LIVE] TARGET HIT: EXIDEIND @ 297.8 -> cancelling SL 260313170968486
2026-03-13 13:58:05,836 | INFO    | Cancelled order 260313170968486 (attempt 1)
2026-03-13 13:58:05,852 | INFO    | [LIVE] RESULT SHORT EXIDEIND | TARGET | Entry=300.2 Exit=297.8 | P&L: Rs.+2.40 (+0.80%) | Day total: Rs.-89.72
2026-03-13 13:59:59,775 | INFO    | [LIVE] TARGET HIT: ATUL @ 6001.0 -> cancelling SL 260313171047852
2026-03-13 13:59:59,855 | INFO    | Cancelled order 260313171047852 (attempt 1)
2026-03-13 13:59:59,868 | INFO    | [LIVE] RESULT SHORT ATUL | TARGET | Entry=6049.5 Exit=6001.0 | P&L: Rs.+48.50 (+0.80%) | Day total: Rs.-41.22
2026-03-13 14:03:13,704 | INFO    | Signal CSV changed - processing new signals from v5_short + v5_long...
2026-03-13 14:03:13,762 | INFO    | [LIVE] Starting trade LT-ec1b96ad-140313: SELL ASAL qty=1 | SL=413.58 TGT=407.22
2026-03-13 14:03:13,774 | INFO    | [DISPATCH] Launched LIVE trade: SHORT ASAL @ 410.5 | reserved_margin=Rs.82.10 | ID=ec1b96adff21
2026-03-13 14:03:13,782 | INFO    | Dispatched 1 new trade(s). Active trades: 5
2026-03-13 14:03:13,826 | INFO    | [LIVE] Entry order placed: SELL ASAL ID=260313171328078
2026-03-13 14:03:13,991 | INFO    | [LIVE] Entry filled: ASAL @ 410.0
2026-03-13 14:03:14,132 | INFO    | [LIVE] Exit legs placed for ASAL: target_id=260313171328096 sl_id=260313171328099
2026-03-13 14:04:46,818 | INFO    | [LIVE] TARGET HIT: ANANTRAJ @ 450.55 -> cancelling SL 260313171047585
2026-03-13 14:04:46,906 | INFO    | Cancelled order 260313171047585 (attempt 1)
2026-03-13 14:04:46,927 | INFO    | [LIVE] RESULT SHORT ANANTRAJ | TARGET | Entry=454.2 Exit=450.55 | P&L: Rs.+3.65 (+0.80%) | Day total: Rs.-37.57
2026-03-13 14:10:47,867 | INFO    | [LIVE] SL TRIGGERED: TIINDIA @ 2462.6 -> cancelling Target 260313171154722
2026-03-13 14:10:47,945 | INFO    | Cancelled order 260313171154722 (attempt 1)
2026-03-13 14:10:47,974 | INFO    | [LIVE] RESULT SHORT TIINDIA | SL | Entry=2445.0 Exit=2462.6 | P&L: Rs.-17.60 (-0.72%) | Day total: Rs.-55.17
2026-03-13 14:13:37,316 | INFO    | [LIVE] SL TRIGGERED: ASAL @ 413.35 -> cancelling Target 260313171328096
2026-03-13 14:13:37,394 | INFO    | Cancelled order 260313171328096 (attempt 1)
2026-03-13 14:13:37,410 | INFO    | [LIVE] RESULT SHORT ASAL | SL | Entry=410.0 Exit=413.35 | P&L: Rs.-3.35 (-0.82%) | Day total: Rs.-58.52
2026-03-13 14:59:06,918 | INFO    | [LIVE] TARGET HIT: ADVENZYMES @ 276.35 -> cancelling SL 260313171047389
2026-03-13 14:59:06,997 | INFO    | Cancelled order 260313171047389 (attempt 1)
2026-03-13 14:59:07,008 | INFO    | [LIVE] RESULT SHORT ADVENZYMES | TARGET | Entry=278.6 Exit=276.35 | P&L: Rs.+2.25 (+0.81%) | Day total: Rs.-56.27
2026-03-13 15:03:59,179 | INFO    | Signal CSV changed - processing new signals from v5_short + v5_long...
2026-03-13 15:13:02,930 | INFO    | [LIVE] TARGET HIT: MANGLMCEM @ 788.95 -> cancelling SL 260313171150981
2026-03-13 15:13:03,007 | INFO    | Cancelled order 260313171150981 (attempt 1)
2026-03-13 15:13:03,038 | INFO    | [LIVE] RESULT SHORT MANGLMCEM | TARGET | Entry=795.3 Exit=788.95 | P&L: Rs.+6.35 (+0.80%) | Day total: Rs.-49.92
2026-03-13 15:20:00,001 | WARNING | [EOD.GLOBAL] entry cutoff reached at 15:20:00 IST; EOD flatten in progress
2026-03-13 15:30:00,666 | INFO    | Market closed. All trades complete.
2026-03-13 15:30:00,671 | INFO    | =======================================================
2026-03-13 15:30:00,671 | INFO    | DAILY LIVE TRADE SUMMARY
2026-03-13 15:30:00,671 | INFO    |   Total trades : 25
2026-03-13 15:30:00,671 | INFO    |   Wins         : 12
2026-03-13 15:30:00,671 | INFO    |   Losses       : 13
2026-03-13 15:30:00,671 | INFO    |   Win rate     : 48.0%
2026-03-13 15:30:00,671 | INFO    |   Total P&L    : Rs.-49.92
2026-03-13 15:30:00,671 | INFO    | =======================================================
2026-03-13 15:30:00,671 | INFO    | Live trade executor stopped.
