2026-03-16 09:05:03,751 | INFO    | =================================================================
2026-03-16 09:05:03,752 | INFO    | AVWAP Live Trade Executor V15 - PAPER_TRADE = FALSE
2026-03-16 09:05:03,752 | INFO    |   ***  REAL ORDERS WILL BE PLACED ON ZERODHA  ***
2026-03-16 09:05:03,752 | INFO    |   Mode              : LIVE TRADING
2026-03-16 09:05:03,752 | INFO    |   Max concurrent    : 0
2026-03-16 09:05:03,752 | INFO    |   Signal dir        : C:\Users\Saarit\OneDrive\Desktop\Trading\backtesting\eqidv2\backtesting\eqidv2\live_signals/
2026-03-16 09:05:03,752 | INFO    |   Entry cutoff at   : 15:20:00 IST
2026-03-16 09:05:03,753 | INFO    |   Forced close at   : 15:20:00 IST
2026-03-16 09:05:03,753 | INFO    |   Target policy     : SHORT=1.10% LONG=1.10% (rebased from signal entry)
2026-03-16 09:05:03,753 | INFO    |   Risk limits       : ENABLED (max_open=999, max_margin=Rs.500,000)
2026-03-16 09:05:03,753 | WARNING |   Quantity override : FORCE_ENTRY_QUANTITY=1 (all NEW entries)
2026-03-16 09:05:03,753 | INFO    | =================================================================
2026-03-16 09:05:03,753 | INFO    | Establishing Kite session...
2026-03-16 09:05:03,859 | WARNING | [KITE] Primary session setup failed (app1): Incorrect `api_key` or `access_token`.. Continuing with fallback apps.
2026-03-16 09:05:03,933 | INFO    | [KITE] Session ready: app2 | user=Saarit Shankar Sinha
2026-03-16 09:05:04,002 | INFO    | [KITE] Session ready: app3 | user=Saarit Shankar Sinha
2026-03-16 09:05:04,087 | INFO    | [KITE] Session ready: app4 | user=Saarit Shankar Sinha
2026-03-16 09:05:04,087 | INFO    | Kite primary session established: app2 | user=Saarit Shankar Sinha
2026-03-16 09:05:04,087 | INFO    | [KITE] Session pool active apps: 3
2026-03-16 09:05:04,351 | INFO    | [TICK] Loaded tick sizes for 9336 NSE symbols.
2026-03-16 09:05:04,354 | INFO    | Loaded 0 previously executed signals.
2026-03-16 09:05:04,354 | INFO    | Signal CSV sources: signals_2026-03-16_v15_short.csv, signals_2026-03-16_v15_long.csv
2026-03-16 09:05:04,355 | WARNING |   Trade worker cap   : DISABLED (unlimited concurrent workers)
2026-03-16 09:05:04,452 | INFO    | [RESTORE] signals_today=0 executed=0 closed_today=0 open_restored=0 stale_dropped=0 requeued_backlog=0 realized_trades=0 realized_total=Rs.+0.00 deployed_margin=Rs.0.00
2026-03-16 09:05:04,594 | INFO    | [SAFETY] Broker MIS positions match restored runtime state.
2026-03-16 09:05:04,595 | INFO    | Watchdog started - monitoring live_signals\signals_2026-03-16_v15_short.csv, live_signals\signals_2026-03-16_v15_long.csv
2026-03-16 10:32:26,395 | INFO    | Signal CSV changed - processing new signals from v15_short + v15_long...
2026-03-16 10:32:26,737 | INFO    | [LIVE] Starting trade LT-1e91a69f-103226: SELL TIINDIA qty=1 | SL=2419.78 TGT=2373.22
2026-03-16 10:32:26,788 | INFO    | [DISPATCH] Launched LIVE trade: SHORT TIINDIA @ 2399.62 | reserved_margin=Rs.479.92 | ID=1e91a69fab89
2026-03-16 10:32:26,802 | INFO    | Dispatched 1 new trade(s). Active trades: 1
2026-03-16 10:32:26,909 | INFO    | [LIVE] Entry order placed: SELL TIINDIA ID=260316170618039
2026-03-16 10:32:27,057 | INFO    | [LIVE] Entry filled: TIINDIA @ 2377.8
2026-03-16 10:32:27,272 | INFO    | [LIVE] Exit legs placed for TIINDIA: target_id=260316170618050 sl_id=260316170618063
2026-03-16 10:34:14,250 | WARNING | [LIVE] Order poll error: HTTPSConnectionPool(host='api.kite.trade', port=443): Read timed out. (read timeout=7)
2026-03-16 10:46:33,260 | INFO    | Signal CSV changed - processing new signals from v15_short + v15_long...
2026-03-16 10:46:33,285 | INFO    | [LIVE] Starting trade LT-68c32e69-104633: SELL KKCL qty=1 | SL=457.37 TGT=448.57
2026-03-16 10:46:33,304 | INFO    | [DISPATCH] Launched LIVE trade: SHORT KKCL @ 453.56 | reserved_margin=Rs.90.71 | ID=68c32e692077
2026-03-16 10:46:33,315 | INFO    | Dispatched 1 new trade(s). Active trades: 2
2026-03-16 10:46:33,353 | INFO    | [LIVE] Entry order placed: SELL KKCL ID=260316170679239
2026-03-16 10:46:33,475 | INFO    | [LIVE] Entry filled: KKCL @ 449.85
2026-03-16 10:46:33,626 | INFO    | [LIVE] Exit legs placed for KKCL: target_id=260316170679253 sl_id=260316170679258
2026-03-16 10:47:39,148 | INFO    | Signal CSV changed - processing new signals from v15_short + v15_long...
2026-03-16 10:47:39,167 | INFO    | [LIVE] Starting trade LT-ed06a416-104739: SELL AFFLE qty=1 | SL=1326.89 TGT=1301.37
2026-03-16 10:47:39,178 | INFO    | [DISPATCH] Launched LIVE trade: SHORT AFFLE @ 1315.84 | reserved_margin=Rs.263.17 | ID=ed06a416f79b
2026-03-16 10:47:39,188 | INFO    | Dispatched 1 new trade(s). Active trades: 3
2026-03-16 10:47:39,235 | INFO    | [LIVE] Entry order placed: SELL AFFLE ID=260316170684021
2026-03-16 10:47:39,352 | INFO    | [LIVE] Entry filled: AFFLE @ 1314.1
2026-03-16 10:47:39,505 | INFO    | [LIVE] Exit legs placed for AFFLE: target_id=260316170684029 sl_id=260316170684034
2026-03-16 11:02:43,777 | INFO    | Signal CSV changed - processing new signals from v15_short + v15_long...
2026-03-16 11:02:43,807 | INFO    | [LIVE] Starting trade LT-d42379a3-110243: SELL TORNTPOWER qty=1 | SL=1446.87 TGT=1419.03
2026-03-16 11:02:43,821 | INFO    | [DISPATCH] Launched LIVE trade: SHORT TORNTPOWER @ 1434.81 | reserved_margin=Rs.286.96 | ID=d42379a3720b
2026-03-16 11:02:43,832 | INFO    | Dispatched 1 new trade(s). Active trades: 4
2026-03-16 11:02:43,874 | INFO    | [LIVE] Entry order placed: SELL TORNTPOWER ID=260316170773736
2026-03-16 11:02:44,018 | INFO    | [LIVE] Entry filled: TORNTPOWER @ 1432.5
2026-03-16 11:02:44,178 | INFO    | [LIVE] Exit legs placed for TORNTPOWER: target_id=260316170773755 sl_id=260316170773760
2026-03-16 11:06:47,976 | INFO    | =================================================================
2026-03-16 11:06:47,976 | INFO    | AVWAP Live Trade Executor V15 - PAPER_TRADE = FALSE
2026-03-16 11:06:47,976 | INFO    |   ***  REAL ORDERS WILL BE PLACED ON ZERODHA  ***
2026-03-16 11:06:47,976 | INFO    |   Mode              : LIVE TRADING
2026-03-16 11:06:47,976 | INFO    |   Max concurrent    : 0
2026-03-16 11:06:47,976 | INFO    |   Signal dir        : C:\Users\Saarit\OneDrive\Desktop\Trading\backtesting\eqidv2\backtesting\eqidv2\live_signals/
2026-03-16 11:06:47,976 | INFO    |   Entry cutoff at   : 15:20:00 IST
2026-03-16 11:06:47,976 | INFO    |   Forced close at   : 15:20:00 IST
2026-03-16 11:06:47,976 | INFO    |   Target policy     : SHORT=1.10% LONG=1.10% (rebased from signal entry)
2026-03-16 11:06:47,976 | INFO    |   Risk limits       : ENABLED (max_open=999, max_margin=Rs.500,000)
2026-03-16 11:06:47,976 | WARNING |   Quantity override : FORCE_ENTRY_QUANTITY=1 (all NEW entries)
2026-03-16 11:06:47,976 | INFO    | =================================================================
2026-03-16 11:06:47,979 | INFO    | Establishing Kite session...
2026-03-16 11:06:48,071 | INFO    | [KITE] Session ready: app1 | user=Saarit Shankar Sinha
2026-03-16 11:06:48,143 | INFO    | [KITE] Session ready: app2 | user=Saarit Shankar Sinha
2026-03-16 11:06:48,227 | INFO    | [KITE] Session ready: app3 | user=Saarit Shankar Sinha
2026-03-16 11:06:48,301 | INFO    | [KITE] Session ready: app4 | user=Saarit Shankar Sinha
2026-03-16 11:06:48,301 | INFO    | Kite primary session established: app1 | user=Saarit Shankar Sinha
2026-03-16 11:06:48,301 | INFO    | [KITE] Session pool active apps: 4
2026-03-16 11:06:48,443 | INFO    | [TICK] Loaded tick sizes for 9336 NSE symbols.
2026-03-16 11:06:48,457 | INFO    | Loaded 4 previously executed signals.
2026-03-16 11:06:48,474 | INFO    | Signal CSV sources: signals_2026-03-16_v15_short.csv, signals_2026-03-16_v15_long.csv
2026-03-16 11:06:48,481 | WARNING |   Trade worker cap   : DISABLED (unlimited concurrent workers)
2026-03-16 11:06:48,546 | WARNING | [RESTORE] Dropping stale tracked state TIINDIA signal_id=1e91a69fab89 (expected_qty=-1, broker_qty=0).
2026-03-16 11:06:48,546 | WARNING | [RESTORE] Dropping stale tracked state KKCL signal_id=68c32e692077 (expected_qty=-1, broker_qty=0).
2026-03-16 11:06:48,546 | WARNING | [RESTORE] Dropping stale tracked state AFFLE signal_id=ed06a416f79b (expected_qty=-1, broker_qty=0).
2026-03-16 11:06:48,546 | WARNING | [RESTORE] Dropping stale tracked state TORNTPOWER signal_id=d42379a3720b (expected_qty=-1, broker_qty=0).
2026-03-16 11:06:48,570 | INFO    | [RESTORE] signals_today=4 executed=4 closed_today=4 open_restored=0 stale_dropped=4 requeued_backlog=0 realized_trades=0 realized_total=Rs.+0.00 deployed_margin=Rs.0.00
2026-03-16 11:06:48,648 | INFO    | [SAFETY] Broker MIS positions match restored runtime state.
2026-03-16 11:06:48,651 | INFO    | Watchdog started - monitoring live_signals\signals_2026-03-16_v15_short.csv, live_signals\signals_2026-03-16_v15_long.csv
2026-03-16 11:06:48,651 | INFO    | Checking for existing unprocessed signals...
2026-03-16 11:09:37,768 | INFO    | [KITE] Session ready: app1 | user=Saarit Shankar Sinha
2026-03-16 11:09:37,859 | INFO    | [KITE] Session ready: app2 | user=Saarit Shankar Sinha
2026-03-16 11:09:37,952 | INFO    | [KITE] Session ready: app3 | user=Saarit Shankar Sinha
2026-03-16 11:09:38,021 | INFO    | [KITE] Session ready: app4 | user=Saarit Shankar Sinha
2026-03-16 11:09:38,021 | INFO    | Kite primary session established: app1 | user=Saarit Shankar Sinha
2026-03-16 11:09:38,021 | INFO    | [KITE] Session pool active apps: 4
2026-03-16 11:09:49,270 | INFO    | [KITE] Session ready: app1 | user=Saarit Shankar Sinha
2026-03-16 11:09:49,356 | INFO    | [KITE] Session ready: app2 | user=Saarit Shankar Sinha
2026-03-16 11:09:49,425 | INFO    | [KITE] Session ready: app3 | user=Saarit Shankar Sinha
2026-03-16 11:09:49,528 | INFO    | [KITE] Session ready: app4 | user=Saarit Shankar Sinha
2026-03-16 11:09:49,528 | INFO    | Kite primary session established: app1 | user=Saarit Shankar Sinha
2026-03-16 11:09:49,528 | INFO    | [KITE] Session pool active apps: 4
2026-03-16 11:13:03,506 | INFO    | [KITE] Session ready: app1 | user=Saarit Shankar Sinha
2026-03-16 11:13:03,572 | INFO    | [KITE] Session ready: app2 | user=Saarit Shankar Sinha
2026-03-16 11:13:03,645 | INFO    | [KITE] Session ready: app3 | user=Saarit Shankar Sinha
2026-03-16 11:13:03,713 | INFO    | [KITE] Session ready: app4 | user=Saarit Shankar Sinha
2026-03-16 11:13:03,713 | INFO    | Kite primary session established: app1 | user=Saarit Shankar Sinha
2026-03-16 11:13:03,713 | INFO    | [KITE] Session pool active apps: 4
2026-03-16 11:13:03,969 | WARNING | [LIVE] Order history lookup failed for 260316170618039.0: Invalid `order_id`.
2026-03-16 11:13:04,008 | WARNING | [LIVE] Order history lookup failed for 260316170618050.0: Invalid `order_id`.
2026-03-16 11:13:04,056 | WARNING | [LIVE] Order history lookup failed for 260316170618063.0: Invalid `order_id`.
2026-03-16 11:13:04,091 | WARNING | [LIVE] Order history lookup failed for nan: Invalid `order_id`.
2026-03-16 11:13:04,207 | WARNING | [LIVE] Order history lookup failed for 260316170679239.0: Invalid `order_id`.
2026-03-16 11:13:04,241 | WARNING | [LIVE] Order history lookup failed for 260316170679253.0: Invalid `order_id`.
2026-03-16 11:13:04,291 | WARNING | [LIVE] Order history lookup failed for 260316170679258.0: Invalid `order_id`.
2026-03-16 11:13:04,330 | WARNING | [LIVE] Order history lookup failed for nan: Invalid `order_id`.
2026-03-16 11:13:04,431 | WARNING | [LIVE] Order history lookup failed for 260316170684021.0: Invalid `order_id`.
2026-03-16 11:13:04,473 | WARNING | [LIVE] Order history lookup failed for 260316170684029.0: Invalid `order_id`.
2026-03-16 11:13:04,512 | WARNING | [LIVE] Order history lookup failed for 260316170684034.0: Invalid `order_id`.
2026-03-16 11:13:04,568 | WARNING | [LIVE] Order history lookup failed for nan: Invalid `order_id`.
2026-03-16 11:13:04,667 | WARNING | [LIVE] Order history lookup failed for nan: Invalid `order_id`.
2026-03-16 11:13:04,714 | WARNING | [LIVE] Order history lookup failed for nan: Invalid `order_id`.
2026-03-16 11:13:04,755 | WARNING | [LIVE] Order history lookup failed for nan: Invalid `order_id`.
2026-03-16 11:13:04,797 | WARNING | [LIVE] Order history lookup failed for nan: Invalid `order_id`.
2026-03-16 11:13:04,808 | WARNING | [RESTORE] Dropping stale tracked state TIINDIA signal_id=1e91a69fab89 (expected_qty=-1, broker_qty=0).
2026-03-16 11:13:04,809 | WARNING | [RESTORE] Dropping stale tracked state KKCL signal_id=68c32e692077 (expected_qty=-1, broker_qty=0).
2026-03-16 11:13:04,809 | WARNING | [RESTORE] Dropping stale tracked state AFFLE signal_id=ed06a416f79b (expected_qty=-1, broker_qty=0).
2026-03-16 11:13:04,809 | WARNING | [RESTORE] Dropping stale tracked state TORNTPOWER signal_id=d42379a3720b (expected_qty=-1, broker_qty=0).
2026-03-16 11:13:42,371 | INFO    | [KITE] Session ready: app1 | user=Saarit Shankar Sinha
2026-03-16 11:13:42,444 | INFO    | [KITE] Session ready: app2 | user=Saarit Shankar Sinha
2026-03-16 11:13:42,527 | INFO    | [KITE] Session ready: app3 | user=Saarit Shankar Sinha
2026-03-16 11:13:42,597 | INFO    | [KITE] Session ready: app4 | user=Saarit Shankar Sinha
2026-03-16 11:13:42,597 | INFO    | Kite primary session established: app1 | user=Saarit Shankar Sinha
2026-03-16 11:13:42,597 | INFO    | [KITE] Session pool active apps: 4
2026-03-16 11:14:09,866 | INFO    | =================================================================
2026-03-16 11:14:09,867 | INFO    | AVWAP Live Trade Executor V15 - PAPER_TRADE = FALSE
2026-03-16 11:14:09,867 | INFO    |   ***  REAL ORDERS WILL BE PLACED ON ZERODHA  ***
2026-03-16 11:14:09,867 | INFO    |   Mode              : LIVE TRADING
2026-03-16 11:14:09,867 | INFO    |   Max concurrent    : 0
2026-03-16 11:14:09,867 | INFO    |   Signal dir        : C:\Users\Saarit\OneDrive\Desktop\Trading\backtesting\eqidv2\backtesting\eqidv2\live_signals/
2026-03-16 11:14:09,867 | INFO    |   Entry cutoff at   : 15:20:00 IST
2026-03-16 11:14:09,867 | INFO    |   Forced close at   : 15:20:00 IST
2026-03-16 11:14:09,867 | INFO    |   Target policy     : SHORT=1.10% LONG=1.10% (rebased from signal entry)
2026-03-16 11:14:09,867 | INFO    |   Risk limits       : ENABLED (max_open=999, max_margin=Rs.500,000)
2026-03-16 11:14:09,867 | WARNING |   Quantity override : FORCE_ENTRY_QUANTITY=1 (all NEW entries)
2026-03-16 11:14:09,867 | INFO    | =================================================================
2026-03-16 11:14:09,867 | INFO    | Establishing Kite session...
2026-03-16 11:14:09,981 | INFO    | [KITE] Session ready: app1 | user=Saarit Shankar Sinha
2026-03-16 11:14:10,094 | INFO    | [KITE] Session ready: app2 | user=Saarit Shankar Sinha
2026-03-16 11:14:10,190 | INFO    | [KITE] Session ready: app3 | user=Saarit Shankar Sinha
2026-03-16 11:14:10,265 | INFO    | [KITE] Session ready: app4 | user=Saarit Shankar Sinha
2026-03-16 11:14:10,265 | INFO    | Kite primary session established: app1 | user=Saarit Shankar Sinha
2026-03-16 11:14:10,265 | INFO    | [KITE] Session pool active apps: 4
2026-03-16 11:14:10,410 | INFO    | [TICK] Loaded tick sizes for 9336 NSE symbols.
2026-03-16 11:14:10,410 | INFO    | Loaded 4 previously executed signals.
2026-03-16 11:14:10,427 | INFO    | Signal CSV sources: signals_2026-03-16_v15_short.csv, signals_2026-03-16_v15_long.csv
2026-03-16 11:14:10,427 | WARNING |   Trade worker cap   : DISABLED (unlimited concurrent workers)
2026-03-16 11:14:10,800 | INFO    | [RESTORE] signals_today=4 executed=4 closed_today=0 open_restored=4 stale_dropped=0 requeued_backlog=0 realized_trades=0 realized_total=Rs.+0.00 deployed_margin=Rs.1,114.85
2026-03-16 11:14:10,894 | ERROR   | [SAFETY] STALE TIINDIA signal_id=1e91a69fab89 expected=-1 broker=0
2026-03-16 11:14:10,894 | ERROR   | [SAFETY] STALE KKCL signal_id=68c32e692077 expected=-1 broker=0
2026-03-16 11:14:10,894 | ERROR   | [SAFETY] STALE AFFLE signal_id=ed06a416f79b expected=-1 broker=0
2026-03-16 11:14:10,894 | ERROR   | [SAFETY] STALE TORNTPOWER signal_id=d42379a3720b expected=-1 broker=0
2026-03-16 11:14:10,894 | ERROR   | [SAFETY] stale tracked runtime positions dropped; manual reconciliation required (TIINDIA:-1->0, KKCL:-1->0, AFFLE:-1->0, TORNTPOWER:-1->0)
2026-03-16 11:14:10,894 | INFO    | Watchdog started - monitoring live_signals\signals_2026-03-16_v15_short.csv, live_signals\signals_2026-03-16_v15_long.csv
2026-03-16 11:14:10,894 | INFO    | Checking for existing unprocessed signals...
2026-03-16 11:14:10,894 | ERROR   | [SAFETY] New entries blocked: stale tracked runtime positions dropped; manual reconciliation required (TIINDIA:-1->0, KKCL:-1->0, AFFLE:-1->0, TORNTPOWER:-1->0)
2026-03-16 11:15:17,922 | INFO    | [KITE] Session ready: app1 | user=Saarit Shankar Sinha
2026-03-16 11:15:17,990 | INFO    | [KITE] Session ready: app2 | user=Saarit Shankar Sinha
2026-03-16 11:15:18,059 | INFO    | [KITE] Session ready: app3 | user=Saarit Shankar Sinha
2026-03-16 11:15:18,129 | INFO    | [KITE] Session ready: app4 | user=Saarit Shankar Sinha
2026-03-16 11:15:18,129 | INFO    | Kite primary session established: app1 | user=Saarit Shankar Sinha
2026-03-16 11:15:18,129 | INFO    | [KITE] Session pool active apps: 4
2026-03-16 11:15:35,325 | INFO    | =================================================================
2026-03-16 11:15:35,327 | INFO    | AVWAP Live Trade Executor V15 - PAPER_TRADE = FALSE
2026-03-16 11:15:35,327 | INFO    |   ***  REAL ORDERS WILL BE PLACED ON ZERODHA  ***
2026-03-16 11:15:35,327 | INFO    |   Mode              : LIVE TRADING
2026-03-16 11:15:35,327 | INFO    |   Max concurrent    : 0
2026-03-16 11:15:35,327 | INFO    |   Signal dir        : C:\Users\Saarit\OneDrive\Desktop\Trading\backtesting\eqidv2\backtesting\eqidv2\live_signals/
2026-03-16 11:15:35,327 | INFO    |   Entry cutoff at   : 15:20:00 IST
2026-03-16 11:15:35,327 | INFO    |   Forced close at   : 15:20:00 IST
2026-03-16 11:15:35,327 | INFO    |   Target policy     : SHORT=1.10% LONG=1.10% (rebased from signal entry)
2026-03-16 11:15:35,327 | INFO    |   Risk limits       : ENABLED (max_open=999, max_margin=Rs.500,000)
2026-03-16 11:15:35,327 | WARNING |   Quantity override : FORCE_ENTRY_QUANTITY=1 (all NEW entries)
2026-03-16 11:15:35,327 | INFO    | =================================================================
2026-03-16 11:15:35,327 | INFO    | Establishing Kite session...
2026-03-16 11:15:35,416 | INFO    | [KITE] Session ready: app1 | user=Saarit Shankar Sinha
2026-03-16 11:15:35,489 | INFO    | [KITE] Session ready: app2 | user=Saarit Shankar Sinha
2026-03-16 11:15:35,572 | INFO    | [KITE] Session ready: app3 | user=Saarit Shankar Sinha
2026-03-16 11:15:35,648 | INFO    | [KITE] Session ready: app4 | user=Saarit Shankar Sinha
2026-03-16 11:15:35,650 | INFO    | Kite primary session established: app1 | user=Saarit Shankar Sinha
2026-03-16 11:15:35,650 | INFO    | [KITE] Session pool active apps: 4
2026-03-16 11:15:35,835 | INFO    | [TICK] Loaded tick sizes for 9336 NSE symbols.
2026-03-16 11:15:35,844 | INFO    | Loaded 4 previously executed signals.
2026-03-16 11:15:35,881 | INFO    | Signal CSV sources: signals_2026-03-16_v15_short.csv, signals_2026-03-16_v15_long.csv
2026-03-16 11:15:35,898 | WARNING |   Trade worker cap   : DISABLED (unlimited concurrent workers)
2026-03-16 11:15:36,472 | INFO    | [RESTORE] signals_today=4 executed=4 closed_today=0 open_restored=4 stale_dropped=0 requeued_backlog=0 realized_trades=0 realized_total=Rs.+0.00 deployed_margin=Rs.1,114.85
2026-03-16 11:15:36,564 | INFO    | [SAFETY] Broker MIS positions match restored runtime state.
2026-03-16 11:15:36,568 | INFO    | [RESUME] Restoring trade LT-1e91a69f-103226: SELL TIINDIA qty=1 | SL=2398.0 TGT=2351.4
2026-03-16 11:15:36,569 | INFO    | [RESUME] Restoring trade LT-68c32e69-104633: SELL KKCL qty=1 | SL=453.65 TGT=444.85
2026-03-16 11:15:36,572 | INFO    | [RESUME] Restoring trade LT-ed06a416-104739: SELL AFFLE qty=1 | SL=1325.2 TGT=1299.6
2026-03-16 11:15:36,575 | INFO    | [RESUME] Restoring trade LT-d42379a3-110243: SELL TORNTPOWER qty=1 | SL=1446.87 TGT=1419.03
2026-03-16 11:15:36,575 | INFO    | [RESTORE] Resumed 4 open trade monitor(s).
2026-03-16 11:15:36,581 | INFO    | Watchdog started - monitoring live_signals\signals_2026-03-16_v15_short.csv, live_signals\signals_2026-03-16_v15_long.csv
2026-03-16 11:15:36,581 | INFO    | Checking for existing unprocessed signals...
2026-03-16 11:16:13,190 | INFO    | Signal CSV changed - processing new signals from v15_short + v15_long...
2026-03-16 11:16:13,227 | INFO    | [LIVE] Starting trade LT-c0099a95-111613: SELL GRINFRA qty=1 | SL=901.93 TGT=884.58
2026-03-16 11:16:13,241 | INFO    | [DISPATCH] Launched LIVE trade: SHORT GRINFRA @ 894.42 | reserved_margin=Rs.178.88 | ID=c0099a95e2ec
2026-03-16 11:16:13,255 | INFO    | Dispatched 1 new trade(s). Active trades: 5
2026-03-16 11:16:13,296 | INFO    | [LIVE] Entry order placed: SELL GRINFRA ID=260316170835224
2026-03-16 11:16:13,458 | INFO    | [LIVE] Entry filled: GRINFRA @ 895.2
2026-03-16 11:16:13,630 | INFO    | [LIVE] Exit legs placed for GRINFRA: target_id=260316170835249 sl_id=260316170835261
2026-03-16 11:17:05,890 | INFO    | [KITE] Session ready: app1 | user=Saarit Shankar Sinha
2026-03-16 11:17:05,981 | INFO    | [KITE] Session ready: app2 | user=Saarit Shankar Sinha
2026-03-16 11:17:06,061 | INFO    | [KITE] Session ready: app3 | user=Saarit Shankar Sinha
2026-03-16 11:17:06,147 | INFO    | [KITE] Session ready: app4 | user=Saarit Shankar Sinha
2026-03-16 11:17:06,147 | INFO    | Kite primary session established: app1 | user=Saarit Shankar Sinha
2026-03-16 11:17:06,148 | INFO    | [KITE] Session pool active apps: 4
2026-03-16 11:17:12,924 | INFO    | [LIVE] SL TRIGGERED: KKCL @ 454.2 -> cancelling Target 260316170679253
2026-03-16 11:17:12,988 | INFO    | Cancelled order 260316170679253 (attempt 1)
2026-03-16 11:17:13,019 | INFO    | [LIVE] RESULT SHORT KKCL | SL | Entry=449.85 Exit=454.2 | P&L: Rs.-4.35 (-0.97%) | Day total: Rs.-4.35
2026-03-16 11:21:21,718 | INFO    | [LIVE] SL TRIGGERED: TORNTPOWER @ 1444.6 -> cancelling Target 260316170773755
2026-03-16 11:21:21,788 | INFO    | Cancelled order 260316170773755 (attempt 1)
2026-03-16 11:21:21,811 | INFO    | [LIVE] RESULT SHORT TORNTPOWER | SL | Entry=1432.5 Exit=1444.6 | P&L: Rs.-12.10 (-0.84%) | Day total: Rs.-16.45
2026-03-16 11:24:41,512 | INFO    | [LIVE] SL TRIGGERED: TIINDIA @ 2399.0 -> cancelling Target 260316170618050
2026-03-16 11:24:41,579 | INFO    | Cancelled order 260316170618050 (attempt 1)
2026-03-16 11:24:41,595 | INFO    | [LIVE] RESULT SHORT TIINDIA | SL | Entry=2377.8 Exit=2399.0 | P&L: Rs.-21.20 (-0.89%) | Day total: Rs.-37.65
2026-03-16 11:43:04,940 | INFO    | [LIVE] SL TRIGGERED: GRINFRA @ 901.9 -> cancelling Target 260316170835249
2026-03-16 11:43:05,003 | INFO    | Cancelled order 260316170835249 (attempt 1)
2026-03-16 11:43:05,025 | INFO    | [LIVE] RESULT SHORT GRINFRA | SL | Entry=895.2 Exit=901.9 | P&L: Rs.-6.70 (-0.75%) | Day total: Rs.-44.35
2026-03-16 12:17:00,784 | INFO    | Signal CSV changed - processing new signals from v15_short + v15_long...
2026-03-16 12:17:45,847 | INFO    | Signal CSV changed - processing new signals from v15_short + v15_long...
2026-03-16 12:17:45,864 | INFO    | [LIVE] Starting trade LT-8842ad2e-121745: SELL BIGBLOC qty=1 | SL=50.12 TGT=49.15
2026-03-16 12:17:45,868 | INFO    | [DISPATCH] Launched LIVE trade: SHORT BIGBLOC @ 49.7 | reserved_margin=Rs.9.94 | ID=8842ad2e634a
2026-03-16 12:17:45,884 | INFO    | Dispatched 1 new trade(s). Active trades: 2
2026-03-16 12:17:45,933 | INFO    | [LIVE] Entry order placed: SELL BIGBLOC ID=260316171060311
2026-03-16 12:17:46,068 | INFO    | [LIVE] Entry filled: BIGBLOC @ 49.53
2026-03-16 12:17:46,259 | INFO    | [LIVE] Exit legs placed for BIGBLOC: target_id=260316171060323 sl_id=260316171060328
2026-03-16 12:57:44,136 | INFO    | [LIVE] TARGET HIT: AFFLE @ 1299.6 -> cancelling SL 260316170684034
2026-03-16 12:57:44,195 | INFO    | Cancelled order 260316170684034 (attempt 1)
2026-03-16 12:57:44,214 | INFO    | [LIVE] RESULT SHORT AFFLE | TARGET | Entry=1314.1 Exit=1299.6 | P&L: Rs.+14.50 (+1.10%) | Day total: Rs.-29.85
2026-03-16 13:01:14,179 | INFO    | Signal CSV changed - processing new signals from v15_short + v15_long...
2026-03-16 13:01:14,231 | INFO    | [LIVE] Starting trade LT-ca90e4a9-130114: SELL FINEORG qty=1 | SL=4315.09 TGT=4232.07
2026-03-16 13:01:14,249 | INFO    | [DISPATCH] Launched LIVE trade: SHORT FINEORG @ 4279.14 | reserved_margin=Rs.855.83 | ID=ca90e4a981db
2026-03-16 13:01:14,257 | INFO    | Dispatched 1 new trade(s). Active trades: 2
2026-03-16 13:01:14,316 | INFO    | [LIVE] Entry order placed: SELL FINEORG ID=260316171200415
2026-03-16 13:01:14,467 | INFO    | [LIVE] Entry filled: FINEORG @ 4253.4
2026-03-16 13:01:14,631 | INFO    | [LIVE] Exit legs placed for FINEORG: target_id=260316171200422 sl_id=260316171200424
