2026-03-04 09:05:02,978 | INFO    | =================================================================
2026-03-04 09:05:02,978 | INFO    | AVWAP Live Trade Executor V5 - PAPER_TRADE = FALSE
2026-03-04 09:05:02,978 | INFO    |   ***  REAL ORDERS WILL BE PLACED ON ZERODHA  ***
2026-03-04 09:05:02,978 | INFO    |   Mode              : LIVE TRADING
2026-03-04 09:05:02,978 | INFO    |   Max concurrent    : 0
2026-03-04 09:05:02,978 | INFO    |   Signal dir        : C:\Users\Saarit\OneDrive\Desktop\Trading\backtesting\eqidv2\backtesting\eqidv2\live_signals/
2026-03-04 09:05:02,978 | INFO    |   Entry cutoff at   : 15:20:00 IST
2026-03-04 09:05:02,979 | INFO    |   Forced close at   : 15:20:00 IST
2026-03-04 09:05:02,979 | INFO    |   Risk limits       : ENABLED (max_open=10, max_margin=Rs.500,000)
2026-03-04 09:05:02,979 | WARNING |   Quantity override : FORCE_ENTRY_QUANTITY=1 (all NEW entries)
2026-03-04 09:05:02,979 | INFO    | =================================================================
2026-03-04 09:05:02,979 | INFO    | Establishing Kite session...
2026-03-04 09:05:03,291 | WARNING | [KITE] Primary session setup failed (app1): Incorrect `api_key` or `access_token`.. Continuing with fallback apps.
2026-03-04 09:05:03,375 | INFO    | [KITE] Session ready: app2 | user=Saarit Shankar Sinha
2026-03-04 09:05:03,451 | WARNING | [KITE] app3 disabled due to setup error: Incorrect `api_key` or `access_token`.
2026-03-04 09:05:03,544 | WARNING | [KITE] app4 disabled due to setup error: Incorrect `api_key` or `access_token`.
2026-03-04 09:05:03,544 | INFO    | Kite primary session established: app2 | user=Saarit Shankar Sinha
2026-03-04 09:05:03,544 | INFO    | [KITE] Session pool active apps: 1
2026-03-04 09:05:03,684 | INFO    | [TICK] Loaded tick sizes for 9230 NSE symbols.
2026-03-04 09:05:03,687 | INFO    | Loaded 0 previously executed signals.
2026-03-04 09:05:03,695 | INFO    | Signal CSV sources: signals_2026-03-04_v5_short.csv, signals_2026-03-04_v5_long.csv
2026-03-04 09:05:03,695 | WARNING |   Trade worker cap   : DISABLED (unlimited concurrent workers)
2026-03-04 09:05:03,782 | INFO    | [RESTORE] signals_today=0 executed=0 closed_today=0 open_restored=0 stale_dropped=0 requeued_backlog=0 realized_trades=0 realized_total=Rs.+0.00 deployed_margin=Rs.0.00
2026-03-04 09:05:03,898 | INFO    | [SAFETY] Broker MIS positions match restored runtime state.
2026-03-04 09:05:03,899 | INFO    | Watchdog started - monitoring live_signals\signals_2026-03-04_v5_short.csv, live_signals\signals_2026-03-04_v5_long.csv
2026-03-04 10:46:43,463 | INFO    | Signal CSV changed - processing new signals from v5_short + v5_long...
2026-03-04 10:46:43,586 | INFO    | [LIVE] Starting trade LT-b7c8e44f-104643: SELL UNITDSPR qty=1 | SL=1345.92 TGT=1319.87
2026-03-04 10:46:43,612 | INFO    | [DISPATCH] Launched LIVE trade: SHORT UNITDSPR @ 1335.9 | reserved_margin=Rs.267.18 | ID=b7c8e44fbf49
2026-03-04 10:46:43,617 | INFO    | Dispatched 1 new trade(s). Active trades: 1
2026-03-04 10:46:43,716 | INFO    | [LIVE] Entry order placed: SELL UNITDSPR ID=260304170802507
2026-03-04 10:46:43,831 | INFO    | [LIVE] Entry filled: UNITDSPR @ 1335.8
2026-03-04 10:46:43,975 | INFO    | [LIVE] Exit legs placed for UNITDSPR: target_id=260304170802515 sl_id=260304170802526
2026-03-04 11:01:10,319 | INFO    | Signal CSV changed - processing new signals from v5_short + v5_long...
2026-03-04 11:01:10,335 | INFO    | [LIVE] Starting trade LT-283bcca3-110110: SELL ORCHPHARMA qty=1 | SL=569.24 TGT=558.22
2026-03-04 11:01:10,345 | INFO    | [DISPATCH] Launched LIVE trade: SHORT ORCHPHARMA @ 565.0 | reserved_margin=Rs.113.00 | ID=283bcca3bcff
2026-03-04 11:01:10,356 | INFO    | Dispatched 1 new trade(s). Active trades: 2
2026-03-04 11:01:10,404 | INFO    | [LIVE] Entry order placed: SELL ORCHPHARMA ID=260304170861526
2026-03-04 11:01:10,524 | INFO    | [LIVE] Entry filled: ORCHPHARMA @ 564.05
2026-03-04 11:01:10,665 | INFO    | [LIVE] Exit legs placed for ORCHPHARMA: target_id=260304170861551 sl_id=260304170861556
2026-03-04 11:01:13,429 | INFO    | Signal CSV changed - processing new signals from v5_short + v5_long...
2026-03-04 11:01:13,443 | INFO    | [LIVE] Starting trade LT-42983579-110113: SELL PNB qty=1 | SL=122.52 TGT=120.15
2026-03-04 11:01:13,459 | INFO    | [DISPATCH] Launched LIVE trade: SHORT PNB @ 121.61 | reserved_margin=Rs.24.32 | ID=429835796f55
2026-03-04 11:01:13,467 | INFO    | Dispatched 1 new trade(s). Active trades: 3
2026-03-04 11:01:13,520 | INFO    | [LIVE] Entry order placed: SELL PNB ID=260304170861797
2026-03-04 11:01:13,646 | INFO    | [LIVE] Entry filled: PNB @ 121.63
2026-03-04 11:01:13,791 | INFO    | [LIVE] Exit legs placed for PNB: target_id=260304170861816 sl_id=260304170861818
2026-03-04 11:01:20,789 | INFO    | Signal CSV changed - processing new signals from v5_short + v5_long...
2026-03-04 11:01:20,807 | INFO    | [LIVE] Starting trade LT-a40f86b3-110120: SELL SAIL qty=1 | SL=154.81 TGT=151.82
2026-03-04 11:01:20,819 | INFO    | [DISPATCH] Launched LIVE trade: SHORT SAIL @ 153.66 | reserved_margin=Rs.30.73 | ID=a40f86b34864
2026-03-04 11:01:20,828 | INFO    | Dispatched 1 new trade(s). Active trades: 4
2026-03-04 11:01:20,875 | INFO    | [LIVE] Entry order placed: SELL SAIL ID=260304170862293
2026-03-04 11:01:20,993 | INFO    | [LIVE] Entry filled: SAIL @ 153.6
2026-03-04 11:01:21,135 | INFO    | [LIVE] Exit legs placed for SAIL: target_id=260304170862306 sl_id=260304170862309
2026-03-04 11:01:23,976 | INFO    | Signal CSV changed - processing new signals from v5_short + v5_long...
2026-03-04 11:01:23,994 | INFO    | [LIVE] Starting trade LT-996b0c94-110123: SELL SHARDACROP qty=1 | SL=1065.03 TGT=1044.41
2026-03-04 11:01:24,008 | INFO    | [DISPATCH] Launched LIVE trade: SHORT SHARDACROP @ 1057.1 | reserved_margin=Rs.211.42 | ID=996b0c948af3
2026-03-04 11:01:24,017 | INFO    | Dispatched 1 new trade(s). Active trades: 5
2026-03-04 11:01:24,066 | INFO    | [LIVE] Entry order placed: SELL SHARDACROP ID=260304170862471
2026-03-04 11:01:24,190 | INFO    | [LIVE] Entry filled: SHARDACROP @ 1057.1
2026-03-04 11:01:24,332 | INFO    | [LIVE] Exit legs placed for SHARDACROP: target_id=260304170862485 sl_id=260304170862491
2026-03-04 11:06:39,604 | INFO    | [LIVE] SL TRIGGERED: SAIL @ 154.75 -> cancelling Target 260304170862306
2026-03-04 11:06:39,680 | INFO    | Cancelled order 260304170862306 (attempt 1)
2026-03-04 11:06:39,702 | INFO    | [LIVE] RESULT SHORT SAIL | SL | Entry=153.6 Exit=154.75 | P&L: Rs.-1.15 (-0.75%) | Day total: Rs.-1.15
2026-03-04 11:15:52,070 | INFO    | Signal CSV changed - processing new signals from v5_short + v5_long...
2026-03-04 11:15:52,085 | INFO    | [LIVE] Starting trade LT-6c0801a6-111552: SELL INDOAMIN qty=1 | SL=102.22 TGT=100.24
2026-03-04 11:15:52,098 | INFO    | [DISPATCH] Launched LIVE trade: SHORT INDOAMIN @ 101.46 | reserved_margin=Rs.20.29 | ID=6c0801a6f1bf
2026-03-04 11:15:52,109 | INFO    | Dispatched 1 new trade(s). Active trades: 5
2026-03-04 11:15:52,159 | WARNING | [MIS] Marked INDOAMIN as MIS blocked/missing for today: MIS orders are currently blocked for INDOAMIN. Place a CNC order instead. [List of stocks](https://docs.google.com/spreadsheets/d/1fLTsNpFJPK349RTjs0GRSXJZD-5soCUkZt9eSMTJ2m4/ed...
2026-03-04 11:15:52,160 | WARNING | [LIVE] Entry rejected for INDOAMIN: MIS blocked/missing. Reason: MIS orders are currently blocked for INDOAMIN. Place a CNC order instead. [List of stocks](https://docs.google.com/spreadsheets/d/1fLTsNpFJPK349RTjs0GRSXJZD-5soCUkZt9eSMTJ2m4/edit?usp=sharing) allo...
2026-03-04 11:15:52,187 | INFO    | [LIVE] RESULT SHORT INDOAMIN | ENTRY_REJECTED_MIS_BLOCKED_OR_MISSING | Entry=101.46 Exit=101.46 | P&L: Rs.+0.00 (+0.00%) | Day total: Rs.-1.15
2026-03-04 11:16:00,760 | INFO    | Signal CSV changed - processing new signals from v5_short + v5_long...
2026-03-04 11:16:00,776 | INFO    | [LIVE] Starting trade LT-b9b7837f-111600: SELL KSCL qty=1 | SL=728.17 TGT=714.08
2026-03-04 11:16:00,788 | INFO    | [DISPATCH] Launched LIVE trade: SHORT KSCL @ 722.75 | reserved_margin=Rs.144.55 | ID=b9b7837f61d2
2026-03-04 11:16:00,788 | INFO    | Dispatched 1 new trade(s). Active trades: 5
2026-03-04 11:16:00,841 | INFO    | [LIVE] Entry order placed: SELL KSCL ID=260304170927632
2026-03-04 11:16:00,968 | INFO    | [LIVE] Entry filled: KSCL @ 722.3
2026-03-04 11:16:01,117 | INFO    | [LIVE] Exit legs placed for KSCL: target_id=260304170927644 sl_id=260304170927646
2026-03-04 11:16:14,648 | INFO    | Signal CSV changed - processing new signals from v5_short + v5_long...
2026-03-04 11:16:14,664 | INFO    | [LIVE] Starting trade LT-931eccfc-111614: SELL PGEL qty=1 | SL=586.77 TGT=575.41
2026-03-04 11:16:14,674 | INFO    | [DISPATCH] Launched LIVE trade: SHORT PGEL @ 582.4 | reserved_margin=Rs.116.48 | ID=931eccfcb666
2026-03-04 11:16:14,685 | INFO    | Dispatched 1 new trade(s). Active trades: 6
2026-03-04 11:16:14,726 | INFO    | [LIVE] Entry order placed: SELL PGEL ID=260304170928475
2026-03-04 11:16:14,861 | INFO    | [LIVE] Entry filled: PGEL @ 582.4
2026-03-04 11:16:15,024 | INFO    | [LIVE] Exit legs placed for PGEL: target_id=260304170928483 sl_id=260304170928491
2026-03-04 11:16:40,399 | INFO    | Signal CSV changed - processing new signals from v5_short + v5_long...
2026-03-04 11:16:40,416 | INFO    | [LIVE] Starting trade LT-a9208b3a-111640: SELL ZYDUSLIFE qty=1 | SL=898.64 TGT=881.25
2026-03-04 11:16:40,416 | INFO    | [DISPATCH] Launched LIVE trade: SHORT ZYDUSLIFE @ 891.95 | reserved_margin=Rs.178.39 | ID=a9208b3a6fec
2026-03-04 11:16:40,437 | INFO    | Dispatched 1 new trade(s). Active trades: 7
2026-03-04 11:16:40,477 | INFO    | [LIVE] Entry order placed: SELL ZYDUSLIFE ID=260304170930111
2026-03-04 11:16:40,602 | INFO    | [LIVE] Entry filled: ZYDUSLIFE @ 891.75
2026-03-04 11:16:40,742 | INFO    | [LIVE] Exit legs placed for ZYDUSLIFE: target_id=260304170930120 sl_id=260304170930126
2026-03-04 11:16:56,789 | INFO    | Signal CSV changed - processing new signals from v5_short + v5_long...
2026-03-04 11:16:56,804 | INFO    | [LIVE] Starting trade LT-fd8f843d-111656: SELL DOMS qty=1 | SL=2211.26 TGT=2168.46
2026-03-04 11:16:56,817 | INFO    | [DISPATCH] Launched LIVE trade: SHORT DOMS @ 2194.8 | reserved_margin=Rs.438.96 | ID=fd8f843db53d
2026-03-04 11:16:56,826 | INFO    | Dispatched 1 new trade(s). Active trades: 8
2026-03-04 11:16:56,868 | INFO    | [LIVE] Entry order placed: SELL DOMS ID=260304170931182
2026-03-04 11:16:57,002 | INFO    | [LIVE] Entry filled: DOMS @ 2193.9
2026-03-04 11:16:57,151 | INFO    | [LIVE] Exit legs placed for DOMS: target_id=260304170931195 sl_id=260304170931203
2026-03-04 11:30:46,566 | INFO    | Signal CSV changed - processing new signals from v5_short + v5_long...
2026-03-04 11:30:46,589 | INFO    | [LIVE] Starting trade LT-3db929c7-113046: SELL HINDCOPPER qty=1 | SL=548.28 TGT=537.67
2026-03-04 11:30:46,606 | INFO    | [DISPATCH] Launched LIVE trade: SHORT HINDCOPPER @ 544.2 | reserved_margin=Rs.108.84 | ID=3db929c78241
2026-03-04 11:30:46,619 | INFO    | Dispatched 1 new trade(s). Active trades: 9
2026-03-04 11:30:46,977 | INFO    | [LIVE] Entry order placed: SELL HINDCOPPER ID=260304170987335
2026-03-04 11:30:47,114 | INFO    | [LIVE] Entry filled: HINDCOPPER @ 544.3
2026-03-04 11:30:47,256 | INFO    | [LIVE] Exit legs placed for HINDCOPPER: target_id=260304170987376 sl_id=260304170987384
2026-03-04 11:30:53,133 | INFO    | Signal CSV changed - processing new signals from v5_short + v5_long...
2026-03-04 11:30:53,148 | INFO    | [LIVE] Starting trade LT-ae0e9059-113053: SELL IPCALAB qty=1 | SL=1475.28 TGT=1446.73
2026-03-04 11:30:53,159 | INFO    | [DISPATCH] Launched LIVE trade: SHORT IPCALAB @ 1464.3 | reserved_margin=Rs.292.86 | ID=ae0e90591166
2026-03-04 11:30:53,173 | INFO    | Dispatched 1 new trade(s). Active trades: 10
2026-03-04 11:30:53,211 | INFO    | [LIVE] Entry order placed: SELL IPCALAB ID=260304170987838
2026-03-04 11:30:53,344 | INFO    | [LIVE] Entry filled: IPCALAB @ 1463.5
2026-03-04 11:30:53,476 | INFO    | [LIVE] Exit legs placed for IPCALAB: target_id=260304170987856 sl_id=260304170987860
2026-03-04 11:30:55,664 | INFO    | Signal CSV changed - processing new signals from v5_short + v5_long...
2026-03-04 11:30:55,682 | WARNING | [RISK] Rejecting SHORT JKIL: max open positions reached (10/10)
2026-03-04 11:35:38,243 | INFO    | [LIVE] TARGET HIT: ORCHPHARMA @ 557.25 -> cancelling SL 260304170861556
2026-03-04 11:35:38,320 | INFO    | Cancelled order 260304170861556 (attempt 1)
2026-03-04 11:35:38,336 | INFO    | [LIVE] RESULT SHORT ORCHPHARMA | TARGET | Entry=564.05 Exit=557.25 | P&L: Rs.+6.80 (+1.21%) | Day total: Rs.+5.65
2026-03-04 11:45:33,894 | INFO    | Signal CSV changed - processing new signals from v5_short + v5_long...
2026-03-04 11:45:33,921 | INFO    | [LIVE] Starting trade LT-7d281826-114533: SELL FACT qty=1 | SL=679.66 TGT=666.5
2026-03-04 11:45:33,933 | INFO    | [DISPATCH] Launched LIVE trade: SHORT FACT @ 674.6 | reserved_margin=Rs.134.92 | ID=7d2818260c07
2026-03-04 11:45:33,945 | INFO    | Dispatched 1 new trade(s). Active trades: 10
2026-03-04 11:45:33,988 | INFO    | [LIVE] Entry order placed: SELL FACT ID=260304171044259
2026-03-04 11:45:34,116 | INFO    | [LIVE] Entry filled: FACT @ 674.65
2026-03-04 11:45:34,269 | INFO    | [LIVE] Exit legs placed for FACT: target_id=260304171044277 sl_id=260304171044281
2026-03-04 11:46:40,489 | INFO    | Signal CSV changed - processing new signals from v5_short + v5_long...
2026-03-04 11:46:40,504 | WARNING | [RISK] Rejecting SHORT ALLDIGI: max open positions reached (10/10)
2026-03-04 11:46:52,082 | INFO    | Signal CSV changed - processing new signals from v5_short + v5_long...
2026-03-04 11:46:52,098 | WARNING | [RISK] Rejecting SHORT DEEPAKNTR: max open positions reached (10/10)
2026-03-04 12:16:04,506 | INFO    | [LIVE] TARGET HIT: KSCL @ 713.65 -> cancelling SL 260304170927646
2026-03-04 12:16:04,592 | INFO    | Cancelled order 260304170927646 (attempt 1)
2026-03-04 12:16:04,604 | INFO    | [LIVE] RESULT SHORT KSCL | TARGET | Entry=722.3 Exit=713.65 | P&L: Rs.+8.65 (+1.20%) | Day total: Rs.+14.30
2026-03-04 12:16:53,832 | INFO    | Signal CSV changed - processing new signals from v5_short + v5_long...
2026-03-04 12:16:53,855 | INFO    | [LIVE] Starting trade LT-e34b78a7-121653: SELL CYIENT qty=1 | SL=884.43 TGT=867.32
2026-03-04 12:16:53,863 | INFO    | [DISPATCH] Launched LIVE trade: SHORT CYIENT @ 877.85 | reserved_margin=Rs.175.57 | ID=e34b78a78529
2026-03-04 12:16:53,863 | INFO    | Dispatched 1 new trade(s). Active trades: 10
2026-03-04 12:16:53,919 | INFO    | [LIVE] Entry order placed: SELL CYIENT ID=260304171145083
2026-03-04 12:16:54,040 | INFO    | [LIVE] Entry filled: CYIENT @ 877.15
2026-03-04 12:16:54,180 | INFO    | [LIVE] Exit legs placed for CYIENT: target_id=260304171145089 sl_id=260304171145091
2026-03-04 12:21:58,170 | INFO    | [LIVE] TARGET HIT: SHARDACROP @ 1044.4 -> cancelling SL 260304170862491
2026-03-04 12:21:58,250 | INFO    | Cancelled order 260304170862491 (attempt 1)
2026-03-04 12:21:58,284 | INFO    | [LIVE] RESULT SHORT SHARDACROP | TARGET | Entry=1057.1 Exit=1044.4 | P&L: Rs.+12.70 (+1.20%) | Day total: Rs.+27.00
2026-03-04 13:03:47,914 | INFO    | [LIVE] SL TRIGGERED: HINDCOPPER @ 548.5 -> cancelling Target 260304170987376
2026-03-04 13:03:47,993 | INFO    | Cancelled order 260304170987376 (attempt 1)
2026-03-04 13:03:48,013 | INFO    | [LIVE] RESULT SHORT HINDCOPPER | SL | Entry=544.3 Exit=548.5 | P&L: Rs.-4.20 (-0.77%) | Day total: Rs.+22.80
2026-03-04 13:17:06,583 | INFO    | Signal CSV changed - processing new signals from v5_short + v5_long...
2026-03-04 13:24:09,926 | INFO    | [LIVE] SL TRIGGERED: PGEL @ 586.8 -> cancelling Target 260304170928483
2026-03-04 13:24:10,019 | INFO    | Cancelled order 260304170928483 (attempt 1)
2026-03-04 13:24:10,035 | INFO    | [LIVE] RESULT SHORT PGEL | SL | Entry=582.4 Exit=586.8 | P&L: Rs.-4.40 (-0.76%) | Day total: Rs.+18.40
2026-03-04 13:25:20,561 | INFO    | [LIVE] SL TRIGGERED: CYIENT @ 884.0 -> cancelling Target 260304171145089
2026-03-04 13:25:20,656 | INFO    | Cancelled order 260304171145089 (attempt 1)
2026-03-04 13:25:20,678 | INFO    | [LIVE] RESULT SHORT CYIENT | SL | Entry=877.15 Exit=884.0 | P&L: Rs.-6.85 (-0.78%) | Day total: Rs.+11.55
2026-03-04 13:34:39,349 | INFO    | [LIVE] TARGET HIT: UNITDSPR @ 1319.8 -> cancelling SL 260304170802526
2026-03-04 13:34:39,443 | INFO    | Cancelled order 260304170802526 (attempt 1)
2026-03-04 13:34:39,459 | INFO    | [LIVE] RESULT SHORT UNITDSPR | TARGET | Entry=1335.8 Exit=1319.8 | P&L: Rs.+16.00 (+1.20%) | Day total: Rs.+27.55
2026-03-04 13:48:32,429 | INFO    | [LIVE] SL TRIGGERED: ZYDUSLIFE @ 898.5 -> cancelling Target 260304170930120
2026-03-04 13:48:32,526 | INFO    | Cancelled order 260304170930120 (attempt 1)
2026-03-04 13:48:32,543 | INFO    | [LIVE] RESULT SHORT ZYDUSLIFE | SL | Entry=891.75 Exit=898.5 | P&L: Rs.-6.75 (-0.76%) | Day total: Rs.+20.80
2026-03-04 14:17:06,598 | INFO    | Signal CSV changed - processing new signals from v5_short + v5_long...
2026-03-04 14:21:16,375 | INFO    | [LIVE] SL TRIGGERED: IPCALAB @ 1474.6 -> cancelling Target 260304170987856
2026-03-04 14:21:16,457 | INFO    | Cancelled order 260304170987856 (attempt 1)
2026-03-04 14:21:16,473 | INFO    | [LIVE] RESULT SHORT IPCALAB | SL | Entry=1463.5 Exit=1474.6 | P&L: Rs.-11.10 (-0.76%) | Day total: Rs.+9.70
2026-03-04 15:17:21,582 | INFO    | Signal CSV changed - processing new signals from v5_short + v5_long...
2026-03-04 15:20:00,190 | WARNING | [EOD.GLOBAL] entry cutoff reached at 15:20:00 IST; EOD flatten in progress
2026-03-04 15:20:00,341 | INFO    | Cancelled order 260304170931195 (attempt 1)
2026-03-04 15:20:00,426 | INFO    | Cancelled order 260304170931203 (attempt 1)
2026-03-04 15:20:00,504 | INFO    | Cancelled order 260304171044277 (attempt 1)
2026-03-04 15:20:00,600 | INFO    | Cancelled order 260304171044281 (attempt 1)
2026-03-04 15:20:00,682 | INFO    | Cancelled order 260304170861816 (attempt 1)
2026-03-04 15:20:00,755 | INFO    | Cancelled order 260304170861818 (attempt 1)
2026-03-04 15:20:01,766 | INFO    | [LIVE] EOD forced close for FACT
2026-03-04 15:20:01,766 | INFO    | [LIVE] EOD forced close for PNB
2026-03-04 15:20:01,766 | INFO    | [LIVE] EOD forced close for DOMS
2026-03-04 15:20:01,847 | WARNING | Cancel attempt 1/3 for 260304170861816: Order cannot be cancelled as it is being processed. Try later.
2026-03-04 15:20:01,893 | WARNING | Cancel attempt 1/3 for 260304171044277: Order cannot be cancelled as it is being processed. Try later.
2026-03-04 15:20:01,894 | WARNING | Cancel attempt 1/3 for 260304170931195: Order cannot be cancelled as it is being processed. Try later.
2026-03-04 15:20:03,940 | WARNING | Cancel attempt 2/3 for 260304170861816: Order cannot be cancelled as it is being processed. Try later.
2026-03-04 15:20:03,973 | WARNING | Cancel attempt 2/3 for 260304171044277: Order cannot be cancelled as it is being processed. Try later.
2026-03-04 15:20:03,990 | WARNING | Cancel attempt 2/3 for 260304170931195: Order cannot be cancelled as it is being processed. Try later.
2026-03-04 15:20:05,929 | WARNING | Cancel attempt 1/3 for 260304170931195: Order cannot be cancelled as it is being processed. Try later.
2026-03-04 15:20:06,021 | WARNING | Cancel attempt 3/3 for 260304170861816: Order cannot be cancelled as it is being processed. Try later.
2026-03-04 15:20:06,021 | ERROR   | FAILED to cancel order 260304170861816 after 3 attempts
2026-03-04 15:20:06,053 | WARNING | Cancel attempt 3/3 for 260304171044277: Order cannot be cancelled as it is being processed. Try later.
2026-03-04 15:20:06,053 | ERROR   | FAILED to cancel order 260304171044277 after 3 attempts
2026-03-04 15:20:06,066 | WARNING | Cancel attempt 3/3 for 260304170931195: Order cannot be cancelled as it is being processed. Try later.
2026-03-04 15:20:06,066 | ERROR   | FAILED to cancel order 260304170931195 after 3 attempts
2026-03-04 15:20:06,102 | WARNING | Cancel attempt 1/3 for 260304170861818: Order cannot be cancelled as it is being processed. Try later.
2026-03-04 15:20:06,136 | WARNING | Cancel attempt 1/3 for 260304171044281: Order cannot be cancelled as it is being processed. Try later.
2026-03-04 15:20:06,148 | WARNING | Cancel attempt 1/3 for 260304170931203: Order cannot be cancelled as it is being processed. Try later.
2026-03-04 15:20:08,017 | WARNING | Cancel attempt 2/3 for 260304170931195: Order cannot be cancelled as it is being processed. Try later.
2026-03-04 15:20:08,184 | WARNING | Cancel attempt 2/3 for 260304170861818: Order cannot be cancelled as it is being processed. Try later.
2026-03-04 15:20:08,223 | WARNING | Cancel attempt 2/3 for 260304171044281: Order cannot be cancelled as it is being processed. Try later.
2026-03-04 15:20:08,225 | WARNING | Cancel attempt 2/3 for 260304170931203: Order cannot be cancelled as it is being processed. Try later.
2026-03-04 15:20:10,113 | WARNING | Cancel attempt 3/3 for 260304170931195: Order cannot be cancelled as it is being processed. Try later.
2026-03-04 15:20:10,113 | ERROR   | FAILED to cancel order 260304170931195 after 3 attempts
2026-03-04 15:20:10,193 | WARNING | Cancel attempt 1/3 for 260304170931203: Order cannot be cancelled as it is being processed. Try later.
2026-03-04 15:20:10,270 | WARNING | Cancel attempt 3/3 for 260304170861818: Order cannot be cancelled as it is being processed. Try later.
2026-03-04 15:20:10,270 | ERROR   | FAILED to cancel order 260304170861818 after 3 attempts
2026-03-04 15:20:10,303 | WARNING | Cancel attempt 3/3 for 260304171044281: Order cannot be cancelled as it is being processed. Try later.
2026-03-04 15:20:10,303 | ERROR   | FAILED to cancel order 260304171044281 after 3 attempts
2026-03-04 15:20:10,317 | WARNING | Cancel attempt 3/3 for 260304170931203: Order cannot be cancelled as it is being processed. Try later.
2026-03-04 15:20:10,317 | ERROR   | FAILED to cancel order 260304170931203 after 3 attempts
2026-03-04 15:20:10,336 | WARNING | [LIVE] Skipping EOD force-close for PNB: broker_qty=0 (already flat/opposite).
2026-03-04 15:20:10,353 | INFO    | [LIVE] RESULT SHORT PNB | EOD_FLAT_NO_FORCE_CLOSE | Entry=121.63 Exit=121.63 | P&L: Rs.+0.00 (+0.00%) | Day total: Rs.+9.70
2026-03-04 15:20:10,363 | WARNING | [LIVE] Skipping EOD force-close for FACT: broker_qty=0 (already flat/opposite).
2026-03-04 15:20:10,373 | WARNING | [LIVE] Skipping EOD force-close for DOMS: broker_qty=0 (already flat/opposite).
2026-03-04 15:20:10,396 | INFO    | [LIVE] RESULT SHORT FACT | EOD_FLAT_NO_FORCE_CLOSE | Entry=674.65 Exit=674.65 | P&L: Rs.+0.00 (+0.00%) | Day total: Rs.+9.70
2026-03-04 15:20:10,411 | INFO    | [LIVE] RESULT SHORT DOMS | EOD_FLAT_NO_FORCE_CLOSE | Entry=2193.9 Exit=2193.9 | P&L: Rs.+0.00 (+0.00%) | Day total: Rs.+9.70
2026-03-04 15:20:12,274 | WARNING | Cancel attempt 2/3 for 260304170931203: Order cannot be cancelled as it is being processed. Try later.
2026-03-04 15:20:14,367 | WARNING | Cancel attempt 3/3 for 260304170931203: Order cannot be cancelled as it is being processed. Try later.
2026-03-04 15:20:14,367 | ERROR   | FAILED to cancel order 260304170931203 after 3 attempts
2026-03-04 15:20:14,463 | WARNING | Cancel attempt 1/3 for 260304171044277: Order cannot be cancelled as it is being processed. Try later.
2026-03-04 15:20:16,535 | WARNING | Cancel attempt 2/3 for 260304171044277: Order cannot be cancelled as it is being processed. Try later.
2026-03-04 15:20:18,629 | WARNING | Cancel attempt 3/3 for 260304171044277: Order cannot be cancelled as it is being processed. Try later.
2026-03-04 15:20:18,629 | ERROR   | FAILED to cancel order 260304171044277 after 3 attempts
2026-03-04 15:20:18,720 | WARNING | Cancel attempt 1/3 for 260304171044281: Order cannot be cancelled as it is being processed. Try later.
2026-03-04 15:20:20,815 | WARNING | Cancel attempt 2/3 for 260304171044281: Order cannot be cancelled as it is being processed. Try later.
2026-03-04 15:20:22,898 | WARNING | Cancel attempt 3/3 for 260304171044281: Order cannot be cancelled as it is being processed. Try later.
2026-03-04 15:20:22,898 | ERROR   | FAILED to cancel order 260304171044281 after 3 attempts
2026-03-04 15:20:22,978 | WARNING | Cancel attempt 1/3 for 260304170861816: Order cannot be cancelled as it is being processed. Try later.
2026-03-04 15:20:25,051 | WARNING | Cancel attempt 2/3 for 260304170861816: Order cannot be cancelled as it is being processed. Try later.
2026-03-04 15:20:27,144 | WARNING | Cancel attempt 3/3 for 260304170861816: Order cannot be cancelled as it is being processed. Try later.
2026-03-04 15:20:27,144 | ERROR   | FAILED to cancel order 260304170861816 after 3 attempts
2026-03-04 15:20:27,223 | WARNING | Cancel attempt 1/3 for 260304170861818: Order cannot be cancelled as it is being processed. Try later.
2026-03-04 15:20:29,327 | WARNING | Cancel attempt 2/3 for 260304170861818: Order cannot be cancelled as it is being processed. Try later.
2026-03-04 15:20:31,415 | WARNING | Cancel attempt 3/3 for 260304170861818: Order cannot be cancelled as it is being processed. Try later.
2026-03-04 15:20:31,415 | ERROR   | FAILED to cancel order 260304170861818 after 3 attempts
2026-03-04 15:30:00,704 | INFO    | Market closed. All trades complete.
2026-03-04 15:30:00,708 | INFO    | =======================================================
2026-03-04 15:30:00,708 | INFO    | DAILY LIVE TRADE SUMMARY
2026-03-04 15:30:00,708 | INFO    |   Total trades : 14
2026-03-04 15:30:00,708 | INFO    |   Wins         : 4
2026-03-04 15:30:00,708 | INFO    |   Losses       : 6
2026-03-04 15:30:00,708 | INFO    |   Win rate     : 28.6%
2026-03-04 15:30:00,708 | INFO    |   Total P&L    : Rs.+9.70
2026-03-04 15:30:00,708 | INFO    | =======================================================
2026-03-04 15:30:00,708 | INFO    | Live trade executor stopped.
