2026-03-03 09:05:02,590 | INFO    | =================================================================
2026-03-03 09:05:02,590 | INFO    | AVWAP Live Trade Executor V5 - PAPER_TRADE = FALSE
2026-03-03 09:05:02,590 | INFO    |   ***  REAL ORDERS WILL BE PLACED ON ZERODHA  ***
2026-03-03 09:05:02,590 | INFO    |   Mode              : LIVE TRADING
2026-03-03 09:05:02,590 | INFO    |   Max concurrent    : 0
2026-03-03 09:05:02,590 | INFO    |   Signal dir        : C:\Users\Saarit\OneDrive\Desktop\Trading\backtesting\eqidv2\backtesting\eqidv2\live_signals/
2026-03-03 09:05:02,590 | INFO    |   Entry cutoff at   : 15:20:00 IST
2026-03-03 09:05:02,590 | INFO    |   Forced close at   : 15:20:00 IST
2026-03-03 09:05:02,590 | INFO    |   Risk limits       : ENABLED (max_open=10, max_margin=Rs.500,000)
2026-03-03 09:05:02,591 | WARNING |   Quantity override : FORCE_ENTRY_QUANTITY=1 (all NEW entries)
2026-03-03 09:05:02,591 | INFO    | =================================================================
2026-03-03 09:05:02,591 | INFO    | Establishing Kite session...
2026-03-03 09:05:02,860 | ERROR   | Primary Kite session setup failed (app1): Incorrect `api_key` or `access_token`.
2026-03-03 09:05:22,615 | INFO    | =================================================================
2026-03-03 09:05:22,615 | INFO    | AVWAP Live Trade Executor V5 - PAPER_TRADE = FALSE
2026-03-03 09:05:22,615 | INFO    |   ***  REAL ORDERS WILL BE PLACED ON ZERODHA  ***
2026-03-03 09:05:22,615 | INFO    |   Mode              : LIVE TRADING
2026-03-03 09:05:22,615 | INFO    |   Max concurrent    : 0
2026-03-03 09:05:22,615 | INFO    |   Signal dir        : C:\Users\Saarit\OneDrive\Desktop\Trading\backtesting\eqidv2\backtesting\eqidv2\live_signals/
2026-03-03 09:05:22,615 | INFO    |   Entry cutoff at   : 15:20:00 IST
2026-03-03 09:05:22,615 | INFO    |   Forced close at   : 15:20:00 IST
2026-03-03 09:05:22,615 | INFO    |   Risk limits       : ENABLED (max_open=10, max_margin=Rs.500,000)
2026-03-03 09:05:22,615 | WARNING |   Quantity override : FORCE_ENTRY_QUANTITY=1 (all NEW entries)
2026-03-03 09:05:22,615 | INFO    | =================================================================
2026-03-03 09:05:22,615 | INFO    | Establishing Kite session...
2026-03-03 09:05:22,699 | ERROR   | Primary Kite session setup failed (app1): Incorrect `api_key` or `access_token`.
2026-03-03 09:05:42,663 | INFO    | =================================================================
2026-03-03 09:05:42,664 | INFO    | AVWAP Live Trade Executor V5 - PAPER_TRADE = FALSE
2026-03-03 09:05:42,664 | INFO    |   ***  REAL ORDERS WILL BE PLACED ON ZERODHA  ***
2026-03-03 09:05:42,664 | INFO    |   Mode              : LIVE TRADING
2026-03-03 09:05:42,664 | INFO    |   Max concurrent    : 0
2026-03-03 09:05:42,664 | INFO    |   Signal dir        : C:\Users\Saarit\OneDrive\Desktop\Trading\backtesting\eqidv2\backtesting\eqidv2\live_signals/
2026-03-03 09:05:42,664 | INFO    |   Entry cutoff at   : 15:20:00 IST
2026-03-03 09:05:42,664 | INFO    |   Forced close at   : 15:20:00 IST
2026-03-03 09:05:42,664 | INFO    |   Risk limits       : ENABLED (max_open=10, max_margin=Rs.500,000)
2026-03-03 09:05:42,664 | WARNING |   Quantity override : FORCE_ENTRY_QUANTITY=1 (all NEW entries)
2026-03-03 09:05:42,664 | INFO    | =================================================================
2026-03-03 09:05:42,664 | INFO    | Establishing Kite session...
2026-03-03 09:05:42,753 | ERROR   | Primary Kite session setup failed (app1): Incorrect `api_key` or `access_token`.
2026-03-03 09:06:02,641 | INFO    | =================================================================
2026-03-03 09:06:02,641 | INFO    | AVWAP Live Trade Executor V5 - PAPER_TRADE = FALSE
2026-03-03 09:06:02,641 | INFO    |   ***  REAL ORDERS WILL BE PLACED ON ZERODHA  ***
2026-03-03 09:06:02,641 | INFO    |   Mode              : LIVE TRADING
2026-03-03 09:06:02,641 | INFO    |   Max concurrent    : 0
2026-03-03 09:06:02,641 | INFO    |   Signal dir        : C:\Users\Saarit\OneDrive\Desktop\Trading\backtesting\eqidv2\backtesting\eqidv2\live_signals/
2026-03-03 09:06:02,641 | INFO    |   Entry cutoff at   : 15:20:00 IST
2026-03-03 09:06:02,641 | INFO    |   Forced close at   : 15:20:00 IST
2026-03-03 09:06:02,641 | INFO    |   Risk limits       : ENABLED (max_open=10, max_margin=Rs.500,000)
2026-03-03 09:06:02,641 | WARNING |   Quantity override : FORCE_ENTRY_QUANTITY=1 (all NEW entries)
2026-03-03 09:06:02,641 | INFO    | =================================================================
2026-03-03 09:06:02,642 | INFO    | Establishing Kite session...
2026-03-03 09:06:02,727 | ERROR   | Primary Kite session setup failed (app1): Incorrect `api_key` or `access_token`.
2026-03-03 09:06:22,703 | INFO    | =================================================================
2026-03-03 09:06:22,703 | INFO    | AVWAP Live Trade Executor V5 - PAPER_TRADE = FALSE
2026-03-03 09:06:22,703 | INFO    |   ***  REAL ORDERS WILL BE PLACED ON ZERODHA  ***
2026-03-03 09:06:22,703 | INFO    |   Mode              : LIVE TRADING
2026-03-03 09:06:22,703 | INFO    |   Max concurrent    : 0
2026-03-03 09:06:22,703 | INFO    |   Signal dir        : C:\Users\Saarit\OneDrive\Desktop\Trading\backtesting\eqidv2\backtesting\eqidv2\live_signals/
2026-03-03 09:06:22,703 | INFO    |   Entry cutoff at   : 15:20:00 IST
2026-03-03 09:06:22,704 | INFO    |   Forced close at   : 15:20:00 IST
2026-03-03 09:06:22,704 | INFO    |   Risk limits       : ENABLED (max_open=10, max_margin=Rs.500,000)
2026-03-03 09:06:22,704 | WARNING |   Quantity override : FORCE_ENTRY_QUANTITY=1 (all NEW entries)
2026-03-03 09:06:22,704 | INFO    | =================================================================
2026-03-03 09:06:22,704 | INFO    | Establishing Kite session...
2026-03-03 09:06:22,793 | ERROR   | Primary Kite session setup failed (app1): Incorrect `api_key` or `access_token`.
2026-03-03 09:06:43,076 | INFO    | =================================================================
2026-03-03 09:06:43,076 | INFO    | AVWAP Live Trade Executor V5 - PAPER_TRADE = FALSE
2026-03-03 09:06:43,077 | INFO    |   ***  REAL ORDERS WILL BE PLACED ON ZERODHA  ***
2026-03-03 09:06:43,077 | INFO    |   Mode              : LIVE TRADING
2026-03-03 09:06:43,077 | INFO    |   Max concurrent    : 0
2026-03-03 09:06:43,077 | INFO    |   Signal dir        : C:\Users\Saarit\OneDrive\Desktop\Trading\backtesting\eqidv2\backtesting\eqidv2\live_signals/
2026-03-03 09:06:43,077 | INFO    |   Entry cutoff at   : 15:20:00 IST
2026-03-03 09:06:43,077 | INFO    |   Forced close at   : 15:20:00 IST
2026-03-03 09:06:43,077 | INFO    |   Risk limits       : ENABLED (max_open=10, max_margin=Rs.500,000)
2026-03-03 09:06:43,077 | WARNING |   Quantity override : FORCE_ENTRY_QUANTITY=1 (all NEW entries)
2026-03-03 09:06:43,077 | INFO    | =================================================================
2026-03-03 09:06:43,077 | INFO    | Establishing Kite session...
2026-03-03 09:06:43,146 | ERROR   | Primary Kite session setup failed (app1): Incorrect `api_key` or `access_token`.
2026-03-03 09:09:02,904 | INFO    | =================================================================
2026-03-03 09:09:02,904 | INFO    | AVWAP Live Trade Executor V5 - PAPER_TRADE = FALSE
2026-03-03 09:09:02,904 | INFO    |   ***  REAL ORDERS WILL BE PLACED ON ZERODHA  ***
2026-03-03 09:09:02,904 | INFO    |   Mode              : LIVE TRADING
2026-03-03 09:09:02,904 | INFO    |   Max concurrent    : 0
2026-03-03 09:09:02,904 | INFO    |   Signal dir        : C:\Users\Saarit\OneDrive\Desktop\Trading\backtesting\eqidv2\backtesting\eqidv2\live_signals/
2026-03-03 09:09:02,904 | INFO    |   Entry cutoff at   : 15:20:00 IST
2026-03-03 09:09:02,904 | INFO    |   Forced close at   : 15:20:00 IST
2026-03-03 09:09:02,904 | INFO    |   Risk limits       : ENABLED (max_open=10, max_margin=Rs.500,000)
2026-03-03 09:09:02,904 | WARNING |   Quantity override : FORCE_ENTRY_QUANTITY=1 (all NEW entries)
2026-03-03 09:09:02,904 | INFO    | =================================================================
2026-03-03 09:09:02,905 | INFO    | Establishing Kite session...
2026-03-03 09:09:02,996 | ERROR   | Primary Kite session setup failed (app1): Incorrect `api_key` or `access_token`.
2026-03-03 09:11:23,014 | INFO    | =================================================================
2026-03-03 09:11:23,014 | INFO    | AVWAP Live Trade Executor V5 - PAPER_TRADE = FALSE
2026-03-03 09:11:23,014 | INFO    |   ***  REAL ORDERS WILL BE PLACED ON ZERODHA  ***
2026-03-03 09:11:23,014 | INFO    |   Mode              : LIVE TRADING
2026-03-03 09:11:23,014 | INFO    |   Max concurrent    : 0
2026-03-03 09:11:23,014 | INFO    |   Signal dir        : C:\Users\Saarit\OneDrive\Desktop\Trading\backtesting\eqidv2\backtesting\eqidv2\live_signals/
2026-03-03 09:11:23,014 | INFO    |   Entry cutoff at   : 15:20:00 IST
2026-03-03 09:11:23,014 | INFO    |   Forced close at   : 15:20:00 IST
2026-03-03 09:11:23,014 | INFO    |   Risk limits       : ENABLED (max_open=10, max_margin=Rs.500,000)
2026-03-03 09:11:23,014 | WARNING |   Quantity override : FORCE_ENTRY_QUANTITY=1 (all NEW entries)
2026-03-03 09:11:23,014 | INFO    | =================================================================
2026-03-03 09:11:23,014 | INFO    | Establishing Kite session...
2026-03-03 09:11:23,112 | ERROR   | Primary Kite session setup failed (app1): Incorrect `api_key` or `access_token`.
2026-03-03 09:11:43,075 | INFO    | =================================================================
2026-03-03 09:11:43,076 | INFO    | AVWAP Live Trade Executor V5 - PAPER_TRADE = FALSE
2026-03-03 09:11:43,076 | INFO    |   ***  REAL ORDERS WILL BE PLACED ON ZERODHA  ***
2026-03-03 09:11:43,076 | INFO    |   Mode              : LIVE TRADING
2026-03-03 09:11:43,076 | INFO    |   Max concurrent    : 0
2026-03-03 09:11:43,076 | INFO    |   Signal dir        : C:\Users\Saarit\OneDrive\Desktop\Trading\backtesting\eqidv2\backtesting\eqidv2\live_signals/
2026-03-03 09:11:43,076 | INFO    |   Entry cutoff at   : 15:20:00 IST
2026-03-03 09:11:43,076 | INFO    |   Forced close at   : 15:20:00 IST
2026-03-03 09:11:43,076 | INFO    |   Risk limits       : ENABLED (max_open=10, max_margin=Rs.500,000)
2026-03-03 09:11:43,076 | WARNING |   Quantity override : FORCE_ENTRY_QUANTITY=1 (all NEW entries)
2026-03-03 09:11:43,076 | INFO    | =================================================================
2026-03-03 09:11:43,076 | INFO    | Establishing Kite session...
2026-03-03 09:11:47,671 | ERROR   | Primary Kite session setup failed (app1): Incorrect `api_key` or `access_token`.
2026-03-03 09:12:08,144 | INFO    | =================================================================
2026-03-03 09:12:08,144 | INFO    | AVWAP Live Trade Executor V5 - PAPER_TRADE = FALSE
2026-03-03 09:12:08,144 | INFO    |   ***  REAL ORDERS WILL BE PLACED ON ZERODHA  ***
2026-03-03 09:12:08,144 | INFO    |   Mode              : LIVE TRADING
2026-03-03 09:12:08,144 | INFO    |   Max concurrent    : 0
2026-03-03 09:12:08,144 | INFO    |   Signal dir        : C:\Users\Saarit\OneDrive\Desktop\Trading\backtesting\eqidv2\backtesting\eqidv2\live_signals/
2026-03-03 09:12:08,144 | INFO    |   Entry cutoff at   : 15:20:00 IST
2026-03-03 09:12:08,144 | INFO    |   Forced close at   : 15:20:00 IST
2026-03-03 09:12:08,144 | INFO    |   Risk limits       : ENABLED (max_open=10, max_margin=Rs.500,000)
2026-03-03 09:12:08,144 | WARNING |   Quantity override : FORCE_ENTRY_QUANTITY=1 (all NEW entries)
2026-03-03 09:12:08,144 | INFO    | =================================================================
2026-03-03 09:12:08,144 | INFO    | Establishing Kite session...
2026-03-03 09:12:08,233 | ERROR   | Primary Kite session setup failed (app1): Incorrect `api_key` or `access_token`.
2026-03-03 09:12:28,150 | INFO    | =================================================================
2026-03-03 09:12:28,150 | INFO    | AVWAP Live Trade Executor V5 - PAPER_TRADE = FALSE
2026-03-03 09:12:28,150 | INFO    |   ***  REAL ORDERS WILL BE PLACED ON ZERODHA  ***
2026-03-03 09:12:28,150 | INFO    |   Mode              : LIVE TRADING
2026-03-03 09:12:28,150 | INFO    |   Max concurrent    : 0
2026-03-03 09:12:28,150 | INFO    |   Signal dir        : C:\Users\Saarit\OneDrive\Desktop\Trading\backtesting\eqidv2\backtesting\eqidv2\live_signals/
2026-03-03 09:12:28,150 | INFO    |   Entry cutoff at   : 15:20:00 IST
2026-03-03 09:12:28,151 | INFO    |   Forced close at   : 15:20:00 IST
2026-03-03 09:12:28,151 | INFO    |   Risk limits       : ENABLED (max_open=10, max_margin=Rs.500,000)
2026-03-03 09:12:28,151 | WARNING |   Quantity override : FORCE_ENTRY_QUANTITY=1 (all NEW entries)
2026-03-03 09:12:28,151 | INFO    | =================================================================
2026-03-03 09:12:28,151 | INFO    | Establishing Kite session...
2026-03-03 09:12:28,250 | ERROR   | Primary Kite session setup failed (app1): Incorrect `api_key` or `access_token`.
2026-03-03 09:12:48,185 | INFO    | =================================================================
2026-03-03 09:12:48,186 | INFO    | AVWAP Live Trade Executor V5 - PAPER_TRADE = FALSE
2026-03-03 09:12:48,186 | INFO    |   ***  REAL ORDERS WILL BE PLACED ON ZERODHA  ***
2026-03-03 09:12:48,186 | INFO    |   Mode              : LIVE TRADING
2026-03-03 09:12:48,186 | INFO    |   Max concurrent    : 0
2026-03-03 09:12:48,186 | INFO    |   Signal dir        : C:\Users\Saarit\OneDrive\Desktop\Trading\backtesting\eqidv2\backtesting\eqidv2\live_signals/
2026-03-03 09:12:48,186 | INFO    |   Entry cutoff at   : 15:20:00 IST
2026-03-03 09:12:48,186 | INFO    |   Forced close at   : 15:20:00 IST
2026-03-03 09:12:48,186 | INFO    |   Risk limits       : ENABLED (max_open=10, max_margin=Rs.500,000)
2026-03-03 09:12:48,186 | WARNING |   Quantity override : FORCE_ENTRY_QUANTITY=1 (all NEW entries)
2026-03-03 09:12:48,186 | INFO    | =================================================================
2026-03-03 09:12:48,186 | INFO    | Establishing Kite session...
2026-03-03 09:12:48,277 | ERROR   | Primary Kite session setup failed (app1): Incorrect `api_key` or `access_token`.
2026-03-03 09:15:08,226 | INFO    | =================================================================
2026-03-03 09:15:08,226 | INFO    | AVWAP Live Trade Executor V5 - PAPER_TRADE = FALSE
2026-03-03 09:15:08,226 | INFO    |   ***  REAL ORDERS WILL BE PLACED ON ZERODHA  ***
2026-03-03 09:15:08,226 | INFO    |   Mode              : LIVE TRADING
2026-03-03 09:15:08,226 | INFO    |   Max concurrent    : 0
2026-03-03 09:15:08,226 | INFO    |   Signal dir        : C:\Users\Saarit\OneDrive\Desktop\Trading\backtesting\eqidv2\backtesting\eqidv2\live_signals/
2026-03-03 09:15:08,226 | INFO    |   Entry cutoff at   : 15:20:00 IST
2026-03-03 09:15:08,226 | INFO    |   Forced close at   : 15:20:00 IST
2026-03-03 09:15:08,226 | INFO    |   Risk limits       : ENABLED (max_open=10, max_margin=Rs.500,000)
2026-03-03 09:15:08,226 | WARNING |   Quantity override : FORCE_ENTRY_QUANTITY=1 (all NEW entries)
2026-03-03 09:15:08,226 | INFO    | =================================================================
2026-03-03 09:15:08,226 | INFO    | Establishing Kite session...
2026-03-03 09:15:08,321 | INFO    | [KITE] Session ready: app1 | user=Saarit Shankar Sinha
2026-03-03 09:15:08,412 | INFO    | [KITE] Session ready: app2 | user=Saarit Shankar Sinha
2026-03-03 09:15:08,500 | INFO    | [KITE] Session ready: app3 | user=Saarit Shankar Sinha
2026-03-03 09:15:08,578 | INFO    | [KITE] Session ready: app4 | user=Saarit Shankar Sinha
2026-03-03 09:15:08,578 | INFO    | Kite primary session established. User: Saarit Shankar Sinha
2026-03-03 09:15:08,578 | INFO    | [KITE] Session pool active apps: 4
2026-03-03 09:15:08,716 | INFO    | [TICK] Loaded tick sizes for 9230 NSE symbols.
2026-03-03 09:15:08,724 | INFO    | Loaded 0 previously executed signals.
2026-03-03 09:15:08,729 | INFO    | Signal CSV sources: signals_2026-03-03_v5_short.csv, signals_2026-03-03_v5_long.csv
2026-03-03 09:15:08,729 | WARNING |   Trade worker cap   : DISABLED (unlimited concurrent workers)
2026-03-03 09:15:08,837 | INFO    | [RESTORE] signals_today=0 executed=0 closed_today=0 open_restored=0 stale_dropped=0 requeued_backlog=0 realized_trades=0 realized_total=Rs.+0.00 deployed_margin=Rs.0.00
2026-03-03 09:15:08,953 | INFO    | [SAFETY] Broker MIS positions match restored runtime state.
2026-03-03 09:15:08,956 | INFO    | Watchdog started - monitoring live_signals\signals_2026-03-03_v5_short.csv, live_signals\signals_2026-03-03_v5_long.csv
2026-03-03 11:37:09,146 | INFO    | [KITE] Session ready: app1 | user=Saarit Shankar Sinha
2026-03-03 11:37:09,242 | INFO    | [KITE] Session ready: app2 | user=Saarit Shankar Sinha
2026-03-03 11:37:09,370 | INFO    | [KITE] Session ready: app3 | user=Saarit Shankar Sinha
2026-03-03 11:37:09,439 | INFO    | [KITE] Session ready: app4 | user=Saarit Shankar Sinha
2026-03-03 11:37:09,439 | INFO    | Kite primary session established: app1 | user=Saarit Shankar Sinha
2026-03-03 11:37:09,439 | INFO    | [KITE] Session pool active apps: 4
