2026-03-09 09:05:02,620 | INFO    | =================================================================
2026-03-09 09:05:02,621 | INFO    | AVWAP Live Trade Executor V5 - PAPER_TRADE = FALSE
2026-03-09 09:05:02,621 | INFO    |   ***  REAL ORDERS WILL BE PLACED ON ZERODHA  ***
2026-03-09 09:05:02,621 | INFO    |   Mode              : LIVE TRADING
2026-03-09 09:05:02,621 | INFO    |   Max concurrent    : 0
2026-03-09 09:05:02,621 | INFO    |   Signal dir        : C:\Users\Saarit\OneDrive\Desktop\Trading\backtesting\eqidv2\backtesting\eqidv2\live_signals/
2026-03-09 09:05:02,623 | INFO    |   Entry cutoff at   : 15:20:00 IST
2026-03-09 09:05:02,623 | INFO    |   Forced close at   : 15:20:00 IST
2026-03-09 09:05:02,623 | INFO    |   Target policy     : SHORT=0.90% LONG=1.10% (rebased from signal entry)
2026-03-09 09:05:02,623 | INFO    |   Risk limits       : ENABLED (max_open=10, max_margin=Rs.500,000)
2026-03-09 09:05:02,623 | WARNING |   Quantity override : FORCE_ENTRY_QUANTITY=1 (all NEW entries)
2026-03-09 09:05:02,623 | INFO    | =================================================================
2026-03-09 09:05:02,623 | INFO    | Establishing Kite session...
2026-03-09 09:05:02,712 | WARNING | [KITE] Primary session setup failed (app1): Incorrect `api_key` or `access_token`.. Continuing with fallback apps.
2026-03-09 09:05:02,774 | INFO    | [KITE] Session ready: app2 | user=Saarit Shankar Sinha
2026-03-09 09:05:02,868 | INFO    | [KITE] Session ready: app3 | user=Saarit Shankar Sinha
2026-03-09 09:05:02,946 | INFO    | [KITE] Session ready: app4 | user=Saarit Shankar Sinha
2026-03-09 09:05:02,946 | INFO    | Kite primary session established: app2 | user=Saarit Shankar Sinha
2026-03-09 09:05:02,946 | INFO    | [KITE] Session pool active apps: 3
2026-03-09 09:05:03,058 | INFO    | [TICK] Loaded tick sizes for 9306 NSE symbols.
2026-03-09 09:05:03,071 | INFO    | Loaded 0 previously executed signals.
2026-03-09 09:05:03,077 | INFO    | Signal CSV sources: signals_2026-03-09_v5_short.csv, signals_2026-03-09_v5_long.csv
2026-03-09 09:05:03,077 | WARNING |   Trade worker cap   : DISABLED (unlimited concurrent workers)
2026-03-09 09:05:03,147 | INFO    | [RESTORE] signals_today=0 executed=0 closed_today=0 open_restored=0 stale_dropped=0 requeued_backlog=0 realized_trades=0 realized_total=Rs.+0.00 deployed_margin=Rs.0.00
2026-03-09 09:05:03,211 | INFO    | [SAFETY] Broker MIS positions match restored runtime state.
2026-03-09 09:05:03,227 | INFO    | Watchdog started - monitoring live_signals\signals_2026-03-09_v5_short.csv, live_signals\signals_2026-03-09_v5_long.csv
2026-03-09 10:41:39,592 | INFO    | Signal CSV changed - processing new signals from v5_short + v5_long...
2026-03-09 10:41:39,850 | INFO    | [LIVE] Starting trade LT-ef450b83-104139: SELL AUBANK qty=1 | SL=925.89 TGT=910.73
2026-03-09 10:41:39,877 | INFO    | [DISPATCH] Launched LIVE trade: SHORT AUBANK @ 919.0 | reserved_margin=Rs.183.80 | ID=ef450b836ee4
2026-03-09 10:41:39,886 | INFO    | Dispatched 1 new trade(s). Active trades: 1
2026-03-09 10:41:39,993 | INFO    | [LIVE] Entry order placed: SELL AUBANK ID=260309170769076
2026-03-09 10:41:40,143 | INFO    | [LIVE] Entry filled: AUBANK @ 919.0
2026-03-09 10:41:40,297 | INFO    | [LIVE] Exit legs placed for AUBANK: target_id=260309170769092 sl_id=260309170769095
2026-03-09 11:01:10,833 | INFO    | Signal CSV changed - processing new signals from v5_short + v5_long...
2026-03-09 11:01:10,858 | INFO    | [LIVE] Starting trade LT-312d4ce6-110110: SELL MOL qty=1 | SL=44.45 TGT=43.72
2026-03-09 11:01:10,868 | INFO    | [DISPATCH] Launched LIVE trade: SHORT MOL @ 44.12 | reserved_margin=Rs.8.82 | ID=312d4ce6b2e4
2026-03-09 11:01:10,882 | INFO    | Dispatched 1 new trade(s). Active trades: 2
2026-03-09 11:01:10,923 | INFO    | [LIVE] Entry order placed: SELL MOL ID=260309170868307
2026-03-09 11:01:11,042 | INFO    | [LIVE] Entry filled: MOL @ 44.06
2026-03-09 11:01:11,185 | INFO    | [LIVE] Exit legs placed for MOL: target_id=260309170868316 sl_id=260309170868323
2026-03-09 11:01:27,963 | INFO    | Signal CSV changed - processing new signals from v5_short + v5_long...
2026-03-09 11:01:27,980 | INFO    | [LIVE] Starting trade LT-ad4b36b9-110127: SELL RELIGARE qty=1 | SL=199.92 TGT=196.64
2026-03-09 11:01:27,994 | INFO    | [DISPATCH] Launched LIVE trade: SHORT RELIGARE @ 198.43 | reserved_margin=Rs.39.69 | ID=ad4b36b922e3
2026-03-09 11:01:27,994 | INFO    | Dispatched 1 new trade(s). Active trades: 3
2026-03-09 11:01:28,044 | INFO    | [LIVE] Entry order placed: SELL RELIGARE ID=260309170869881
2026-03-09 11:01:28,181 | INFO    | [LIVE] Entry filled: RELIGARE @ 198.37
2026-03-09 11:01:28,322 | INFO    | [LIVE] Exit legs placed for RELIGARE: target_id=260309170869903 sl_id=260309170869912
2026-03-09 11:01:44,369 | INFO    | Signal CSV changed - processing new signals from v5_short + v5_long...
2026-03-09 11:01:44,376 | INFO    | [LIVE] Starting trade LT-4bc5038b-110144: SELL TIMETECHNO qty=1 | SL=167.86 TGT=165.11
2026-03-09 11:01:44,385 | INFO    | [DISPATCH] Launched LIVE trade: SHORT TIMETECHNO @ 166.61 | reserved_margin=Rs.33.32 | ID=4bc5038ba471
2026-03-09 11:01:44,396 | INFO    | Dispatched 1 new trade(s). Active trades: 4
2026-03-09 11:01:44,437 | INFO    | [LIVE] Entry order placed: SELL TIMETECHNO ID=260309170871177
2026-03-09 11:01:44,561 | INFO    | [LIVE] Entry filled: TIMETECHNO @ 166.49
2026-03-09 11:01:44,693 | INFO    | [LIVE] Exit legs placed for TIMETECHNO: target_id=260309170871183 sl_id=260309170871188
2026-03-09 11:11:18,055 | INFO    | [LIVE] SL TRIGGERED: MOL @ 44.39 -> cancelling Target 260309170868316
2026-03-09 11:11:18,158 | INFO    | Cancelled order 260309170868316 (attempt 1)
2026-03-09 11:11:18,170 | INFO    | [LIVE] RESULT SHORT MOL | SL | Entry=44.06 Exit=44.39 | P&L: Rs.-0.33 (-0.75%) | Day total: Rs.-0.33
2026-03-09 11:16:41,540 | INFO    | [LIVE] TARGET HIT: RELIGARE @ 196.58 -> cancelling SL 260309170869912
2026-03-09 11:16:41,632 | INFO    | Cancelled order 260309170869912 (attempt 1)
2026-03-09 11:16:41,634 | INFO    | [LIVE] RESULT SHORT RELIGARE | TARGET | Entry=198.37 Exit=196.58 | P&L: Rs.+1.79 (+0.90%) | Day total: Rs.+1.46
2026-03-09 11:28:27,680 | INFO    | [LIVE] SL TRIGGERED: AUBANK @ 926.2 -> cancelling Target 260309170769092
2026-03-09 11:28:27,759 | INFO    | Cancelled order 260309170769092 (attempt 1)
2026-03-09 11:28:27,788 | INFO    | [LIVE] RESULT SHORT AUBANK | SL | Entry=919.0 Exit=926.2 | P&L: Rs.-7.20 (-0.78%) | Day total: Rs.-5.74
2026-03-09 11:34:46,398 | INFO    | Signal CSV changed - processing new signals from v5_short + v5_long...
2026-03-09 11:34:47,180 | INFO    | [LIVE] Starting trade LT-f67044f3-113447: SELL PUNJABCHEM qty=1 | SL=1037.62 TGT=1020.63
2026-03-09 11:34:47,198 | INFO    | [DISPATCH] Launched LIVE trade: SHORT PUNJABCHEM @ 1029.9 | reserved_margin=Rs.205.98 | ID=f67044f3a4df
2026-03-09 11:34:47,210 | INFO    | Dispatched 1 new trade(s). Active trades: 2
2026-03-09 11:34:47,256 | INFO    | [LIVE] Entry order placed: SELL PUNJABCHEM ID=260309171001954
2026-03-09 11:34:47,408 | INFO    | [LIVE] Entry filled: PUNJABCHEM @ 1029.1
2026-03-09 11:34:47,567 | INFO    | [LIVE] Exit legs placed for PUNJABCHEM: target_id=260309171001965 sl_id=260309171001968
2026-03-09 12:00:37,160 | INFO    | [LIVE] TARGET HIT: TIMETECHNO @ 164.99 -> cancelling SL 260309170871188
2026-03-09 12:00:37,253 | INFO    | Cancelled order 260309170871188 (attempt 1)
2026-03-09 12:00:37,344 | INFO    | [LIVE] RESULT SHORT TIMETECHNO | TARGET | Entry=166.49 Exit=164.99 | P&L: Rs.+1.50 (+0.90%) | Day total: Rs.-4.24
2026-03-09 12:02:59,078 | INFO    | Signal CSV changed - processing new signals from v5_short + v5_long...
2026-03-09 12:02:59,153 | INFO    | [LIVE] Starting trade LT-cf6c6892-120259: SELL JKCEMENT qty=1 | SL=5148.32 TGT=5064.01
2026-03-09 12:02:59,171 | INFO    | [DISPATCH] Launched LIVE trade: SHORT JKCEMENT @ 5110.0 | reserved_margin=Rs.1,022.00 | ID=cf6c6892cf1a
2026-03-09 12:02:59,189 | INFO    | Dispatched 1 new trade(s). Active trades: 2
2026-03-09 12:02:59,224 | INFO    | [LIVE] Entry order placed: SELL JKCEMENT ID=260309171097926
2026-03-09 12:02:59,379 | INFO    | [LIVE] Entry filled: JKCEMENT @ 5110.0
2026-03-09 12:02:59,557 | INFO    | [LIVE] Exit legs placed for JKCEMENT: target_id=260309171097949 sl_id=260309171097953
2026-03-09 12:24:52,805 | INFO    | =================================================================
2026-03-09 12:24:52,805 | INFO    | AVWAP Live Trade Executor V5 - PAPER_TRADE = FALSE
2026-03-09 12:24:52,805 | INFO    |   ***  REAL ORDERS WILL BE PLACED ON ZERODHA  ***
2026-03-09 12:24:52,805 | INFO    |   Mode              : LIVE TRADING
2026-03-09 12:24:52,805 | INFO    |   Max concurrent    : 0
2026-03-09 12:24:52,805 | INFO    |   Signal dir        : C:\Users\Saarit\OneDrive\Desktop\Trading\backtesting\eqidv2\backtesting\eqidv2\live_signals/
2026-03-09 12:24:52,805 | INFO    |   Entry cutoff at   : 15:20:00 IST
2026-03-09 12:24:52,805 | INFO    |   Forced close at   : 15:20:00 IST
2026-03-09 12:24:52,805 | INFO    |   Target policy     : SHORT=0.80% LONG=0.90% (rebased from signal entry)
2026-03-09 12:24:52,805 | INFO    |   Risk limits       : ENABLED (max_open=10, max_margin=Rs.500,000)
2026-03-09 12:24:52,805 | WARNING |   Quantity override : FORCE_ENTRY_QUANTITY=1 (all NEW entries)
2026-03-09 12:24:52,805 | INFO    | =================================================================
2026-03-09 12:24:52,805 | INFO    | Establishing Kite session...
2026-03-09 12:24:52,900 | INFO    | [KITE] Session ready: app1 | user=Saarit Shankar Sinha
2026-03-09 12:24:52,993 | INFO    | [KITE] Session ready: app2 | user=Saarit Shankar Sinha
2026-03-09 12:24:53,119 | INFO    | [KITE] Session ready: app3 | user=Saarit Shankar Sinha
2026-03-09 12:24:53,228 | INFO    | [KITE] Session ready: app4 | user=Saarit Shankar Sinha
2026-03-09 12:24:53,228 | INFO    | Kite primary session established: app1 | user=Saarit Shankar Sinha
2026-03-09 12:24:53,228 | INFO    | [KITE] Session pool active apps: 4
2026-03-09 12:24:53,425 | INFO    | [TICK] Loaded tick sizes for 9306 NSE symbols.
2026-03-09 12:24:53,431 | INFO    | Loaded 6 previously executed signals.
2026-03-09 12:24:53,444 | INFO    | Signal CSV sources: signals_2026-03-09_v5_short.csv, signals_2026-03-09_v5_long.csv
2026-03-09 12:24:53,446 | WARNING |   Trade worker cap   : DISABLED (unlimited concurrent workers)
2026-03-09 12:24:53,540 | WARNING | [RESTORE] Dropping stale tracked state PUNJABCHEM signal_id=f67044f3a4df (expected_qty=-1, broker_qty=0).
2026-03-09 12:24:53,540 | WARNING | [RESTORE] Dropping stale tracked state JKCEMENT signal_id=cf6c6892cf1a (expected_qty=-1, broker_qty=0).
2026-03-09 12:24:53,571 | INFO    | [RESTORE] signals_today=7 executed=6 closed_today=6 open_restored=0 stale_dropped=2 requeued_backlog=0 realized_trades=4 realized_total=Rs.-4.24 deployed_margin=Rs.0.00
2026-03-09 12:24:53,730 | INFO    | [SAFETY] Broker MIS positions match restored runtime state.
2026-03-09 12:24:53,749 | INFO    | Watchdog started - monitoring live_signals\signals_2026-03-09_v5_short.csv, live_signals\signals_2026-03-09_v5_long.csv
2026-03-09 12:24:53,750 | INFO    | Checking for existing unprocessed signals...
2026-03-09 12:24:53,757 | INFO    | [LIVE] Starting trade LT-0e259bb6-122453: SELL RAMCOCEM qty=1 | SL=1032.69 TGT=1016.8
2026-03-09 12:24:53,759 | INFO    | [DISPATCH] Launched LIVE trade: SHORT RAMCOCEM @ 1025.0 | reserved_margin=Rs.205.00 | ID=0e259bb65a78
2026-03-09 12:24:53,759 | INFO    | Dispatched 1 new trade(s). Active trades: 1
2026-03-09 12:24:53,848 | INFO    | [LIVE] Entry order placed: SELL RAMCOCEM ID=260309171163687
2026-03-09 12:24:54,025 | INFO    | [LIVE] Entry filled: RAMCOCEM @ 1020.5
2026-03-09 12:24:54,212 | INFO    | [LIVE] Exit legs placed for RAMCOCEM: target_id=260309171163704 sl_id=260309171163708
2026-03-09 12:39:42,477 | INFO    | [LIVE] TARGET HIT: RAMCOCEM @ 1012.3 -> cancelling SL 260309171163708
2026-03-09 12:39:42,579 | INFO    | Cancelled order 260309171163708 (attempt 1)
2026-03-09 12:39:42,596 | INFO    | [LIVE] RESULT SHORT RAMCOCEM | TARGET | Entry=1020.5 Exit=1012.3 | P&L: Rs.+8.20 (+0.80%) | Day total: Rs.+3.96
2026-03-09 12:46:36,744 | INFO    | Signal CSV changed - processing new signals from v5_short + v5_long...
2026-03-09 12:46:36,760 | INFO    | [LIVE] Starting trade LT-5394d81e-124636: SELL TVSSRICHAK qty=1 | SL=3480.91 TGT=3427.36
2026-03-09 12:46:36,773 | INFO    | [DISPATCH] Launched LIVE trade: SHORT TVSSRICHAK @ 3455.0 | reserved_margin=Rs.691.00 | ID=5394d81e168d
2026-03-09 12:46:36,774 | INFO    | Dispatched 1 new trade(s). Active trades: 1
2026-03-09 12:46:36,872 | INFO    | [LIVE] Entry order placed: SELL TVSSRICHAK ID=260309171219848
2026-03-09 12:46:37,040 | INFO    | [LIVE] Entry filled: TVSSRICHAK @ 3455.0
2026-03-09 12:46:37,195 | INFO    | [LIVE] Exit legs placed for TVSSRICHAK: target_id=260309171219856 sl_id=260309171219859
2026-03-09 13:01:06,739 | INFO    | [LIVE] SL TRIGGERED: TVSSRICHAK @ 3482.5 -> cancelling Target 260309171219856
2026-03-09 13:01:06,822 | INFO    | Cancelled order 260309171219856 (attempt 1)
2026-03-09 13:01:06,843 | INFO    | [LIVE] RESULT SHORT TVSSRICHAK | SL | Entry=3455.0 Exit=3482.5 | P&L: Rs.-27.50 (-0.80%) | Day total: Rs.-23.54
2026-03-09 13:46:41,884 | INFO    | Signal CSV changed - processing new signals from v5_short + v5_long...
2026-03-09 14:46:55,872 | INFO    | Signal CSV changed - processing new signals from v5_short + v5_long...
2026-03-09 15:20:00,223 | WARNING | [EOD.GLOBAL] entry cutoff reached at 15:20:00 IST; EOD flatten in progress
2026-03-09 15:30:00,658 | INFO    | Market closed. All trades complete.
2026-03-09 15:30:00,747 | INFO    | =======================================================
2026-03-09 15:30:00,747 | INFO    | DAILY LIVE TRADE SUMMARY
2026-03-09 15:30:00,747 | INFO    |   Total trades : 6
2026-03-09 15:30:00,747 | INFO    |   Wins         : 3
2026-03-09 15:30:00,749 | INFO    |   Losses       : 3
2026-03-09 15:30:00,749 | INFO    |   Win rate     : 50.0%
2026-03-09 15:30:00,749 | INFO    |   Total P&L    : Rs.-23.54
2026-03-09 15:30:00,749 | INFO    | =======================================================
2026-03-09 15:30:00,749 | INFO    | Live trade executor stopped.
