2026-03-12 09:05:03,762 | INFO    | =================================================================
2026-03-12 09:05:03,762 | INFO    | AVWAP Live Trade Executor V5 - PAPER_TRADE = FALSE
2026-03-12 09:05:03,762 | INFO    |   ***  REAL ORDERS WILL BE PLACED ON ZERODHA  ***
2026-03-12 09:05:03,762 | INFO    |   Mode              : LIVE TRADING
2026-03-12 09:05:03,762 | INFO    |   Max concurrent    : 0
2026-03-12 09:05:03,762 | INFO    |   Signal dir        : C:\Users\Saarit\OneDrive\Desktop\Trading\backtesting\eqidv2\backtesting\eqidv2\live_signals/
2026-03-12 09:05:03,766 | INFO    |   Entry cutoff at   : 15:20:00 IST
2026-03-12 09:05:03,766 | INFO    |   Forced close at   : 15:20:00 IST
2026-03-12 09:05:03,766 | INFO    |   Target policy     : SHORT=0.90% LONG=1.10% (rebased from signal entry)
2026-03-12 09:05:03,766 | INFO    |   Risk limits       : ENABLED (max_open=10, max_margin=Rs.500,000)
2026-03-12 09:05:03,766 | WARNING |   Quantity override : FORCE_ENTRY_QUANTITY=1 (all NEW entries)
2026-03-12 09:05:03,766 | INFO    | =================================================================
2026-03-12 09:05:03,766 | INFO    | Establishing Kite session...
2026-03-12 09:05:03,918 | WARNING | [KITE] Primary session setup failed (app1): Incorrect `api_key` or `access_token`.. Continuing with fallback apps.
2026-03-12 09:05:04,088 | INFO    | [KITE] Session ready: app2 | user=Saarit Shankar Sinha
2026-03-12 09:05:04,340 | INFO    | [KITE] Session ready: app3 | user=Saarit Shankar Sinha
2026-03-12 09:05:04,491 | INFO    | [KITE] Session ready: app4 | user=Saarit Shankar Sinha
2026-03-12 09:05:04,491 | INFO    | Kite primary session established: app2 | user=Saarit Shankar Sinha
2026-03-12 09:05:04,491 | INFO    | [KITE] Session pool active apps: 3
2026-03-12 09:05:04,783 | INFO    | [TICK] Loaded tick sizes for 9284 NSE symbols.
2026-03-12 09:05:04,789 | INFO    | Loaded 0 previously executed signals.
2026-03-12 09:05:04,789 | INFO    | Signal CSV sources: signals_2026-03-12_v7_sweep_short.csv, signals_2026-03-12_v7_sweep_long.csv
2026-03-12 09:05:04,789 | WARNING |   Trade worker cap   : DISABLED (unlimited concurrent workers)
2026-03-12 09:05:04,878 | INFO    | [RESTORE] signals_today=0 executed=0 closed_today=0 open_restored=0 stale_dropped=0 requeued_backlog=0 realized_trades=0 realized_total=Rs.+0.00 deployed_margin=Rs.0.00
2026-03-12 09:05:05,293 | INFO    | [SAFETY] Broker MIS positions match restored runtime state.
2026-03-12 09:05:05,293 | INFO    | Watchdog started - monitoring live_signals\signals_2026-03-12_v7_sweep_short.csv, live_signals\signals_2026-03-12_v7_sweep_long.csv
2026-03-12 10:41:42,088 | INFO    | Signal CSV changed - processing new signals from v7_sweep_short + v7_sweep_long...
2026-03-12 10:41:42,451 | INFO    | [LIVE] Starting trade LT-c570d3e3-104142: SELL MAPMYINDIA qty=1 | SL=962.41 TGT=947.31
2026-03-12 10:41:42,491 | INFO    | [DISPATCH] Launched LIVE trade: SHORT MAPMYINDIA @ 955.91 | reserved_margin=Rs.191.18 | ID=c570d3e38671
2026-03-12 10:41:42,503 | INFO    | Dispatched 1 new trade(s). Active trades: 1
2026-03-12 10:41:42,593 | INFO    | [LIVE] Entry order placed: SELL MAPMYINDIA ID=260312170699820
2026-03-12 10:41:42,759 | INFO    | [LIVE] Entry filled: MAPMYINDIA @ 955.0
2026-03-12 10:41:42,954 | INFO    | [LIVE] Exit legs placed for MAPMYINDIA: target_id=260312170699845 sl_id=260312170699853
2026-03-12 10:41:53,465 | INFO    | Signal CSV changed - processing new signals from v7_sweep_short + v7_sweep_long...
2026-03-12 10:41:53,481 | INFO    | [LIVE] Starting trade LT-bc8622b2-104153: SELL NILKAMAL qty=1 | SL=1306.57 TGT=1286.06
2026-03-12 10:41:53,516 | INFO    | [DISPATCH] Launched LIVE trade: SHORT NILKAMAL @ 1297.74 | reserved_margin=Rs.259.55 | ID=bc8622b25dfa
2026-03-12 10:41:53,530 | INFO    | Dispatched 1 new trade(s). Active trades: 2
2026-03-12 10:41:53,556 | INFO    | [LIVE] Entry order placed: SELL NILKAMAL ID=260312170700670
2026-03-12 10:41:53,684 | INFO    | [LIVE] Entry filled: NILKAMAL @ 1295.8
2026-03-12 10:41:53,844 | INFO    | [LIVE] Exit legs placed for NILKAMAL: target_id=260312170700684 sl_id=260312170700692
2026-03-12 10:43:02,889 | INFO    | Signal CSV changed - processing new signals from v7_sweep_short + v7_sweep_long...
2026-03-12 10:43:02,917 | INFO    | [LIVE] Starting trade LT-b86a98f9-104302: SELL AVALON qty=1 | SL=921.44 TGT=906.98
2026-03-12 10:43:02,935 | INFO    | [DISPATCH] Launched LIVE trade: SHORT AVALON @ 915.22 | reserved_margin=Rs.183.04 | ID=b86a98f92c8a
2026-03-12 10:43:02,946 | INFO    | Dispatched 1 new trade(s). Active trades: 3
2026-03-12 10:43:02,995 | INFO    | [LIVE] Entry order placed: SELL AVALON ID=260312170705985
2026-03-12 10:43:03,137 | INFO    | [LIVE] Entry filled: AVALON @ 911.4
2026-03-12 10:43:03,310 | INFO    | [LIVE] Exit legs placed for AVALON: target_id=260312170706000 sl_id=260312170706006
2026-03-12 10:45:34,767 | INFO    | [LIVE] SL TRIGGERED: NILKAMAL @ 1306.9 -> cancelling Target 260312170700684
2026-03-12 10:45:34,864 | INFO    | Cancelled order 260312170700684 (attempt 1)
2026-03-12 10:45:34,888 | INFO    | [LIVE] RESULT SHORT NILKAMAL | SL | Entry=1295.8 Exit=1306.9 | P&L: Rs.-11.10 (-0.86%) | Day total: Rs.-11.10
2026-03-12 10:59:52,739 | INFO    | [LIVE] SL TRIGGERED: MAPMYINDIA @ 961.5 -> cancelling Target 260312170699845
2026-03-12 10:59:52,816 | INFO    | Cancelled order 260312170699845 (attempt 1)
2026-03-12 10:59:52,847 | INFO    | [LIVE] RESULT SHORT MAPMYINDIA | SL | Entry=955.0 Exit=961.5 | P&L: Rs.-6.50 (-0.68%) | Day total: Rs.-17.60
2026-03-12 11:02:11,325 | INFO    | Signal CSV changed - processing new signals from v7_sweep_short + v7_sweep_long...
2026-03-12 11:02:11,357 | INFO    | [LIVE] Starting trade LT-f24d89ac-110211: SELL ASHOKLEY qty=1 | SL=180.3 TGT=177.47
2026-03-12 11:02:11,357 | INFO    | [DISPATCH] Launched LIVE trade: SHORT ASHOKLEY @ 179.08 | reserved_margin=Rs.35.82 | ID=f24d89acd52f
2026-03-12 11:02:11,382 | INFO    | Dispatched 1 new trade(s). Active trades: 2
2026-03-12 11:02:11,427 | INFO    | [LIVE] Entry order placed: SELL ASHOKLEY ID=260312170799977
2026-03-12 11:02:11,566 | INFO    | [LIVE] Entry filled: ASHOKLEY @ 179.04
2026-03-12 11:02:11,718 | INFO    | [LIVE] Exit legs placed for ASHOKLEY: target_id=260312170799997 sl_id=260312170800006
2026-03-12 11:57:18,790 | INFO    | [LIVE] SL TRIGGERED: AVALON @ 919.1 -> cancelling Target 260312170706000
2026-03-12 11:57:18,878 | INFO    | Cancelled order 260312170706000 (attempt 1)
2026-03-12 11:57:18,896 | INFO    | [LIVE] RESULT SHORT AVALON | SL | Entry=911.4 Exit=919.1 | P&L: Rs.-7.70 (-0.84%) | Day total: Rs.-25.30
2026-03-12 12:02:21,935 | INFO    | Signal CSV changed - processing new signals from v7_sweep_short + v7_sweep_long...
2026-03-12 13:02:59,243 | INFO    | Signal CSV changed - processing new signals from v7_sweep_short + v7_sweep_long...
2026-03-12 13:06:41,290 | INFO    | [LIVE] TARGET HIT: ASHOKLEY @ 177.43 -> cancelling SL 260312170800006
2026-03-12 13:06:41,367 | INFO    | Cancelled order 260312170800006 (attempt 1)
2026-03-12 13:06:41,383 | INFO    | [LIVE] RESULT SHORT ASHOKLEY | TARGET | Entry=179.04 Exit=177.43 | P&L: Rs.+1.61 (+0.90%) | Day total: Rs.-23.69
2026-03-12 13:59:34,261 | INFO    | Signal CSV changed - processing new signals from v7_sweep_short + v7_sweep_long...
2026-03-12 13:59:34,285 | INFO    | [LIVE] Starting trade LT-8a6c56ac-135934: BUY AARTIIND qty=1 | SL=449.99 TGT=457.6
2026-03-12 13:59:34,298 | INFO    | [DISPATCH] Launched LIVE trade: LONG AARTIIND @ 452.62 | reserved_margin=Rs.90.52 | ID=8a6c56ac89f8
2026-03-12 13:59:34,307 | INFO    | Dispatched 1 new trade(s). Active trades: 1
2026-03-12 13:59:34,416 | INFO    | [LIVE] Entry order placed: BUY AARTIIND ID=260312171543740
2026-03-12 13:59:34,595 | INFO    | [LIVE] Entry filled: AARTIIND @ 452.25
2026-03-12 13:59:34,738 | INFO    | [LIVE] Exit legs placed for AARTIIND: target_id=260312171543754 sl_id=260312171543760
2026-03-12 14:03:59,215 | INFO    | Signal CSV changed - processing new signals from v7_sweep_short + v7_sweep_long...
2026-03-12 14:07:41,009 | INFO    | [LIVE] SL TRIGGERED: AARTIIND @ 449.05 -> cancelling Target 260312171543754
2026-03-12 14:07:41,091 | INFO    | Cancelled order 260312171543754 (attempt 1)
2026-03-12 14:07:41,113 | INFO    | [LIVE] RESULT LONG AARTIIND | SL | Entry=452.25 Exit=449.05 | P&L: Rs.-3.20 (-0.71%) | Day total: Rs.-26.89
2026-03-12 14:59:59,197 | INFO    | Signal CSV changed - processing new signals from v7_sweep_short + v7_sweep_long...
2026-03-12 15:04:59,188 | INFO    | Signal CSV changed - processing new signals from v7_sweep_short + v7_sweep_long...
2026-03-12 15:20:00,679 | WARNING | [EOD.GLOBAL] entry cutoff reached at 15:20:00 IST; EOD flatten in progress
2026-03-12 15:30:00,708 | INFO    | Market closed. All trades complete.
2026-03-12 15:30:00,719 | INFO    | =======================================================
2026-03-12 15:30:00,719 | INFO    | DAILY LIVE TRADE SUMMARY
2026-03-12 15:30:00,720 | INFO    |   Total trades : 5
2026-03-12 15:30:00,720 | INFO    |   Wins         : 1
2026-03-12 15:30:00,720 | INFO    |   Losses       : 4
2026-03-12 15:30:00,720 | INFO    |   Win rate     : 20.0%
2026-03-12 15:30:00,720 | INFO    |   Total P&L    : Rs.-26.89
2026-03-12 15:30:00,720 | INFO    | =======================================================
2026-03-12 15:30:00,720 | INFO    | Live trade executor stopped.
