2026-03-13 09:05:03,155 | INFO    | =================================================================
2026-03-13 09:05:03,156 | INFO    | AVWAP Live Trade Executor V5 - PAPER_TRADE = FALSE
2026-03-13 09:05:03,156 | INFO    |   ***  REAL ORDERS WILL BE PLACED ON ZERODHA  ***
2026-03-13 09:05:03,156 | INFO    |   Mode              : LIVE TRADING
2026-03-13 09:05:03,156 | INFO    |   Max concurrent    : 0
2026-03-13 09:05:03,156 | INFO    |   Signal dir        : C:\Users\Saarit\OneDrive\Desktop\Trading\backtesting\eqidv2\backtesting\eqidv2\live_signals/
2026-03-13 09:05:03,157 | INFO    |   Entry cutoff at   : 15:20:00 IST
2026-03-13 09:05:03,157 | INFO    |   Forced close at   : 15:20:00 IST
2026-03-13 09:05:03,157 | INFO    |   Target policy     : SHORT=0.90% LONG=1.10% (rebased from signal entry)
2026-03-13 09:05:03,157 | INFO    |   Risk limits       : ENABLED (max_open=10, max_margin=Rs.500,000)
2026-03-13 09:05:03,157 | WARNING |   Quantity override : FORCE_ENTRY_QUANTITY=1 (all NEW entries)
2026-03-13 09:05:03,157 | INFO    | =================================================================
2026-03-13 09:05:03,157 | INFO    | Establishing Kite session...
2026-03-13 09:05:03,258 | WARNING | [KITE] Primary session setup failed (app1): Incorrect `api_key` or `access_token`.. Continuing with fallback apps.
2026-03-13 09:05:03,321 | INFO    | [KITE] Session ready: app2 | user=Saarit Shankar Sinha
2026-03-13 09:05:03,407 | INFO    | [KITE] Session ready: app3 | user=Saarit Shankar Sinha
2026-03-13 09:05:03,478 | INFO    | [KITE] Session ready: app4 | user=Saarit Shankar Sinha
2026-03-13 09:05:03,478 | INFO    | Kite primary session established: app2 | user=Saarit Shankar Sinha
2026-03-13 09:05:03,478 | INFO    | [KITE] Session pool active apps: 3
2026-03-13 09:05:03,642 | INFO    | [TICK] Loaded tick sizes for 9315 NSE symbols.
2026-03-13 09:05:03,645 | INFO    | Loaded 0 previously executed signals.
2026-03-13 09:05:03,645 | INFO    | Signal CSV sources: signals_2026-03-13_v7_sweep_short.csv, signals_2026-03-13_v7_sweep_long.csv
2026-03-13 09:05:03,645 | WARNING |   Trade worker cap   : DISABLED (unlimited concurrent workers)
2026-03-13 09:05:03,737 | INFO    | [RESTORE] signals_today=0 executed=0 closed_today=0 open_restored=0 stale_dropped=0 requeued_backlog=0 realized_trades=0 realized_total=Rs.+0.00 deployed_margin=Rs.0.00
2026-03-13 09:05:03,852 | INFO    | [SAFETY] Broker MIS positions match restored runtime state.
2026-03-13 09:05:03,852 | INFO    | Watchdog started - monitoring live_signals\signals_2026-03-13_v7_sweep_short.csv, live_signals\signals_2026-03-13_v7_sweep_long.csv
2026-03-13 10:30:49,961 | INFO    | Signal CSV changed - processing new signals from v7_sweep_short + v7_sweep_long...
2026-03-13 10:30:50,294 | INFO    | [LIVE] Starting trade LT-8b26e830-103050: SELL HEROMOTOCO qty=1 | SL=5244.88 TGT=5162.57
2026-03-13 10:30:50,398 | INFO    | [DISPATCH] Launched LIVE trade: SHORT HEROMOTOCO @ 5209.46 | reserved_margin=Rs.1,041.89 | ID=8b26e830f263
2026-03-13 10:30:50,416 | INFO    | Dispatched 1 new trade(s). Active trades: 1
2026-03-13 10:30:50,458 | INFO    | [LIVE] Entry order placed: SELL HEROMOTOCO ID=260313170555075
2026-03-13 10:30:50,604 | INFO    | [LIVE] Entry filled: HEROMOTOCO @ 5192.5
2026-03-13 10:30:50,742 | INFO    | [LIVE] Exit legs placed for HEROMOTOCO: target_id=260313170555102 sl_id=260313170555104
2026-03-13 10:30:58,431 | INFO    | Signal CSV changed - processing new signals from v7_sweep_short + v7_sweep_long...
2026-03-13 10:30:58,434 | INFO    | [LIVE] Starting trade LT-31a33ddb-103058: SELL IPL qty=1 | SL=144.53 TGT=142.26
2026-03-13 10:30:58,457 | INFO    | [DISPATCH] Launched LIVE trade: SHORT IPL @ 143.55 | reserved_margin=Rs.28.71 | ID=31a33ddb5718
2026-03-13 10:30:58,460 | INFO    | Dispatched 1 new trade(s). Active trades: 2
2026-03-13 10:30:58,492 | INFO    | [LIVE] Entry order placed: SELL IPL ID=260313170555638
2026-03-13 10:30:58,636 | INFO    | [LIVE] Entry filled: IPL @ 143.03
2026-03-13 10:30:58,772 | INFO    | [LIVE] Exit legs placed for IPL: target_id=260313170555650 sl_id=260313170555654
2026-03-13 10:31:05,119 | INFO    | Signal CSV changed - processing new signals from v7_sweep_short + v7_sweep_long...
2026-03-13 10:31:05,132 | INFO    | [LIVE] Starting trade LT-da329afd-103105: SELL KINGFA qty=1 | SL=4055.49 TGT=3991.84
2026-03-13 10:31:05,149 | INFO    | [DISPATCH] Launched LIVE trade: SHORT KINGFA @ 4028.09 | reserved_margin=Rs.805.62 | ID=da329afde74d
2026-03-13 10:31:05,149 | INFO    | Dispatched 1 new trade(s). Active trades: 3
2026-03-13 10:31:05,195 | INFO    | [LIVE] Entry order placed: SELL KINGFA ID=260313170556067
2026-03-13 10:31:05,308 | INFO    | [LIVE] Entry filled: KINGFA @ 4020.8
2026-03-13 10:31:05,457 | INFO    | [LIVE] Exit legs placed for KINGFA: target_id=260313170556080 sl_id=260313170556092
2026-03-13 10:31:08,493 | INFO    | Signal CSV changed - processing new signals from v7_sweep_short + v7_sweep_long...
2026-03-13 10:31:08,512 | INFO    | [LIVE] Starting trade LT-05941291-103108: SELL LIKHITHA qty=1 | SL=145.18 TGT=142.9
2026-03-13 10:31:08,525 | INFO    | [DISPATCH] Launched LIVE trade: SHORT LIKHITHA @ 144.2 | reserved_margin=Rs.28.84 | ID=059412915371
2026-03-13 10:31:08,525 | INFO    | Dispatched 1 new trade(s). Active trades: 4
2026-03-13 10:31:08,589 | WARNING | [MIS] Marked LIKHITHA as MIS blocked/missing for today: MIS orders are currently blocked for LIKHITHA. Place a CNC order instead. [List of stocks](https://docs.google.com/spreadsheets/d/1fLTsNpFJPK349RTjs0GRSXJZD-5soCUkZt9eSMTJ2m4/ed...
2026-03-13 10:31:08,589 | WARNING | [LIVE] Entry rejected for LIKHITHA: MIS blocked/missing. Reason: MIS orders are currently blocked for LIKHITHA. Place a CNC order instead. [List of stocks](https://docs.google.com/spreadsheets/d/1fLTsNpFJPK349RTjs0GRSXJZD-5soCUkZt9eSMTJ2m4/edit?usp=sharing) allo...
2026-03-13 10:31:08,632 | INFO    | [LIVE] RESULT SHORT LIKHITHA | ENTRY_REJECTED_MIS_BLOCKED_OR_MISSING | Entry=144.2 Exit=144.2 | P&L: Rs.+0.00 (+0.00%) | Day total: Rs.+0.00
2026-03-13 10:31:19,930 | INFO    | Signal CSV changed - processing new signals from v7_sweep_short + v7_sweep_long...
2026-03-13 10:31:19,946 | INFO    | [LIVE] Starting trade LT-fdebb763-103119: SELL NYKAA qty=1 | SL=240.63 TGT=236.85
2026-03-13 10:31:19,962 | INFO    | [DISPATCH] Launched LIVE trade: SHORT NYKAA @ 239.0 | reserved_margin=Rs.47.80 | ID=fdebb7632daf
2026-03-13 10:31:19,962 | INFO    | Dispatched 1 new trade(s). Active trades: 4
2026-03-13 10:31:20,039 | INFO    | [LIVE] Entry order placed: SELL NYKAA ID=260313170557022
2026-03-13 10:31:20,206 | INFO    | [LIVE] Entry filled: NYKAA @ 238.9
2026-03-13 10:31:20,352 | INFO    | [LIVE] Exit legs placed for NYKAA: target_id=260313170557047 sl_id=260313170557052
2026-03-13 10:31:33,961 | INFO    | Signal CSV changed - processing new signals from v7_sweep_short + v7_sweep_long...
2026-03-13 10:31:33,977 | INFO    | [LIVE] Starting trade LT-8b4e3e2c-103133: SELL SANOFI qty=1 | SL=3593.56 TGT=3537.17
2026-03-13 10:31:33,993 | INFO    | [DISPATCH] Launched LIVE trade: SHORT SANOFI @ 3569.29 | reserved_margin=Rs.713.86 | ID=8b4e3e2c679f
2026-03-13 10:31:33,997 | INFO    | Dispatched 1 new trade(s). Active trades: 5
2026-03-13 10:31:34,039 | INFO    | [LIVE] Entry order placed: SELL SANOFI ID=260313170558027
2026-03-13 10:31:34,165 | INFO    | [LIVE] Entry filled: SANOFI @ 3563.7
2026-03-13 10:31:34,306 | INFO    | [LIVE] Exit legs placed for SANOFI: target_id=260313170558032 sl_id=260313170558036
2026-03-13 10:31:39,226 | INFO    | Signal CSV changed - processing new signals from v7_sweep_short + v7_sweep_long...
2026-03-13 10:31:39,238 | INFO    | [LIVE] Starting trade LT-c3a555a4-103139: SELL SOUTHBANK qty=1 | SL=38.46 TGT=37.86
2026-03-13 10:31:39,242 | INFO    | [DISPATCH] Launched LIVE trade: SHORT SOUTHBANK @ 38.2 | reserved_margin=Rs.7.64 | ID=c3a555a4e394
2026-03-13 10:31:39,265 | INFO    | Dispatched 1 new trade(s). Active trades: 6
2026-03-13 10:31:39,291 | INFO    | [LIVE] Entry order placed: SELL SOUTHBANK ID=260313170558393
2026-03-13 10:31:39,430 | INFO    | [LIVE] Entry filled: SOUTHBANK @ 38.14
2026-03-13 10:31:39,580 | INFO    | [LIVE] Exit legs placed for SOUTHBANK: target_id=260313170558414 sl_id=260313170558418
2026-03-13 10:31:51,868 | INFO    | Signal CSV changed - processing new signals from v7_sweep_short + v7_sweep_long...
2026-03-13 10:31:51,883 | INFO    | [LIVE] Starting trade LT-bfa2817d-103151: SELL WCIL qty=1 | SL=90.78 TGT=89.36
2026-03-13 10:31:51,899 | INFO    | [DISPATCH] Launched LIVE trade: SHORT WCIL @ 90.17 | reserved_margin=Rs.18.03 | ID=bfa2817da1d4
2026-03-13 10:31:51,905 | INFO    | Dispatched 1 new trade(s). Active trades: 7
2026-03-13 10:31:51,947 | INFO    | [LIVE] Entry order placed: SELL WCIL ID=260313170559374
2026-03-13 10:31:52,094 | INFO    | [LIVE] Entry filled: WCIL @ 89.78
2026-03-13 10:31:52,227 | INFO    | [LIVE] Exit legs placed for WCIL: target_id=260313170559406 sl_id=260313170559419
2026-03-13 10:32:10,727 | INFO    | Signal CSV changed - processing new signals from v7_sweep_short + v7_sweep_long...
2026-03-13 10:32:10,751 | INFO    | [LIVE] Starting trade LT-67ef26af-103210: SELL BODALCHEM qty=1 | SL=44.11 TGT=43.42
2026-03-13 10:32:10,759 | INFO    | [DISPATCH] Launched LIVE trade: SHORT BODALCHEM @ 43.81 | reserved_margin=Rs.8.76 | ID=67ef26af5e8b
2026-03-13 10:32:10,777 | INFO    | Dispatched 1 new trade(s). Active trades: 8
2026-03-13 10:32:10,820 | INFO    | [LIVE] Entry order placed: SELL BODALCHEM ID=260313170560999
2026-03-13 10:32:10,985 | INFO    | [LIVE] Entry filled: BODALCHEM @ 43.69
2026-03-13 10:32:11,149 | INFO    | [LIVE] Exit legs placed for BODALCHEM: target_id=260313170561024 sl_id=260313170561031
2026-03-13 10:46:38,680 | INFO    | Signal CSV changed - processing new signals from v7_sweep_short + v7_sweep_long...
2026-03-13 10:46:38,701 | INFO    | [LIVE] Starting trade LT-e48644f0-104638: SELL SHYAMMETL qty=1 | SL=772.77 TGT=760.64
2026-03-13 10:46:38,712 | INFO    | [DISPATCH] Launched LIVE trade: SHORT SHYAMMETL @ 767.55 | reserved_margin=Rs.153.51 | ID=e48644f0c266
2026-03-13 10:46:38,712 | INFO    | Dispatched 1 new trade(s). Active trades: 9
2026-03-13 10:46:38,769 | INFO    | [LIVE] Entry order placed: SELL SHYAMMETL ID=260313170615032
2026-03-13 10:46:38,898 | INFO    | [LIVE] Entry filled: SHYAMMETL @ 767.1
2026-03-13 10:46:39,043 | INFO    | [LIVE] Exit legs placed for SHYAMMETL: target_id=260313170615044 sl_id=260313170615048
2026-03-13 10:46:50,696 | INFO    | Signal CSV changed - processing new signals from v7_sweep_short + v7_sweep_long...
2026-03-13 10:46:50,711 | INFO    | [LIVE] Starting trade LT-29eb77e8-104650: SELL UNIONBANK qty=1 | SL=176.16 TGT=173.4
2026-03-13 10:46:50,727 | INFO    | [DISPATCH] Launched LIVE trade: SHORT UNIONBANK @ 174.97 | reserved_margin=Rs.34.99 | ID=29eb77e849a0
2026-03-13 10:46:50,743 | INFO    | Dispatched 1 new trade(s). Active trades: 10
2026-03-13 10:46:50,791 | INFO    | [LIVE] Entry order placed: SELL UNIONBANK ID=260313170615607
2026-03-13 10:46:50,929 | INFO    | [LIVE] Entry filled: UNIONBANK @ 174.92
2026-03-13 10:46:51,070 | INFO    | [LIVE] Exit legs placed for UNIONBANK: target_id=260313170615619 sl_id=260313170615621
2026-03-13 10:51:45,649 | INFO    | [LIVE] SL TRIGGERED: SHYAMMETL @ 772.7 -> cancelling Target 260313170615044
2026-03-13 10:51:45,734 | INFO    | Cancelled order 260313170615044 (attempt 1)
2026-03-13 10:51:45,758 | INFO    | [LIVE] RESULT SHORT SHYAMMETL | SL | Entry=767.1 Exit=772.7 | P&L: Rs.-5.60 (-0.73%) | Day total: Rs.-5.60
2026-03-13 10:53:08,618 | INFO    | [LIVE] SL TRIGGERED: WCIL @ 90.62 -> cancelling Target 260313170559406
2026-03-13 10:53:08,696 | INFO    | Cancelled order 260313170559406 (attempt 1)
2026-03-13 10:53:08,711 | INFO    | [LIVE] RESULT SHORT WCIL | SL | Entry=89.78 Exit=90.62 | P&L: Rs.-0.84 (-0.94%) | Day total: Rs.-6.44
2026-03-13 11:04:22,223 | INFO    | [LIVE] SL TRIGGERED: UNIONBANK @ 176.13 -> cancelling Target 260313170615619
2026-03-13 11:04:22,305 | INFO    | Cancelled order 260313170615619 (attempt 1)
2026-03-13 11:04:22,330 | INFO    | [LIVE] RESULT SHORT UNIONBANK | SL | Entry=174.92 Exit=176.13 | P&L: Rs.-1.21 (-0.69%) | Day total: Rs.-7.65
2026-03-13 11:28:32,778 | INFO    | [LIVE] SL TRIGGERED: NYKAA @ 240.6 -> cancelling Target 260313170557047
2026-03-13 11:28:32,863 | INFO    | Cancelled order 260313170557047 (attempt 1)
2026-03-13 11:28:32,880 | INFO    | [LIVE] RESULT SHORT NYKAA | SL | Entry=238.9 Exit=240.6 | P&L: Rs.-1.70 (-0.71%) | Day total: Rs.-9.35
2026-03-13 11:28:38,901 | INFO    | [LIVE] SL TRIGGERED: HEROMOTOCO @ 5228.0 -> cancelling Target 260313170555102
2026-03-13 11:28:38,978 | INFO    | Cancelled order 260313170555102 (attempt 1)
2026-03-13 11:28:39,009 | INFO    | [LIVE] RESULT SHORT HEROMOTOCO | SL | Entry=5192.5 Exit=5228.0 | P&L: Rs.-35.50 (-0.68%) | Day total: Rs.-44.85
2026-03-13 11:31:49,813 | INFO    | [LIVE] SL TRIGGERED: BODALCHEM @ 44.07 -> cancelling Target 260313170561024
2026-03-13 11:31:49,898 | INFO    | Cancelled order 260313170561024 (attempt 1)
2026-03-13 11:31:49,929 | INFO    | [LIVE] RESULT SHORT BODALCHEM | SL | Entry=43.69 Exit=44.07 | P&L: Rs.-0.38 (-0.87%) | Day total: Rs.-45.23
2026-03-13 11:32:10,963 | INFO    | Signal CSV changed - processing new signals from v7_sweep_short + v7_sweep_long...
2026-03-13 11:32:11,017 | INFO    | [LIVE] Starting trade LT-0e209050-113211: SELL PFS qty=1 | SL=28.03 TGT=27.59
2026-03-13 11:32:11,029 | INFO    | [DISPATCH] Launched LIVE trade: SHORT PFS @ 27.84 | reserved_margin=Rs.5.57 | ID=0e209050dd76
2026-03-13 11:32:11,039 | INFO    | Dispatched 1 new trade(s). Active trades: 5
2026-03-13 11:32:11,080 | INFO    | [LIVE] Entry order placed: SELL PFS ID=260313170771821
2026-03-13 11:32:11,210 | INFO    | [LIVE] Entry filled: PFS @ 27.89
2026-03-13 11:32:11,385 | INFO    | [LIVE] Exit legs placed for PFS: target_id=260313170771836 sl_id=260313170771846
2026-03-13 11:55:54,385 | INFO    | [LIVE] TARGET HIT: IPL @ 141.74 -> cancelling SL 260313170555654
2026-03-13 11:55:54,461 | INFO    | Cancelled order 260313170555654 (attempt 1)
2026-03-13 11:55:54,493 | INFO    | [LIVE] RESULT SHORT IPL | TARGET | Entry=143.03 Exit=141.74 | P&L: Rs.+1.29 (+0.90%) | Day total: Rs.-43.94
2026-03-13 12:30:35,727 | INFO    | Signal CSV changed - processing new signals from v7_sweep_short + v7_sweep_long...
2026-03-13 12:30:35,752 | INFO    | [LIVE] Starting trade LT-ea94b0bd-123035: SELL EXIDEIND qty=1 | SL=302.44 TGT=297.7
2026-03-13 12:30:35,808 | INFO    | [DISPATCH] Launched LIVE trade: SHORT EXIDEIND @ 300.4 | reserved_margin=Rs.60.08 | ID=ea94b0bd8d7b
2026-03-13 12:30:35,819 | INFO    | [LIVE] Entry order placed: SELL EXIDEIND ID=260313170968465
2026-03-13 12:30:35,871 | INFO    | Dispatched 1 new trade(s). Active trades: 5
2026-03-13 12:30:35,960 | INFO    | [LIVE] Entry filled: EXIDEIND @ 300.2
2026-03-13 12:30:36,108 | INFO    | [LIVE] Exit legs placed for EXIDEIND: target_id=260313170968478 sl_id=260313170968484
2026-03-13 12:30:44,461 | INFO    | Signal CSV changed - processing new signals from v7_sweep_short + v7_sweep_long...
2026-03-13 12:30:44,491 | INFO    | [LIVE] Starting trade LT-78564dca-123044: SELL GPTHEALTH qty=1 | SL=123.29 TGT=121.36
2026-03-13 12:30:44,511 | INFO    | [DISPATCH] Launched LIVE trade: SHORT GPTHEALTH @ 122.46 | reserved_margin=Rs.24.49 | ID=78564dcab39a
2026-03-13 12:30:44,521 | INFO    | Dispatched 1 new trade(s). Active trades: 6
2026-03-13 12:30:44,539 | INFO    | [LIVE] Entry order placed: SELL GPTHEALTH ID=260313170968913
2026-03-13 12:30:44,698 | INFO    | [LIVE] Entry filled: GPTHEALTH @ 122.46
2026-03-13 12:30:44,838 | INFO    | [LIVE] Exit legs placed for GPTHEALTH: target_id=260313170968929 sl_id=260313170968934
2026-03-13 12:31:14,372 | INFO    | [LIVE] TARGET HIT: PFS @ 27.64 -> cancelling SL 260313170771846
2026-03-13 12:31:14,446 | INFO    | Cancelled order 260313170771846 (attempt 1)
2026-03-13 12:31:14,463 | INFO    | [LIVE] RESULT SHORT PFS | TARGET | Entry=27.89 Exit=27.64 | P&L: Rs.+0.25 (+0.90%) | Day total: Rs.-43.69
2026-03-13 12:31:59,789 | INFO    | Signal CSV changed - processing new signals from v7_sweep_short + v7_sweep_long...
2026-03-13 12:31:59,805 | INFO    | [LIVE] Starting trade LT-3ba3f8c4-123159: SELL YASHO qty=1 | SL=1296.56 TGT=1276.21
2026-03-13 12:31:59,829 | INFO    | [DISPATCH] Launched LIVE trade: SHORT YASHO @ 1287.8 | reserved_margin=Rs.257.56 | ID=3ba3f8c45d8b
2026-03-13 12:31:59,839 | INFO    | Dispatched 1 new trade(s). Active trades: 6
2026-03-13 12:31:59,881 | INFO    | [LIVE] Entry order placed: SELL YASHO ID=260313170976424
2026-03-13 12:32:00,023 | INFO    | [LIVE] Entry filled: YASHO @ 1285.0
2026-03-13 12:32:00,173 | INFO    | [LIVE] Exit legs placed for YASHO: target_id=260313170976455 sl_id=260313170976465
2026-03-13 12:33:01,187 | INFO    | [LIVE] TARGET HIT: SANOFI @ 3531.6 -> cancelling SL 260313170558036
2026-03-13 12:33:01,276 | INFO    | Cancelled order 260313170558036 (attempt 1)
2026-03-13 12:33:01,295 | INFO    | [LIVE] RESULT SHORT SANOFI | TARGET | Entry=3563.7 Exit=3531.6 | P&L: Rs.+32.10 (+0.90%) | Day total: Rs.-11.59
2026-03-13 12:38:14,820 | INFO    | [LIVE] SL TRIGGERED: KINGFA @ 4051.2 -> cancelling Target 260313170556080
2026-03-13 12:38:14,899 | INFO    | Cancelled order 260313170556080 (attempt 1)
2026-03-13 12:38:14,922 | INFO    | [LIVE] RESULT SHORT KINGFA | SL | Entry=4020.8 Exit=4051.2 | P&L: Rs.-30.40 (-0.76%) | Day total: Rs.-41.99
2026-03-13 12:39:03,979 | INFO    | [LIVE] SL TRIGGERED: YASHO @ 1294.4 -> cancelling Target 260313170976455
2026-03-13 12:39:04,055 | INFO    | Cancelled order 260313170976455 (attempt 1)
2026-03-13 12:39:04,071 | INFO    | [LIVE] RESULT SHORT YASHO | SL | Entry=1285.0 Exit=1294.4 | P&L: Rs.-9.40 (-0.73%) | Day total: Rs.-51.39
2026-03-13 12:45:42,476 | INFO    | Signal CSV changed - processing new signals from v7_sweep_short + v7_sweep_long...
2026-03-13 12:45:42,515 | INFO    | [LIVE] Starting trade LT-dcc2d104-124542: SELL GNA qty=1 | SL=390.79 TGT=384.66
2026-03-13 12:45:42,530 | INFO    | [DISPATCH] Launched LIVE trade: SHORT GNA @ 388.15 | reserved_margin=Rs.77.63 | ID=dcc2d1049be3
2026-03-13 12:45:42,541 | INFO    | Dispatched 1 new trade(s). Active trades: 4
2026-03-13 12:45:42,581 | INFO    | [LIVE] Entry order placed: SELL GNA ID=260313171040533
2026-03-13 12:45:42,770 | INFO    | [LIVE] Entry filled: GNA @ 387.65
2026-03-13 12:45:42,916 | INFO    | [LIVE] Exit legs placed for GNA: target_id=260313171040554 sl_id=260313171040561
2026-03-13 12:45:48,790 | INFO    | Signal CSV changed - processing new signals from v7_sweep_short + v7_sweep_long...
2026-03-13 12:45:48,821 | INFO    | [LIVE] Starting trade LT-1b55fd79-124548: SELL HBLENGINE qty=1 | SL=664.19 TGT=653.76
2026-03-13 12:45:48,843 | INFO    | [DISPATCH] Launched LIVE trade: SHORT HBLENGINE @ 659.7 | reserved_margin=Rs.131.94 | ID=1b55fd790a77
2026-03-13 12:45:48,855 | INFO    | Dispatched 1 new trade(s). Active trades: 5
2026-03-13 12:45:48,883 | INFO    | [LIVE] Entry order placed: SELL HBLENGINE ID=260313171040983
2026-03-13 12:45:49,027 | INFO    | [LIVE] Entry filled: HBLENGINE @ 660.0
2026-03-13 12:45:49,166 | INFO    | [LIVE] Exit legs placed for HBLENGINE: target_id=260313171040995 sl_id=260313171041000
2026-03-13 12:45:58,039 | INFO    | Signal CSV changed - processing new signals from v7_sweep_short + v7_sweep_long...
2026-03-13 12:45:58,057 | INFO    | [LIVE] Starting trade LT-7134bfbb-124558: SELL INOXINDIA qty=1 | SL=1163.56 TGT=1145.3
2026-03-13 12:45:58,110 | INFO    | [DISPATCH] Launched LIVE trade: SHORT INOXINDIA @ 1155.7 | reserved_margin=Rs.231.14 | ID=7134bfbb9882
2026-03-13 12:45:58,117 | INFO    | [LIVE] Entry order placed: SELL INOXINDIA ID=260313171041729
2026-03-13 12:45:58,197 | INFO    | Dispatched 1 new trade(s). Active trades: 6
2026-03-13 12:45:58,273 | INFO    | [LIVE] Entry filled: INOXINDIA @ 1155.7
2026-03-13 12:45:58,429 | INFO    | [LIVE] Exit legs placed for INOXINDIA: target_id=260313171041740 sl_id=260313171041744
2026-03-13 12:46:11,962 | INFO    | Signal CSV changed - processing new signals from v7_sweep_short + v7_sweep_long...
2026-03-13 12:46:11,988 | INFO    | [LIVE] Starting trade LT-13c186cb-124611: SELL LT qty=1 | SL=3542.93 TGT=3487.33
2026-03-13 12:46:11,992 | INFO    | [DISPATCH] Launched LIVE trade: SHORT LT @ 3519.0 | reserved_margin=Rs.703.80 | ID=13c186cb6e03
2026-03-13 12:46:12,008 | INFO    | Dispatched 1 new trade(s). Active trades: 7
2026-03-13 12:46:12,040 | INFO    | [LIVE] Entry order placed: SELL LT ID=260313171042961
2026-03-13 12:46:12,204 | INFO    | [LIVE] Entry filled: LT @ 3517.0
2026-03-13 12:46:12,336 | INFO    | [LIVE] Exit legs placed for LT: target_id=260313171042979 sl_id=260313171042984
2026-03-13 12:46:42,664 | INFO    | Signal CSV changed - processing new signals from v7_sweep_short + v7_sweep_long...
2026-03-13 12:46:42,682 | INFO    | [LIVE] Starting trade LT-4106afad-124642: SELL SAPPHIRE qty=1 | SL=157.83 TGT=155.35
2026-03-13 12:46:42,696 | INFO    | [DISPATCH] Launched LIVE trade: SHORT SAPPHIRE @ 156.76 | reserved_margin=Rs.31.35 | ID=4106afadb417
2026-03-13 12:46:42,718 | INFO    | Dispatched 1 new trade(s). Active trades: 8
2026-03-13 12:46:42,742 | INFO    | [LIVE] Entry order placed: SELL SAPPHIRE ID=260313171045213
2026-03-13 12:46:42,899 | INFO    | [LIVE] Entry filled: SAPPHIRE @ 156.82
2026-03-13 12:46:43,049 | INFO    | [LIVE] Exit legs placed for SAPPHIRE: target_id=260313171045228 sl_id=260313171045237
2026-03-13 12:47:01,024 | INFO    | Signal CSV changed - processing new signals from v7_sweep_short + v7_sweep_long...
2026-03-13 12:47:01,056 | INFO    | [LIVE] Starting trade LT-5b487aef-124701: SELL UDS qty=1 | SL=143.89 TGT=141.63
2026-03-13 12:47:01,056 | INFO    | [DISPATCH] Launched LIVE trade: SHORT UDS @ 142.92 | reserved_margin=Rs.28.58 | ID=5b487aefbe01
2026-03-13 12:47:01,056 | INFO    | [LIVE] Starting trade LT-427149fe-124701: SELL USHAMART qty=1 | SL=411.28 TGT=404.82
2026-03-13 12:47:01,087 | INFO    | [DISPATCH] Launched LIVE trade: SHORT USHAMART @ 408.5 | reserved_margin=Rs.81.70 | ID=427149fe66a8
2026-03-13 12:47:01,087 | WARNING | [RISK] Rejecting SHORT UTTAMSUGAR: max open positions reached (10/10)
2026-03-13 12:47:01,117 | INFO    | Dispatched 2 new trade(s). Active trades: 10
2026-03-13 12:47:01,117 | INFO    | [LIVE] Entry order placed: SELL UDS ID=260313171046672
2026-03-13 12:47:01,264 | INFO    | [LIVE] Entry filled: UDS @ 142.91
2026-03-13 12:47:01,264 | INFO    | [LIVE] Entry order placed: SELL USHAMART ID=260313171046692
2026-03-13 12:47:01,406 | INFO    | [LIVE] Entry filled: USHAMART @ 408.5
2026-03-13 12:47:01,421 | INFO    | [LIVE] Exit legs placed for UDS: target_id=260313171046707 sl_id=260313171046710
2026-03-13 12:47:01,555 | INFO    | [LIVE] Exit legs placed for USHAMART: target_id=260313171046714 sl_id=260313171046719
2026-03-13 12:47:10,367 | INFO    | Signal CSV changed - processing new signals from v7_sweep_short + v7_sweep_long...
2026-03-13 12:47:10,391 | WARNING | [RISK] Rejecting SHORT ABDL: max open positions reached (10/10)
2026-03-13 12:47:10,399 | WARNING | [RISK] Rejecting SHORT ADVENZYMES: max open positions reached (10/10)
2026-03-13 12:47:13,305 | INFO    | Signal CSV changed - processing new signals from v7_sweep_short + v7_sweep_long...
2026-03-13 12:47:13,332 | WARNING | [RISK] Rejecting SHORT ANANTRAJ: max open positions reached (10/10)
2026-03-13 12:47:17,430 | INFO    | Signal CSV changed - processing new signals from v7_sweep_short + v7_sweep_long...
2026-03-13 12:47:17,463 | WARNING | [RISK] Rejecting SHORT ATUL: max open positions reached (10/10)
2026-03-13 12:47:23,617 | INFO    | Signal CSV changed - processing new signals from v7_sweep_short + v7_sweep_long...
2026-03-13 12:47:23,644 | WARNING | [RISK] Rejecting SHORT BLS: max open positions reached (10/10)
2026-03-13 12:48:06,215 | INFO    | [LIVE] SL TRIGGERED: SAPPHIRE @ 158.0 -> cancelling Target 260313171045228
2026-03-13 12:48:06,296 | INFO    | Cancelled order 260313171045228 (attempt 1)
2026-03-13 12:48:06,317 | INFO    | [LIVE] RESULT SHORT SAPPHIRE | SL | Entry=156.82 Exit=158.0 | P&L: Rs.-1.18 (-0.75%) | Day total: Rs.-52.57
2026-03-13 12:51:03,041 | INFO    | [LIVE] SL TRIGGERED: GPTHEALTH @ 123.29 -> cancelling Target 260313170968929
2026-03-13 12:51:03,131 | INFO    | Cancelled order 260313170968929 (attempt 1)
2026-03-13 12:51:03,148 | INFO    | [LIVE] RESULT SHORT GPTHEALTH | SL | Entry=122.46 Exit=123.29 | P&L: Rs.-0.83 (-0.68%) | Day total: Rs.-53.40
2026-03-13 12:52:03,257 | INFO    | [LIVE] SL TRIGGERED: UDS @ 143.9 -> cancelling Target 260313171046707
2026-03-13 12:52:03,352 | INFO    | Cancelled order 260313171046707 (attempt 1)
2026-03-13 12:52:03,368 | INFO    | [LIVE] RESULT SHORT UDS | SL | Entry=142.91 Exit=143.9 | P&L: Rs.-0.99 (-0.69%) | Day total: Rs.-54.39
2026-03-13 13:00:39,565 | INFO    | Signal CSV changed - processing new signals from v7_sweep_short + v7_sweep_long...
2026-03-13 13:00:39,611 | INFO    | [LIVE] Starting trade LT-d8526267-130039: SELL GABRIEL qty=1 | SL=845.56 TGT=832.29
2026-03-13 13:00:39,622 | INFO    | [DISPATCH] Launched LIVE trade: SHORT GABRIEL @ 839.85 | reserved_margin=Rs.167.97 | ID=d85262679cad
2026-03-13 13:00:39,629 | INFO    | Dispatched 1 new trade(s). Active trades: 8
2026-03-13 13:00:39,676 | INFO    | [LIVE] Entry order placed: SELL GABRIEL ID=260313171093767
2026-03-13 13:00:39,840 | INFO    | [LIVE] Entry filled: GABRIEL @ 839.85
2026-03-13 13:00:40,030 | INFO    | [LIVE] Exit legs placed for GABRIEL: target_id=260313171093779 sl_id=260313171093785
2026-03-13 13:00:43,616 | INFO    | Signal CSV changed - processing new signals from v7_sweep_short + v7_sweep_long...
2026-03-13 13:00:43,663 | INFO    | [LIVE] Starting trade LT-c113cd86-130043: SELL GMRAIRPORT qty=1 | SL=90.24 TGT=88.82
2026-03-13 13:00:43,685 | INFO    | [DISPATCH] Launched LIVE trade: SHORT GMRAIRPORT @ 89.63 | reserved_margin=Rs.17.93 | ID=c113cd86e6bb
2026-03-13 13:00:43,692 | INFO    | Dispatched 1 new trade(s). Active trades: 9
2026-03-13 13:00:43,730 | INFO    | [LIVE] Entry order placed: SELL GMRAIRPORT ID=260313171093942
2026-03-13 13:00:43,899 | INFO    | [LIVE] Entry filled: GMRAIRPORT @ 89.57
2026-03-13 13:00:44,042 | INFO    | [LIVE] Exit legs placed for GMRAIRPORT: target_id=260313171093953 sl_id=260313171093958
2026-03-13 13:01:08,727 | INFO    | Signal CSV changed - processing new signals from v7_sweep_short + v7_sweep_long...
2026-03-13 13:01:08,758 | INFO    | [LIVE] Starting trade LT-789f37cd-130108: SELL KIRLOSIND qty=1 | SL=2680.71 TGT=2638.64
2026-03-13 13:01:08,764 | INFO    | [DISPATCH] Launched LIVE trade: SHORT KIRLOSIND @ 2662.6 | reserved_margin=Rs.532.52 | ID=789f37cd7f62
2026-03-13 13:01:08,774 | INFO    | Dispatched 1 new trade(s). Active trades: 10
2026-03-13 13:01:08,820 | INFO    | [LIVE] Entry order placed: SELL KIRLOSIND ID=260313171095081
2026-03-13 13:01:08,965 | INFO    | [LIVE] Entry filled: KIRLOSIND @ 2661.5
2026-03-13 13:01:09,116 | INFO    | [LIVE] Exit legs placed for KIRLOSIND: target_id=260313171095092 sl_id=260313171095095
2026-03-13 13:01:27,351 | INFO    | Signal CSV changed - processing new signals from v7_sweep_short + v7_sweep_long...
2026-03-13 13:01:27,385 | WARNING | [RISK] Rejecting SHORT PAISALO: max open positions reached (10/10)
2026-03-13 13:01:37,558 | INFO    | Signal CSV changed - processing new signals from v7_sweep_short + v7_sweep_long...
2026-03-13 13:01:37,591 | WARNING | [RISK] Rejecting SHORT REMSONSIND: max open positions reached (10/10)
2026-03-13 13:01:48,070 | INFO    | Signal CSV changed - processing new signals from v7_sweep_short + v7_sweep_long...
2026-03-13 13:01:48,121 | WARNING | [RISK] Rejecting SHORT SONACOMS: max open positions reached (10/10)
2026-03-13 13:02:48,227 | INFO    | Signal CSV changed - processing new signals from v7_sweep_short + v7_sweep_long...
2026-03-13 13:02:48,257 | WARNING | [RISK] Rejecting SHORT DEEPAKFERT: max open positions reached (10/10)
2026-03-13 13:02:53,070 | INFO    | Signal CSV changed - processing new signals from v7_sweep_short + v7_sweep_long...
2026-03-13 13:02:53,102 | WARNING | [RISK] Rejecting SHORT ELGIEQUIP: max open positions reached (10/10)
2026-03-13 13:05:37,853 | INFO    | [LIVE] SL TRIGGERED: KIRLOSIND @ 2684.5 -> cancelling Target 260313171095092
2026-03-13 13:05:37,955 | INFO    | Cancelled order 260313171095092 (attempt 1)
2026-03-13 13:05:37,961 | INFO    | [LIVE] RESULT SHORT KIRLOSIND | SL | Entry=2661.5 Exit=2684.5 | P&L: Rs.-23.00 (-0.86%) | Day total: Rs.-77.39
2026-03-13 13:12:33,862 | INFO    | [LIVE] TARGET HIT: LT @ 3485.3 -> cancelling SL 260313171042984
2026-03-13 13:12:33,955 | INFO    | Cancelled order 260313171042984 (attempt 1)
2026-03-13 13:12:33,975 | INFO    | [LIVE] RESULT SHORT LT | TARGET | Entry=3517.0 Exit=3485.3 | P&L: Rs.+31.70 (+0.90%) | Day total: Rs.-45.69
2026-03-13 13:16:14,530 | INFO    | Signal CSV changed - processing new signals from v7_sweep_short + v7_sweep_long...
2026-03-13 13:16:14,640 | INFO    | [LIVE] Starting trade LT-112815d5-131614: SELL GODREJAGRO qty=1 | SL=575.34 TGT=566.31
2026-03-13 13:16:14,660 | INFO    | [DISPATCH] Launched LIVE trade: SHORT GODREJAGRO @ 571.45 | reserved_margin=Rs.114.29 | ID=112815d550bf
2026-03-13 13:16:14,671 | INFO    | Dispatched 1 new trade(s). Active trades: 9
2026-03-13 13:16:14,707 | INFO    | [LIVE] Entry order placed: SELL GODREJAGRO ID=260313171148072
2026-03-13 13:16:14,914 | INFO    | [LIVE] Entry filled: GODREJAGRO @ 571.1
2026-03-13 13:16:15,064 | INFO    | [LIVE] Exit legs placed for GODREJAGRO: target_id=260313171148102 sl_id=260313171148106
2026-03-13 13:17:01,260 | INFO    | Signal CSV changed - processing new signals from v7_sweep_short + v7_sweep_long...
2026-03-13 13:17:01,320 | INFO    | [LIVE] Starting trade LT-6e1a412f-131701: SELL MANGLMCEM qty=1 | SL=801.82 TGT=789.23
2026-03-13 13:17:01,335 | INFO    | [DISPATCH] Launched LIVE trade: SHORT MANGLMCEM @ 796.4 | reserved_margin=Rs.159.28 | ID=6e1a412f94f6
2026-03-13 13:17:01,344 | INFO    | Dispatched 1 new trade(s). Active trades: 10
2026-03-13 13:17:01,439 | INFO    | [LIVE] Entry order placed: SELL MANGLMCEM ID=260313171151013
2026-03-13 13:17:01,631 | INFO    | [LIVE] Entry filled: MANGLMCEM @ 795.85
2026-03-13 13:17:01,782 | INFO    | [LIVE] Exit legs placed for MANGLMCEM: target_id=260313171151034 sl_id=260313171151041
2026-03-13 13:17:49,909 | INFO    | Signal CSV changed - processing new signals from v7_sweep_short + v7_sweep_long...
2026-03-13 13:17:49,963 | WARNING | [RISK] Rejecting SHORT SPLPETRO: max open positions reached (10/10)
2026-03-13 13:17:58,789 | INFO    | Signal CSV changed - processing new signals from v7_sweep_short + v7_sweep_long...
2026-03-13 13:17:58,832 | WARNING | [RISK] Rejecting SHORT TIINDIA: max open positions reached (10/10)
2026-03-13 13:18:06,420 | INFO    | Signal CSV changed - processing new signals from v7_sweep_short + v7_sweep_long...
2026-03-13 13:18:06,456 | WARNING | [RISK] Rejecting SHORT VESUVIUS: max open positions reached (10/10)
2026-03-13 13:18:06,474 | WARNING | [RISK] Rejecting SHORT VINCOFE: max open positions reached (10/10)
2026-03-13 13:18:17,802 | INFO    | Signal CSV changed - processing new signals from v7_sweep_short + v7_sweep_long...
2026-03-13 13:18:17,837 | WARNING | [RISK] Rejecting SHORT AMBIKCO: max open positions reached (10/10)
2026-03-13 13:18:30,399 | INFO    | Signal CSV changed - processing new signals from v7_sweep_short + v7_sweep_long...
2026-03-13 13:18:30,445 | WARNING | [RISK] Rejecting SHORT BOROLTD: max open positions reached (10/10)
2026-03-13 13:18:39,594 | INFO    | Signal CSV changed - processing new signals from v7_sweep_short + v7_sweep_long...
2026-03-13 13:18:39,643 | WARNING | [RISK] Rejecting SHORT DBREALTY: max open positions reached (10/10)
2026-03-13 13:18:43,224 | INFO    | Signal CSV changed - processing new signals from v7_sweep_short + v7_sweep_long...
2026-03-13 13:18:43,266 | WARNING | [RISK] Rejecting SHORT DODLA: max open positions reached (10/10)
2026-03-13 13:18:43,276 | WARNING | [RISK] Rejecting SHORT DREDGECORP: max open positions reached (10/10)
2026-03-13 13:32:19,368 | INFO    | Signal CSV changed - processing new signals from v7_sweep_short + v7_sweep_long...
2026-03-13 13:32:19,430 | WARNING | [RISK] Rejecting SHORT REPCOHOME: max open positions reached (10/10)
2026-03-13 13:47:37,205 | INFO    | Signal CSV changed - processing new signals from v7_sweep_short + v7_sweep_long...
2026-03-13 13:47:37,255 | WARNING | [RISK] Rejecting SHORT TIRUMALCHM: max open positions reached (10/10)
2026-03-13 13:48:19,789 | INFO    | Signal CSV changed - processing new signals from v7_sweep_short + v7_sweep_long...
2026-03-13 13:48:19,835 | WARNING | [RISK] Rejecting SHORT DVL: max open positions reached (10/10)
2026-03-13 13:54:23,712 | INFO    | [LIVE] TARGET HIT: GABRIEL @ 832.3 -> cancelling SL 260313171093785
2026-03-13 13:54:23,807 | INFO    | Cancelled order 260313171093785 (attempt 1)
2026-03-13 13:54:23,820 | INFO    | [LIVE] RESULT SHORT GABRIEL | TARGET | Entry=839.85 Exit=832.3 | P&L: Rs.+7.55 (+0.90%) | Day total: Rs.-38.14
2026-03-13 14:01:58,048 | INFO    | [LIVE] TARGET HIT: INOXINDIA @ 1145.3 -> cancelling SL 260313171041744
2026-03-13 14:01:58,137 | INFO    | Cancelled order 260313171041744 (attempt 1)
2026-03-13 14:01:58,158 | INFO    | [LIVE] RESULT SHORT INOXINDIA | TARGET | Entry=1155.7 Exit=1145.3 | P&L: Rs.+10.40 (+0.90%) | Day total: Rs.-27.74
2026-03-13 14:03:13,937 | INFO    | Signal CSV changed - processing new signals from v7_sweep_short + v7_sweep_long...
2026-03-13 14:03:13,992 | INFO    | [LIVE] Starting trade LT-ec1b96ad-140313: SELL ASAL qty=1 | SL=413.29 TGT=406.81
2026-03-13 14:03:14,011 | INFO    | [DISPATCH] Launched LIVE trade: SHORT ASAL @ 410.5 | reserved_margin=Rs.82.10 | ID=ec1b96adff21
2026-03-13 14:03:14,018 | INFO    | Dispatched 1 new trade(s). Active trades: 9
2026-03-13 14:03:14,061 | INFO    | [LIVE] Entry order placed: SELL ASAL ID=260313171328093
2026-03-13 14:03:14,310 | INFO    | [LIVE] Entry filled: ASAL @ 410.0
2026-03-13 14:03:14,500 | INFO    | [LIVE] Exit legs placed for ASAL: target_id=260313171328121 sl_id=260313171328129
2026-03-13 14:13:35,938 | INFO    | [LIVE] SL TRIGGERED: ASAL @ 413.35 -> cancelling Target 260313171328121
2026-03-13 14:13:36,015 | INFO    | Cancelled order 260313171328121 (attempt 1)
2026-03-13 14:13:36,032 | INFO    | [LIVE] RESULT SHORT ASAL | SL | Entry=410.0 Exit=413.35 | P&L: Rs.-3.35 (-0.82%) | Day total: Rs.-31.09
2026-03-13 14:28:26,767 | INFO    | [LIVE] SL TRIGGERED: HBLENGINE @ 664.2 -> cancelling Target 260313171040995
2026-03-13 14:28:26,863 | INFO    | Cancelled order 260313171040995 (attempt 1)
2026-03-13 14:28:26,883 | INFO    | [LIVE] RESULT SHORT HBLENGINE | SL | Entry=660.0 Exit=664.2 | P&L: Rs.-4.20 (-0.64%) | Day total: Rs.-35.29
2026-03-13 14:47:49,698 | INFO    | [LIVE] SL TRIGGERED: GNA @ 390.4 -> cancelling Target 260313171040554
2026-03-13 14:47:49,775 | INFO    | Cancelled order 260313171040554 (attempt 1)
2026-03-13 14:47:49,796 | INFO    | [LIVE] RESULT SHORT GNA | SL | Entry=387.65 Exit=390.4 | P&L: Rs.-2.75 (-0.71%) | Day total: Rs.-38.04
2026-03-13 14:55:58,078 | INFO    | [LIVE] TARGET HIT: EXIDEIND @ 297.5 -> cancelling SL 260313170968484
2026-03-13 14:55:58,290 | INFO    | Cancelled order 260313170968484 (attempt 1)
2026-03-13 14:55:58,312 | INFO    | [LIVE] RESULT SHORT EXIDEIND | TARGET | Entry=300.2 Exit=297.5 | P&L: Rs.+2.70 (+0.90%) | Day total: Rs.-35.34
2026-03-13 15:03:59,179 | INFO    | Signal CSV changed - processing new signals from v7_sweep_short + v7_sweep_long...
2026-03-13 15:13:02,344 | INFO    | [LIVE] TARGET HIT: MANGLMCEM @ 788.7 -> cancelling SL 260313171151041
2026-03-13 15:13:02,415 | INFO    | Cancelled order 260313171151041 (attempt 1)
2026-03-13 15:13:02,450 | INFO    | [LIVE] RESULT SHORT MANGLMCEM | TARGET | Entry=795.85 Exit=788.7 | P&L: Rs.+7.15 (+0.90%) | Day total: Rs.-28.19
2026-03-13 15:20:00,230 | WARNING | [EOD.GLOBAL] entry cutoff reached at 15:20:00 IST; EOD flatten in progress
2026-03-13 15:20:00,369 | INFO    | Cancelled order 260313171093953 (attempt 1)
2026-03-13 15:20:00,453 | INFO    | Cancelled order 260313171093958 (attempt 1)
2026-03-13 15:20:00,520 | INFO    | Cancelled order 260313171148102 (attempt 1)
2026-03-13 15:20:00,606 | INFO    | Cancelled order 260313171148106 (attempt 1)
2026-03-13 15:20:00,685 | INFO    | Cancelled order 260313170558414 (attempt 1)
2026-03-13 15:20:00,769 | INFO    | Cancelled order 260313170558418 (attempt 1)
2026-03-13 15:20:00,853 | INFO    | Cancelled order 260313171046714 (attempt 1)
2026-03-13 15:20:00,935 | INFO    | Cancelled order 260313171046719 (attempt 1)
2026-03-13 15:20:01,463 | INFO    | [LIVE] EOD forced close for SOUTHBANK
2026-03-13 15:20:01,463 | INFO    | [LIVE] EOD forced close for GODREJAGRO
2026-03-13 15:20:01,463 | INFO    | [LIVE] EOD forced close for USHAMART
2026-03-13 15:20:01,463 | INFO    | [LIVE] EOD forced close for GMRAIRPORT
2026-03-13 15:20:01,539 | WARNING | Cancel attempt 1/3 for 260313171148102: Order cannot be cancelled as it is being processed. Try later.
2026-03-13 15:20:01,555 | WARNING | Cancel attempt 1/3 for 260313170558414: Order cannot be cancelled as it is being processed. Try later.
2026-03-13 15:20:01,571 | WARNING | Cancel attempt 1/3 for 260313171093953: Order cannot be cancelled as it is being processed. Try later.
2026-03-13 15:20:01,587 | WARNING | Cancel attempt 1/3 for 260313171046714: Order cannot be cancelled as it is being processed. Try later.
2026-03-13 15:20:03,633 | WARNING | Cancel attempt 2/3 for 260313171148102: Order cannot be cancelled as it is being processed. Try later.
2026-03-13 15:20:03,633 | WARNING | Cancel attempt 2/3 for 260313170558414: Order cannot be cancelled as it is being processed. Try later.
2026-03-13 15:20:03,665 | WARNING | Cancel attempt 2/3 for 260313171093953: Order cannot be cancelled as it is being processed. Try later.
2026-03-13 15:20:03,665 | WARNING | Cancel attempt 2/3 for 260313171046714: Order cannot be cancelled as it is being processed. Try later.
2026-03-13 15:20:05,717 | WARNING | Cancel attempt 3/3 for 260313171148102: Order cannot be cancelled as it is being processed. Try later.
2026-03-13 15:20:05,717 | ERROR   | FAILED to cancel order 260313171148102 after 3 attempts
2026-03-13 15:20:05,717 | WARNING | Cancel attempt 3/3 for 260313170558414: Order cannot be cancelled as it is being processed. Try later.
2026-03-13 15:20:05,717 | ERROR   | FAILED to cancel order 260313170558414 after 3 attempts
2026-03-13 15:20:05,750 | WARNING | Cancel attempt 3/3 for 260313171093953: Order cannot be cancelled as it is being processed. Try later.
2026-03-13 15:20:05,750 | ERROR   | FAILED to cancel order 260313171093953 after 3 attempts
2026-03-13 15:20:05,750 | WARNING | Cancel attempt 3/3 for 260313171046714: Order cannot be cancelled as it is being processed. Try later.
2026-03-13 15:20:05,750 | ERROR   | FAILED to cancel order 260313171046714 after 3 attempts
2026-03-13 15:20:05,784 | WARNING | Cancel attempt 1/3 for 260313171148106: Order cannot be cancelled as it is being processed. Try later.
2026-03-13 15:20:05,801 | WARNING | Cancel attempt 1/3 for 260313170558418: Order cannot be cancelled as it is being processed. Try later.
2026-03-13 15:20:05,818 | WARNING | Cancel attempt 1/3 for 260313171093958: Order cannot be cancelled as it is being processed. Try later.
2026-03-13 15:20:05,836 | WARNING | Cancel attempt 1/3 for 260313171046719: Order cannot be cancelled as it is being processed. Try later.
2026-03-13 15:20:06,067 | WARNING | Cancel attempt 1/3 for 260313171093953: Order cannot be cancelled as it is being processed. Try later.
2026-03-13 15:20:07,883 | WARNING | Cancel attempt 2/3 for 260313171148106: Order cannot be cancelled as it is being processed. Try later.
2026-03-13 15:20:07,885 | WARNING | Cancel attempt 2/3 for 260313170558418: Order cannot be cancelled as it is being processed. Try later.
2026-03-13 15:20:07,917 | WARNING | Cancel attempt 2/3 for 260313171093958: Order cannot be cancelled as it is being processed. Try later.
2026-03-13 15:20:07,918 | WARNING | Cancel attempt 2/3 for 260313171046719: Order cannot be cancelled as it is being processed. Try later.
2026-03-13 15:20:08,161 | WARNING | Cancel attempt 2/3 for 260313171093953: Order cannot be cancelled as it is being processed. Try later.
2026-03-13 15:20:09,962 | WARNING | Cancel attempt 3/3 for 260313170558418: Order cannot be cancelled as it is being processed. Try later.
2026-03-13 15:20:09,962 | ERROR   | FAILED to cancel order 260313170558418 after 3 attempts
2026-03-13 15:20:09,966 | WARNING | Cancel attempt 3/3 for 260313171148106: Order cannot be cancelled as it is being processed. Try later.
2026-03-13 15:20:09,966 | ERROR   | FAILED to cancel order 260313171148106 after 3 attempts
2026-03-13 15:20:09,992 | WARNING | Cancel attempt 3/3 for 260313171046719: Order cannot be cancelled as it is being processed. Try later.
2026-03-13 15:20:09,992 | ERROR   | FAILED to cancel order 260313171046719 after 3 attempts
2026-03-13 15:20:09,992 | WARNING | Cancel attempt 3/3 for 260313171093958: Order cannot be cancelled as it is being processed. Try later.
2026-03-13 15:20:09,992 | ERROR   | FAILED to cancel order 260313171093958 after 3 attempts
2026-03-13 15:20:10,023 | WARNING | [LIVE] Skipping EOD force-close for SOUTHBANK: broker_qty=0 (already flat/opposite).
2026-03-13 15:20:10,031 | WARNING | [LIVE] Skipping EOD force-close for GODREJAGRO: broker_qty=0 (already flat/opposite).
2026-03-13 15:20:10,039 | INFO    | [LIVE] RESULT SHORT SOUTHBANK | EOD_FLAT_NO_FORCE_CLOSE | Entry=38.14 Exit=38.14 | P&L: Rs.+0.00 (+0.00%) | Day total: Rs.-28.19
2026-03-13 15:20:10,055 | INFO    | [LIVE] RESULT SHORT GODREJAGRO | EOD_FLAT_NO_FORCE_CLOSE | Entry=571.1 Exit=571.1 | P&L: Rs.+0.00 (+0.00%) | Day total: Rs.-28.19
2026-03-13 15:20:10,055 | WARNING | [LIVE] Skipping EOD force-close for USHAMART: broker_qty=0 (already flat/opposite).
2026-03-13 15:20:10,055 | WARNING | [LIVE] Skipping EOD force-close for GMRAIRPORT: broker_qty=0 (already flat/opposite).
2026-03-13 15:20:10,085 | INFO    | [LIVE] RESULT SHORT USHAMART | EOD_FLAT_NO_FORCE_CLOSE | Entry=408.5 Exit=408.5 | P&L: Rs.+0.00 (+0.00%) | Day total: Rs.-28.19
2026-03-13 15:20:10,104 | INFO    | [LIVE] RESULT SHORT GMRAIRPORT | EOD_FLAT_NO_FORCE_CLOSE | Entry=89.57 Exit=89.57 | P&L: Rs.+0.00 (+0.00%) | Day total: Rs.-28.19
2026-03-13 15:20:10,236 | WARNING | Cancel attempt 3/3 for 260313171093953: Order cannot be cancelled as it is being processed. Try later.
2026-03-13 15:20:10,236 | ERROR   | FAILED to cancel order 260313171093953 after 3 attempts
2026-03-13 15:20:10,320 | WARNING | Cancel attempt 1/3 for 260313171093958: Order cannot be cancelled as it is being processed. Try later.
2026-03-13 15:20:12,393 | WARNING | Cancel attempt 2/3 for 260313171093958: Order cannot be cancelled as it is being processed. Try later.
2026-03-13 15:20:14,479 | WARNING | Cancel attempt 3/3 for 260313171093958: Order cannot be cancelled as it is being processed. Try later.
2026-03-13 15:20:14,479 | ERROR   | FAILED to cancel order 260313171093958 after 3 attempts
2026-03-13 15:20:14,559 | WARNING | Cancel attempt 1/3 for 260313171148102: Order cannot be cancelled as it is being processed. Try later.
2026-03-13 15:20:16,648 | WARNING | Cancel attempt 2/3 for 260313171148102: Order cannot be cancelled as it is being processed. Try later.
2026-03-13 15:20:18,728 | WARNING | Cancel attempt 3/3 for 260313171148102: Order cannot be cancelled as it is being processed. Try later.
2026-03-13 15:20:18,728 | ERROR   | FAILED to cancel order 260313171148102 after 3 attempts
2026-03-13 15:20:18,805 | WARNING | Cancel attempt 1/3 for 260313171148106: Order cannot be cancelled as it is being processed. Try later.
2026-03-13 15:20:20,895 | WARNING | Cancel attempt 2/3 for 260313171148106: Order cannot be cancelled as it is being processed. Try later.
2026-03-13 15:20:22,976 | WARNING | Cancel attempt 3/3 for 260313171148106: Order cannot be cancelled as it is being processed. Try later.
2026-03-13 15:20:22,976 | ERROR   | FAILED to cancel order 260313171148106 after 3 attempts
2026-03-13 15:20:23,055 | WARNING | Cancel attempt 1/3 for 260313170558414: Order cannot be cancelled as it is being processed. Try later.
2026-03-13 15:20:25,139 | WARNING | Cancel attempt 2/3 for 260313170558414: Order cannot be cancelled as it is being processed. Try later.
2026-03-13 15:20:27,226 | WARNING | Cancel attempt 3/3 for 260313170558414: Order cannot be cancelled as it is being processed. Try later.
2026-03-13 15:20:27,227 | ERROR   | FAILED to cancel order 260313170558414 after 3 attempts
2026-03-13 15:20:27,310 | WARNING | Cancel attempt 1/3 for 260313170558418: Order cannot be cancelled as it is being processed. Try later.
2026-03-13 15:20:29,384 | WARNING | Cancel attempt 2/3 for 260313170558418: Order cannot be cancelled as it is being processed. Try later.
2026-03-13 15:20:31,476 | WARNING | Cancel attempt 3/3 for 260313170558418: Order cannot be cancelled as it is being processed. Try later.
2026-03-13 15:20:31,476 | ERROR   | FAILED to cancel order 260313170558418 after 3 attempts
2026-03-13 15:20:31,554 | WARNING | Cancel attempt 1/3 for 260313171046714: Order cannot be cancelled as it is being processed. Try later.
2026-03-13 15:20:33,630 | WARNING | Cancel attempt 2/3 for 260313171046714: Order cannot be cancelled as it is being processed. Try later.
2026-03-13 15:20:35,711 | WARNING | Cancel attempt 3/3 for 260313171046714: Order cannot be cancelled as it is being processed. Try later.
2026-03-13 15:20:35,711 | ERROR   | FAILED to cancel order 260313171046714 after 3 attempts
2026-03-13 15:20:35,773 | WARNING | Cancel attempt 1/3 for 260313171046719: Order cannot be cancelled as it is being processed. Try later.
2026-03-13 15:20:37,854 | WARNING | Cancel attempt 2/3 for 260313171046719: Order cannot be cancelled as it is being processed. Try later.
2026-03-13 15:20:39,942 | WARNING | Cancel attempt 3/3 for 260313171046719: Order cannot be cancelled as it is being processed. Try later.
2026-03-13 15:20:39,942 | ERROR   | FAILED to cancel order 260313171046719 after 3 attempts
2026-03-13 15:30:00,750 | INFO    | Market closed. All trades complete.
2026-03-13 15:30:00,768 | INFO    | =======================================================
2026-03-13 15:30:00,768 | INFO    | DAILY LIVE TRADE SUMMARY
2026-03-13 15:30:00,768 | INFO    |   Total trades : 28
2026-03-13 15:30:00,768 | INFO    |   Wins         : 8
2026-03-13 15:30:00,768 | INFO    |   Losses       : 15
2026-03-13 15:30:00,768 | INFO    |   Win rate     : 28.6%
2026-03-13 15:30:00,768 | INFO    |   Total P&L    : Rs.-28.19
2026-03-13 15:30:00,768 | INFO    | =======================================================
2026-03-13 15:30:00,768 | INFO    | Live trade executor stopped.
