2026-03-11 09:05:03,968 | INFO    | =================================================================
2026-03-11 09:05:03,968 | INFO    | AVWAP Live Trade Executor V5 - PAPER_TRADE = FALSE
2026-03-11 09:05:03,968 | INFO    |   ***  REAL ORDERS WILL BE PLACED ON ZERODHA  ***
2026-03-11 09:05:03,968 | INFO    |   Mode              : LIVE TRADING
2026-03-11 09:05:03,968 | INFO    |   Max concurrent    : 0
2026-03-11 09:05:03,968 | INFO    |   Signal dir        : C:\Users\Saarit\OneDrive\Desktop\Trading\backtesting\eqidv2\backtesting\eqidv2\live_signals/
2026-03-11 09:05:03,968 | INFO    |   Entry cutoff at   : 15:20:00 IST
2026-03-11 09:05:03,968 | INFO    |   Forced close at   : 15:20:00 IST
2026-03-11 09:05:03,968 | INFO    |   Target policy     : SHORT=0.90% LONG=1.10% (rebased from signal entry)
2026-03-11 09:05:03,968 | INFO    |   Risk limits       : ENABLED (max_open=10, max_margin=Rs.500,000)
2026-03-11 09:05:03,968 | WARNING |   Quantity override : FORCE_ENTRY_QUANTITY=1 (all NEW entries)
2026-03-11 09:05:03,968 | INFO    | =================================================================
2026-03-11 09:05:03,968 | INFO    | Establishing Kite session...
2026-03-11 09:05:04,063 | WARNING | [KITE] Primary session setup failed (app1): Incorrect `api_key` or `access_token`.. Continuing with fallback apps.
2026-03-11 09:05:04,139 | INFO    | [KITE] Session ready: app2 | user=Saarit Shankar Sinha
2026-03-11 09:05:04,216 | INFO    | [KITE] Session ready: app3 | user=Saarit Shankar Sinha
2026-03-11 09:05:04,310 | INFO    | [KITE] Session ready: app4 | user=Saarit Shankar Sinha
2026-03-11 09:05:04,310 | INFO    | Kite primary session established: app2 | user=Saarit Shankar Sinha
2026-03-11 09:05:04,310 | INFO    | [KITE] Session pool active apps: 3
2026-03-11 09:05:04,679 | INFO    | [TICK] Loaded tick sizes for 9279 NSE symbols.
2026-03-11 09:05:04,679 | INFO    | Loaded 0 previously executed signals.
2026-03-11 09:05:04,679 | INFO    | Signal CSV sources: signals_2026-03-11_v7_sweep_short.csv, signals_2026-03-11_v7_sweep_long.csv
2026-03-11 09:05:04,679 | WARNING |   Trade worker cap   : DISABLED (unlimited concurrent workers)
2026-03-11 09:05:04,741 | INFO    | [RESTORE] signals_today=0 executed=0 closed_today=0 open_restored=0 stale_dropped=0 requeued_backlog=0 realized_trades=0 realized_total=Rs.+0.00 deployed_margin=Rs.0.00
2026-03-11 09:05:04,818 | INFO    | [SAFETY] Broker MIS positions match restored runtime state.
2026-03-11 09:05:04,820 | INFO    | Watchdog started - monitoring live_signals\signals_2026-03-11_v7_sweep_short.csv, live_signals\signals_2026-03-11_v7_sweep_long.csv
2026-03-11 10:34:29,450 | INFO    | Signal CSV changed - processing new signals from v7_sweep_short + v7_sweep_long...
2026-03-11 10:34:29,501 | INFO    | [LIVE] Starting trade LT-8bd103be-103429: BUY ORCHPHARMA qty=1 | SL=518.41 TGT=527.17
2026-03-11 10:34:29,513 | INFO    | [DISPATCH] Launched LIVE trade: LONG ORCHPHARMA @ 521.43 | reserved_margin=Rs.104.29 | ID=8bd103be4485
2026-03-11 10:34:29,525 | INFO    | Dispatched 1 new trade(s). Active trades: 1
2026-03-11 10:34:29,618 | INFO    | [LIVE] Entry order placed: BUY ORCHPHARMA ID=260311170494757
2026-03-11 10:34:29,721 | INFO    | [LIVE] Entry filled: ORCHPHARMA @ 522.5
2026-03-11 10:34:29,870 | INFO    | [LIVE] Exit legs placed for ORCHPHARMA: target_id=260311170494764 sl_id=260311170494772
2026-03-11 11:18:07,701 | INFO    | Signal CSV changed - processing new signals from v7_sweep_short + v7_sweep_long...
2026-03-11 11:18:07,715 | INFO    | [LIVE] Starting trade LT-d53b1a2f-111807: BUY IONEXCHANG qty=1 | SL=384.0 TGT=390.49
2026-03-11 11:18:07,729 | INFO    | [DISPATCH] Launched LIVE trade: LONG IONEXCHANG @ 386.24 | reserved_margin=Rs.77.25 | ID=d53b1a2f92f3
2026-03-11 11:18:07,737 | INFO    | Dispatched 1 new trade(s). Active trades: 2
2026-03-11 11:18:07,782 | INFO    | [LIVE] Entry order placed: BUY IONEXCHANG ID=260311170653378
2026-03-11 11:18:07,862 | INFO    | [LIVE] Entry filled: IONEXCHANG @ 386.65
2026-03-11 11:18:08,020 | INFO    | [LIVE] Exit legs placed for IONEXCHANG: target_id=260311170653388 sl_id=260311170653390
2026-03-11 11:18:14,148 | INFO    | [LIVE] SL TRIGGERED: IONEXCHANG @ 385.05 -> cancelling Target 260311170653388
2026-03-11 11:18:14,214 | INFO    | Cancelled order 260311170653388 (attempt 1)
2026-03-11 11:18:14,238 | INFO    | [LIVE] RESULT LONG IONEXCHANG | SL | Entry=386.65 Exit=385.05 | P&L: Rs.-1.60 (-0.41%) | Day total: Rs.-1.60
2026-03-11 12:01:43,341 | INFO    | Signal CSV changed - processing new signals from v7_sweep_short + v7_sweep_long...
2026-03-11 12:01:43,357 | INFO    | [LIVE] Starting trade LT-0086cef4-120143: SELL AEGISLOG qty=1 | SL=633.78 TGT=623.83
2026-03-11 12:01:43,371 | INFO    | [DISPATCH] Launched LIVE trade: SHORT AEGISLOG @ 629.5 | reserved_margin=Rs.125.90 | ID=0086cef47ecf
2026-03-11 12:01:43,382 | INFO    | Dispatched 1 new trade(s). Active trades: 2
2026-03-11 12:01:43,420 | INFO    | [LIVE] Entry order placed: SELL AEGISLOG ID=260311170804461
2026-03-11 12:01:43,512 | INFO    | [LIVE] Entry filled: AEGISLOG @ 629.1
2026-03-11 12:01:43,654 | INFO    | [LIVE] Exit legs placed for AEGISLOG: target_id=260311170804470 sl_id=260311170804475
2026-03-11 12:14:28,731 | INFO    | Signal CSV changed - processing new signals from v7_sweep_short + v7_sweep_long...
2026-03-11 12:14:28,731 | INFO    | [LIVE] Starting trade LT-d6da171d-121428: BUY GRAPHITE qty=1 | SL=654.65 TGT=665.71
2026-03-11 12:14:28,758 | INFO    | [DISPATCH] Launched LIVE trade: LONG GRAPHITE @ 658.47 | reserved_margin=Rs.131.69 | ID=d6da171dd10c
2026-03-11 12:14:28,763 | INFO    | Dispatched 1 new trade(s). Active trades: 3
2026-03-11 12:14:28,810 | INFO    | [LIVE] Entry order placed: BUY GRAPHITE ID=260311170842438
2026-03-11 12:14:28,904 | INFO    | [LIVE] Entry filled: GRAPHITE @ 658.95
2026-03-11 12:14:29,060 | INFO    | [LIVE] Exit legs placed for GRAPHITE: target_id=260311170842445 sl_id=260311170842447
2026-03-11 12:21:27,060 | INFO    | Signal CSV changed - processing new signals from v7_sweep_short + v7_sweep_long...
2026-03-11 12:21:27,083 | INFO    | [LIVE] Starting trade LT-a616b1fa-122127: BUY AWL qty=1 | SL=190.92 TGT=194.14
2026-03-11 12:21:27,092 | INFO    | [DISPATCH] Launched LIVE trade: LONG AWL @ 192.03 | reserved_margin=Rs.38.41 | ID=a616b1fa1d53
2026-03-11 12:21:27,108 | INFO    | Dispatched 1 new trade(s). Active trades: 4
2026-03-11 12:21:27,153 | INFO    | [LIVE] Entry order placed: BUY AWL ID=260311170857620
2026-03-11 12:21:27,256 | INFO    | [LIVE] Entry filled: AWL @ 192.19
2026-03-11 12:21:27,420 | INFO    | [LIVE] Exit legs placed for AWL: target_id=260311170857629 sl_id=260311170857631
2026-03-11 12:28:38,764 | INFO    | [LIVE] TARGET HIT: AWL @ 194.3 -> cancelling SL 260311170857631
2026-03-11 12:28:38,847 | INFO    | Cancelled order 260311170857631 (attempt 1)
2026-03-11 12:28:38,876 | INFO    | [LIVE] RESULT LONG AWL | TARGET | Entry=192.19 Exit=194.3 | P&L: Rs.+2.11 (+1.10%) | Day total: Rs.+0.51
2026-03-11 12:34:01,857 | INFO    | [LIVE] SL TRIGGERED: ORCHPHARMA @ 519.5 -> cancelling Target 260311170494764
2026-03-11 12:34:01,941 | INFO    | Cancelled order 260311170494764 (attempt 1)
2026-03-11 12:34:01,966 | INFO    | [LIVE] RESULT LONG ORCHPHARMA | SL | Entry=522.5 Exit=519.5 | P&L: Rs.-3.00 (-0.57%) | Day total: Rs.-2.49
2026-03-11 12:52:31,201 | INFO    | Signal CSV changed - processing new signals from v7_sweep_short + v7_sweep_long...
2026-03-11 12:52:31,213 | INFO    | [LIVE] Starting trade LT-619ed7d5-125231: BUY NEULANDLAB qty=1 | SL=12933.79 TGT=13152.34
2026-03-11 12:52:31,217 | INFO    | [DISPATCH] Launched LIVE trade: LONG NEULANDLAB @ 13009.24 | reserved_margin=Rs.2,601.85 | ID=619ed7d537c2
2026-03-11 12:52:31,233 | INFO    | Dispatched 1 new trade(s). Active trades: 3
2026-03-11 12:52:31,279 | INFO    | [LIVE] Entry order placed: BUY NEULANDLAB ID=260311170942505
2026-03-11 12:52:31,386 | INFO    | [LIVE] Entry filled: NEULANDLAB @ 13024.0
2026-03-11 12:52:31,544 | INFO    | [LIVE] Exit legs placed for NEULANDLAB: target_id=260311170942514 sl_id=260311170942516
2026-03-11 12:53:38,762 | INFO    | [LIVE] TARGET HIT: AEGISLOG @ 623.45 -> cancelling SL 260311170804475
2026-03-11 12:53:38,836 | INFO    | Cancelled order 260311170804475 (attempt 1)
2026-03-11 12:53:38,856 | INFO    | [LIVE] RESULT SHORT AEGISLOG | TARGET | Entry=629.1 Exit=623.45 | P&L: Rs.+5.65 (+0.90%) | Day total: Rs.+3.16
2026-03-11 13:00:47,810 | INFO    | Signal CSV changed - processing new signals from v7_sweep_short + v7_sweep_long...
2026-03-11 13:00:47,826 | INFO    | [LIVE] Starting trade LT-17765753-130047: SELL HDFCBANK qty=1 | SL=833.73 TGT=820.65
2026-03-11 13:00:47,842 | INFO    | [DISPATCH] Launched LIVE trade: SHORT HDFCBANK @ 828.1 | reserved_margin=Rs.165.62 | ID=177657533a0b
2026-03-11 13:00:47,842 | INFO    | Dispatched 1 new trade(s). Active trades: 3
2026-03-11 13:00:47,890 | INFO    | [LIVE] Entry order placed: SELL HDFCBANK ID=260311170961601
2026-03-11 13:00:47,984 | INFO    | [LIVE] Entry filled: HDFCBANK @ 828.1
2026-03-11 13:00:48,149 | INFO    | [LIVE] Exit legs placed for HDFCBANK: target_id=260311170961608 sl_id=260311170961613
2026-03-11 13:12:34,872 | INFO    | [LIVE] SL TRIGGERED: NEULANDLAB @ 12938.0 -> cancelling Target 260311170942514
2026-03-11 13:12:34,935 | INFO    | Cancelled order 260311170942514 (attempt 1)
2026-03-11 13:12:34,971 | INFO    | [LIVE] RESULT LONG NEULANDLAB | SL | Entry=13024.0 Exit=12938.0 | P&L: Rs.-86.00 (-0.66%) | Day total: Rs.-82.84
2026-03-11 13:14:09,420 | INFO    | [LIVE] SL TRIGGERED: GRAPHITE @ 655.05 -> cancelling Target 260311170842445
2026-03-11 13:14:09,481 | INFO    | Cancelled order 260311170842445 (attempt 1)
2026-03-11 13:14:09,513 | INFO    | [LIVE] RESULT LONG GRAPHITE | SL | Entry=658.95 Exit=655.05 | P&L: Rs.-3.90 (-0.59%) | Day total: Rs.-86.74
2026-03-11 13:43:11,599 | INFO    | [LIVE] SL TRIGGERED: HDFCBANK @ 833.8 -> cancelling Target 260311170961608
2026-03-11 13:43:11,654 | INFO    | Cancelled order 260311170961608 (attempt 1)
2026-03-11 13:43:11,670 | INFO    | [LIVE] RESULT SHORT HDFCBANK | SL | Entry=828.1 Exit=833.8 | P&L: Rs.-5.70 (-0.69%) | Day total: Rs.-92.44
2026-03-11 13:45:41,673 | INFO    | Signal CSV changed - processing new signals from v7_sweep_short + v7_sweep_long...
2026-03-11 13:45:41,695 | INFO    | [LIVE] Starting trade LT-98ec5879-134541: SELL GODREJCP qty=1 | SL=1102.75 TGT=1085.44
2026-03-11 13:45:41,707 | INFO    | [DISPATCH] Launched LIVE trade: SHORT GODREJCP @ 1095.3 | reserved_margin=Rs.219.06 | ID=98ec5879b4c7
2026-03-11 13:45:41,716 | INFO    | Dispatched 1 new trade(s). Active trades: 1
2026-03-11 13:45:41,765 | INFO    | [LIVE] Entry order placed: SELL GODREJCP ID=260311171102999
2026-03-11 13:45:41,857 | INFO    | [LIVE] Entry filled: GODREJCP @ 1095.3
2026-03-11 13:45:42,077 | INFO    | [LIVE] Exit legs placed for GODREJCP: target_id=260311171103005 sl_id=260311171103010
2026-03-11 13:55:06,718 | INFO    | Signal CSV changed - processing new signals from v7_sweep_short + v7_sweep_long...
2026-03-11 14:17:06,576 | INFO    | Signal CSV changed - processing new signals from v7_sweep_short + v7_sweep_long...
2026-03-11 14:17:06,595 | INFO    | [LIVE] Starting trade LT-b009bcc8-141706: SELL APLAPOLLO qty=1 | SL=2009.87 TGT=1978.33
2026-03-11 14:17:06,605 | INFO    | [DISPATCH] Launched LIVE trade: SHORT APLAPOLLO @ 1996.3 | reserved_margin=Rs.399.26 | ID=b009bcc86880
2026-03-11 14:17:06,606 | INFO    | Dispatched 1 new trade(s). Active trades: 2
2026-03-11 14:17:06,655 | INFO    | [LIVE] Entry order placed: SELL APLAPOLLO ID=260311171186586
2026-03-11 14:17:06,747 | INFO    | [LIVE] Entry filled: APLAPOLLO @ 1995.6
2026-03-11 14:17:06,888 | INFO    | [LIVE] Exit legs placed for APLAPOLLO: target_id=260311171186597 sl_id=260311171186603
2026-03-11 14:29:03,342 | INFO    | [LIVE] SL TRIGGERED: GODREJCP @ 1103.0 -> cancelling Target 260311171103005
2026-03-11 14:29:03,419 | INFO    | Cancelled order 260311171103005 (attempt 1)
2026-03-11 14:29:03,436 | INFO    | [LIVE] RESULT SHORT GODREJCP | SL | Entry=1095.3 Exit=1103.0 | P&L: Rs.-7.70 (-0.70%) | Day total: Rs.-100.14
2026-03-11 14:42:01,482 | INFO    | [LIVE] SL TRIGGERED: APLAPOLLO @ 2010.0 -> cancelling Target 260311171186597
2026-03-11 14:42:01,545 | INFO    | Cancelled order 260311171186597 (attempt 1)
2026-03-11 14:42:01,561 | INFO    | [LIVE] RESULT SHORT APLAPOLLO | SL | Entry=1995.6 Exit=2010.0 | P&L: Rs.-14.40 (-0.72%) | Day total: Rs.-114.54
2026-03-11 15:20:00,433 | WARNING | [EOD.GLOBAL] entry cutoff reached at 15:20:00 IST; EOD flatten in progress
2026-03-11 15:30:00,826 | INFO    | Market closed. All trades complete.
2026-03-11 15:30:00,836 | INFO    | =======================================================
2026-03-11 15:30:00,838 | INFO    | DAILY LIVE TRADE SUMMARY
2026-03-11 15:30:00,838 | INFO    |   Total trades : 9
2026-03-11 15:30:00,838 | INFO    |   Wins         : 2
2026-03-11 15:30:00,838 | INFO    |   Losses       : 7
2026-03-11 15:30:00,838 | INFO    |   Win rate     : 22.2%
2026-03-11 15:30:00,838 | INFO    |   Total P&L    : Rs.-114.54
2026-03-11 15:30:00,838 | INFO    | =======================================================
2026-03-11 15:30:00,838 | INFO    | Live trade executor stopped.
