[INFO] Running 11 scenarios | max_workers=8

=== Scenario 1/11: baseline ===
[SHORT] Tickers found: 1041
  [SHORT] scanned 100/1041 | trades=146
  [SHORT] scanned 200/1041 | trades=272
  [SHORT] scanned 300/1041 | trades=418
  [SHORT] scanned 400/1041 | trades=571
  [SHORT] scanned 500/1041 | trades=732
  [SHORT] scanned 600/1041 | trades=890
  [SHORT] scanned 700/1041 | trades=1028
  [SHORT] scanned 800/1041 | trades=1161
  [SHORT] scanned 900/1041 | trades=1286
  [SHORT] scanned 1000/1041 | trades=1434
[LONG] Tickers found: 1041
  [LONG] scanned 100/1041 | trades=70
  [LONG] scanned 200/1041 | trades=132
  [LONG] scanned 300/1041 | trades=205
  [LONG] scanned 400/1041 | trades=282
  [LONG] scanned 500/1041 | trades=346
  [LONG] scanned 600/1041 | trades=399
  [LONG] scanned 700/1041 | trades=453
  [LONG] scanned 800/1041 | trades=502
  [LONG] scanned 900/1041 | trades=555
  [LONG] scanned 1000/1041 | trades=619
[baseline] trades=1470 tpd=11.14 pf=3.631 dd=29.58 sum_pnl=2983.31 score=419.5684

=== Scenario 2/11: tight_stops_guard_m3 ===
[SHORT] Tickers found: 1041
  [SHORT] scanned 100/1041 | trades=146
  [SHORT] scanned 200/1041 | trades=272
  [SHORT] scanned 300/1041 | trades=418
  [SHORT] scanned 400/1041 | trades=570
  [SHORT] scanned 500/1041 | trades=732
  [SHORT] scanned 600/1041 | trades=890
  [SHORT] scanned 700/1041 | trades=1028
  [SHORT] scanned 800/1041 | trades=1161
  [SHORT] scanned 900/1041 | trades=1286
  [SHORT] scanned 1000/1041 | trades=1434
[LONG] Tickers found: 1041
  [LONG] scanned 100/1041 | trades=70
  [LONG] scanned 200/1041 | trades=133
  [LONG] scanned 300/1041 | trades=205
  [LONG] scanned 400/1041 | trades=282
  [LONG] scanned 500/1041 | trades=346
  [LONG] scanned 600/1041 | trades=399
  [LONG] scanned 700/1041 | trades=453
  [LONG] scanned 800/1041 | trades=502
  [LONG] scanned 900/1041 | trades=557
  [LONG] scanned 1000/1041 | trades=619
[tight_stops_guard_m3] trades=1470 tpd=11.14 pf=3.631 dd=29.58 sum_pnl=2983.31 score=419.5684

=== Scenario 3/11: freq_long_1 ===
[SHORT] Tickers found: 1041
  [SHORT] scanned 100/1041 | trades=146
  [SHORT] scanned 200/1041 | trades=272
  [SHORT] scanned 300/1041 | trades=418
  [SHORT] scanned 400/1041 | trades=571
  [SHORT] scanned 500/1041 | trades=732
  [SHORT] scanned 600/1041 | trades=894
  [SHORT] scanned 700/1041 | trades=1028
  [SHORT] scanned 800/1041 | trades=1161
  [SHORT] scanned 900/1041 | trades=1282
  [SHORT] scanned 1000/1041 | trades=1434
[LONG] Tickers found: 1041
  [LONG] scanned 100/1041 | trades=70
  [LONG] scanned 200/1041 | trades=133
  [LONG] scanned 300/1041 | trades=205
  [LONG] scanned 400/1041 | trades=282
  [LONG] scanned 500/1041 | trades=346
  [LONG] scanned 600/1041 | trades=399
  [LONG] scanned 700/1041 | trades=453
  [LONG] scanned 800/1041 | trades=502
  [LONG] scanned 900/1041 | trades=557
  [LONG] scanned 1000/1041 | trades=618
[freq_long_1] trades=1470 tpd=11.14 pf=3.631 dd=29.58 sum_pnl=2983.31 score=419.5684

=== Scenario 4/11: freq_long_2 ===
[SHORT] Tickers found: 1041
  [SHORT] scanned 100/1041 | trades=146
  [SHORT] scanned 200/1041 | trades=272
  [SHORT] scanned 300/1041 | trades=418
  [SHORT] scanned 400/1041 | trades=570
  [SHORT] scanned 500/1041 | trades=732
  [SHORT] scanned 600/1041 | trades=890
  [SHORT] scanned 700/1041 | trades=1028
  [SHORT] scanned 800/1041 | trades=1161
  [SHORT] scanned 900/1041 | trades=1286
  [SHORT] scanned 1000/1041 | trades=1434
[LONG] Tickers found: 1041
  [LONG] scanned 100/1041 | trades=70
  [LONG] scanned 200/1041 | trades=133
  [LONG] scanned 300/1041 | trades=206
  [LONG] scanned 400/1041 | trades=282
  [LONG] scanned 500/1041 | trades=346
  [LONG] scanned 600/1041 | trades=399
  [LONG] scanned 700/1041 | trades=453
  [LONG] scanned 800/1041 | trades=502
  [LONG] scanned 900/1041 | trades=557
  [LONG] scanned 1000/1041 | trades=619
[freq_long_2] trades=1470 tpd=11.14 pf=3.631 dd=29.58 sum_pnl=2983.31 score=419.5684

=== Scenario 5/11: freq_balanced_1 ===
[SHORT] Tickers found: 1041
  [SHORT] scanned 100/1041 | trades=146
  [SHORT] scanned 200/1041 | trades=272
  [SHORT] scanned 300/1041 | trades=418
  [SHORT] scanned 400/1041 | trades=570
  [SHORT] scanned 500/1041 | trades=729
  [SHORT] scanned 600/1041 | trades=890
  [SHORT] scanned 700/1041 | trades=1028
  [SHORT] scanned 800/1041 | trades=1161
  [SHORT] scanned 900/1041 | trades=1286
  [SHORT] scanned 1000/1041 | trades=1434
[LONG] Tickers found: 1041
  [LONG] scanned 100/1041 | trades=70
  [LONG] scanned 200/1041 | trades=133
  [LONG] scanned 300/1041 | trades=206
  [LONG] scanned 400/1041 | trades=282
  [LONG] scanned 500/1041 | trades=346
  [LONG] scanned 600/1041 | trades=399
  [LONG] scanned 700/1041 | trades=453
  [LONG] scanned 800/1041 | trades=502
  [LONG] scanned 900/1041 | trades=555
  [LONG] scanned 1000/1041 | trades=618
[freq_balanced_1] trades=1470 tpd=11.14 pf=3.623 dd=30.48 sum_pnl=2984.14 score=419.5591

=== Scenario 6/11: freq_balanced_2 ===
[SHORT] Tickers found: 1041
  [SHORT] scanned 100/1041 | trades=146
  [SHORT] scanned 200/1041 | trades=271
  [SHORT] scanned 300/1041 | trades=418
  [SHORT] scanned 400/1041 | trades=571
  [SHORT] scanned 500/1041 | trades=732
  [SHORT] scanned 600/1041 | trades=890
  [SHORT] scanned 700/1041 | trades=1024
  [SHORT] scanned 800/1041 | trades=1161
  [SHORT] scanned 900/1041 | trades=1286
  [SHORT] scanned 1000/1041 | trades=1434
[LONG] Tickers found: 1041
  [LONG] scanned 100/1041 | trades=70
  [LONG] scanned 200/1041 | trades=133
  [LONG] scanned 300/1041 | trades=205
  [LONG] scanned 400/1041 | trades=282
  [LONG] scanned 500/1041 | trades=346
  [LONG] scanned 600/1041 | trades=398
  [LONG] scanned 700/1041 | trades=453
  [LONG] scanned 800/1041 | trades=502
  [LONG] scanned 900/1041 | trades=556
  [LONG] scanned 1000/1041 | trades=618
[freq_balanced_2] trades=1470 tpd=11.14 pf=3.631 dd=29.58 sum_pnl=2983.90 score=419.6530

=== Scenario 7/11: quality_low_dd_1 ===
[SHORT] Tickers found: 1041
  [SHORT] scanned 100/1041 | trades=146
  [SHORT] scanned 200/1041 | trades=272
  [SHORT] scanned 300/1041 | trades=418
  [SHORT] scanned 400/1041 | trades=570
  [SHORT] scanned 500/1041 | trades=732
  [SHORT] scanned 600/1041 | trades=891
  [SHORT] scanned 700/1041 | trades=1028
  [SHORT] scanned 800/1041 | trades=1161
  [SHORT] scanned 900/1041 | trades=1286
  [SHORT] scanned 1000/1041 | trades=1435
[LONG] Tickers found: 1041
  [LONG] scanned 100/1041 | trades=70
  [LONG] scanned 200/1041 | trades=133
  [LONG] scanned 300/1041 | trades=205
  [LONG] scanned 400/1041 | trades=282
  [LONG] scanned 500/1041 | trades=346
  [LONG] scanned 600/1041 | trades=399
  [LONG] scanned 700/1041 | trades=453
  [LONG] scanned 800/1041 | trades=502
  [LONG] scanned 900/1041 | trades=555
  [LONG] scanned 1000/1041 | trades=618
[quality_low_dd_1] trades=1470 tpd=11.14 pf=3.714 dd=27.73 sum_pnl=3068.52 score=431.8246

=== Scenario 8/11: quality_low_dd_2 ===
[SHORT] Tickers found: 1041
  [SHORT] scanned 100/1041 | trades=148
  [SHORT] scanned 200/1041 | trades=272
  [SHORT] scanned 300/1041 | trades=418
  [SHORT] scanned 400/1041 | trades=570
  [SHORT] scanned 500/1041 | trades=732
  [SHORT] scanned 600/1041 | trades=890
  [SHORT] scanned 700/1041 | trades=1028
  [SHORT] scanned 800/1041 | trades=1161
  [SHORT] scanned 900/1041 | trades=1286
  [SHORT] scanned 1000/1041 | trades=1434
[LONG] Tickers found: 1041
  [LONG] scanned 100/1041 | trades=70
  [LONG] scanned 200/1041 | trades=133
  [LONG] scanned 300/1041 | trades=205
  [LONG] scanned 400/1041 | trades=282
  [LONG] scanned 500/1041 | trades=346
  [LONG] scanned 600/1041 | trades=399
  [LONG] scanned 700/1041 | trades=453
  [LONG] scanned 800/1041 | trades=502
  [LONG] scanned 900/1041 | trades=557
  [LONG] scanned 1000/1041 | trades=618
[quality_low_dd_2] trades=1470 tpd=11.14 pf=3.712 dd=29.88 sum_pnl=2909.36 score=409.2823

=== Scenario 9/11: long_bias_1 ===
[SHORT] Tickers found: 1041
  [SHORT] scanned 100/1041 | trades=146
  [SHORT] scanned 200/1041 | trades=272
  [SHORT] scanned 300/1041 | trades=419
  [SHORT] scanned 400/1041 | trades=570
  [SHORT] scanned 500/1041 | trades=731
  [SHORT] scanned 600/1041 | trades=890
  [SHORT] scanned 700/1041 | trades=1028
  [SHORT] scanned 800/1041 | trades=1161
  [SHORT] scanned 900/1041 | trades=1282
  [SHORT] scanned 1000/1041 | trades=1434
[LONG] Tickers found: 1041
  [LONG] scanned 100/1041 | trades=70
  [LONG] scanned 200/1041 | trades=133
  [LONG] scanned 300/1041 | trades=206
  [LONG] scanned 400/1041 | trades=282
  [LONG] scanned 500/1041 | trades=346
  [LONG] scanned 600/1041 | trades=399
  [LONG] scanned 700/1041 | trades=454
  [LONG] scanned 800/1041 | trades=502
  [LONG] scanned 900/1041 | trades=557
  [LONG] scanned 1000/1041 | trades=619
[long_bias_1] trades=1470 tpd=11.14 pf=3.652 dd=29.58 sum_pnl=2990.33 score=420.5787

=== Scenario 10/11: long_bias_2 ===
[SHORT] Tickers found: 1041
  [SHORT] scanned 100/1041 | trades=146
  [SHORT] scanned 200/1041 | trades=271
  [SHORT] scanned 300/1041 | trades=418
  [SHORT] scanned 400/1041 | trades=570
  [SHORT] scanned 500/1041 | trades=732
  [SHORT] scanned 600/1041 | trades=890
  [SHORT] scanned 700/1041 | trades=1028
  [SHORT] scanned 800/1041 | trades=1161
  [SHORT] scanned 900/1041 | trades=1286
  [SHORT] scanned 1000/1041 | trades=1434
[LONG] Tickers found: 1041
  [LONG] scanned 100/1041 | trades=44
  [LONG] scanned 200/1041 | trades=82
  [LONG] scanned 300/1041 | trades=117
  [LONG] scanned 400/1041 | trades=166
  [LONG] scanned 500/1041 | trades=207
  [LONG] scanned 600/1041 | trades=237
  [LONG] scanned 700/1041 | trades=264
  [LONG] scanned 800/1041 | trades=292
  [LONG] scanned 900/1041 | trades=327
  [LONG] scanned 1000/1041 | trades=363
[long_bias_2] trades=1247 tpd=9.52 pf=3.549 dd=29.58 sum_pnl=2433.18 score=342.4095

=== Scenario 11/11: short_bias_1 ===
[SHORT] Tickers found: 1041
  [SHORT] scanned 100/1041 | trades=146
  [SHORT] scanned 200/1041 | trades=272
  [SHORT] scanned 300/1041 | trades=418
  [SHORT] scanned 400/1041 | trades=570
  [SHORT] scanned 500/1041 | trades=732
  [SHORT] scanned 600/1041 | trades=890
  [SHORT] scanned 700/1041 | trades=1028
  [SHORT] scanned 800/1041 | trades=1161
  [SHORT] scanned 900/1041 | trades=1282
  [SHORT] scanned 1000/1041 | trades=1434
[LONG] Tickers found: 1041
  [LONG] scanned 100/1041 | trades=70
  [LONG] scanned 200/1041 | trades=133
  [LONG] scanned 300/1041 | trades=205
  [LONG] scanned 400/1041 | trades=282
  [LONG] scanned 500/1041 | trades=346
  [LONG] scanned 600/1041 | trades=399
  [LONG] scanned 700/1041 | trades=453
  [LONG] scanned 800/1041 | trades=502
  [LONG] scanned 900/1041 | trades=557
  [LONG] scanned 1000/1041 | trades=619
[short_bias_1] trades=1470 tpd=11.14 pf=3.458 dd=41.88 sum_pnl=2977.27 score=417.0237

[OK] Leaderboard saved: C:\Users\Saarit\OneDrive\Desktop\Trading\backtesting\eqidv2\backtesting\eqidv2\outputs\backend_v7_opt_full_20260306_204432\v7_sweep_walkforward_leaderboard.csv
[OK] Walk-forward folds saved: C:\Users\Saarit\OneDrive\Desktop\Trading\backtesting\eqidv2\backtesting\eqidv2\outputs\backend_v7_opt_full_20260306_204432\v7_sweep_walkforward_folds.csv
[OK] Summary saved: C:\Users\Saarit\OneDrive\Desktop\Trading\backtesting\eqidv2\backtesting\eqidv2\outputs\backend_v7_opt_full_20260306_204432\v7_sweep_walkforward_summary.json

Top scenarios (full-period objective):
            scenario      score  trades_per_day  short_trades_per_day  long_trades_per_day  sum_pnl_pct  profit_factor  max_drawdown_pct  daily_win_pct  short_sum_pnl_pct  long_sum_pnl_pct  notional_pnl_rs
    quality_low_dd_1 431.824616       11.136364              6.560606             4.575758  3068.524639       3.713723         27.730449      91.666667         811.010386       2257.514253     2.663019e+06
         long_bias_1 420.578738       11.136364              6.560606             4.575758  2990.332438       3.652040         29.579331      91.666667         773.364035       2216.968403     2.603650e+06
     freq_balanced_2 419.652987       11.136364              6.560606             4.575758  2983.904758       3.631339         29.579331      91.666667         773.464165       2210.440593     2.597173e+06
         freq_long_1 419.568398       11.136364              6.560606             4.575758  2983.305278       3.630810         29.579331      91.666667         773.364035       2209.941243     2.596623e+06
tight_stops_guard_m3 419.568398       11.136364              6.560606             4.575758  2983.305278       3.630810         29.579331      91.666667         773.364035       2209.941243     2.596623e+06
            baseline 419.568398       11.136364              6.560606             4.575758  2983.305278       3.630810         29.579331      91.666667         773.364035       2209.941243     2.596623e+06
         freq_long_2 419.568398       11.136364              6.560606             4.575758  2983.305278       3.630810         29.579331      91.666667         773.364035       2209.941243     2.596623e+06
     freq_balanced_1 419.559112       11.136364              6.560606             4.575758  2984.137368       3.622760         30.480502      90.909091         773.946450       2210.190918     2.597164e+06
        short_bias_1 417.023702       11.136364              6.560606             4.575758  2977.271085       3.457952         41.881507      90.909091         759.680716       2217.590369     2.597431e+06
    quality_low_dd_2 409.282331       11.136364              6.560606             4.575758  2909.363975       3.712403         29.881631      91.666667         731.484113       2177.879862     2.543622e+06

Walk-forward selected-test summary:
{
  "score": 257.6079528815048,
  "trades_per_day": 10.7625,
  "short_trades_per_day": 6.65,
  "long_trades_per_day": 4.1125,
  "sum_pnl_pct": 1816.612839805295,
  "profit_factor": 3.878771944358304,
  "max_drawdown_pct": 20.552580180703202,
  "daily_win_pct": 90.0,
  "short_sum_pnl_pct": 623.7655552607598,
  "long_sum_pnl_pct": 1192.847284544535,
  "notional_pnl_rs": 1504730.0621749149
}
